..........................F                                              [100%]
================================== FAILURES ===================================
___ test_semantic_extraction_failure_routes_to_brief_not_user_or_candidate ____

tmp_path = WindowsPath('E:/code for project/bimnet/.tmp/pytest-brief-public-red-20260910/test_semantic_extraction_failu0')

    def test_semantic_extraction_failure_routes_to_brief_not_user_or_candidate(tmp_path):
        from text2ifc_agent.issue_normalizers import normalize_validation_issues, normalize_gate_sidecars
        from tests.agent.test_semantic_scope_and_type_policy import _write
        issue = {'code': 'SEMANTIC_AUTHORITY_INCOMPLETE', 'path': '/known_facts/semantic_requirements',
                 'message': 'Extraction missing'}
        direct = normalize_validation_issues([issue], source='semantic_validation')
        _write(tmp_path/'gate-summary.json', {'overall_status': 'failed',
            'gates': [{'name': 'semantics', 'status': 'failed', 'issues': [issue]}]})
        for row in [*direct, *normalize_gate_sidecars(tmp_path)]:
>           assert row.owner == 'design_brief'
E           AssertionError: assert 'repair' == 'design_brief'
E             
E             - design_brief
E             + repair

tests\agent\test_semantic_authority_completeness.py:154: AssertionError
- generated xml file: E:\code for project\bimnet\.tmp\brief-public-red-20260910.xml -
=========================== short test summary info ===========================
FAILED tests/agent/test_semantic_authority_completeness.py::test_semantic_extraction_failure_routes_to_brief_not_user_or_candidate
1 failed, 26 passed in 3.43s
