FFFFFFFFF.F.....F                                                        [100%]
================================== FAILURES ===================================
_______ test_missing_authority_never_permits_cleanup[materials-missing] _______

layout = 'missing', field = 'materials'

    @pytest.mark.parametrize('layout', ['missing', 'notes', 'nested'])
    @pytest.mark.parametrize('field', ['materials', 'property_sets', 'appearance'])
    def test_missing_authority_never_permits_cleanup(layout, field):
        candidate, brief, expected, wall, *_ = fixture()
        known = {'notes': 'Use the explicitly requested values'} if layout == 'notes' else (
            {'design': {'policy': 'Preserve explicit semantic requirements'}} if layout == 'nested' else {})
        brief['known_facts'] = known
        wall[field] = {'materials': [{'kind': 'single_material', 'name': 'Requested'}],
                       'property_sets': {'Pset_WallCommon': {'FireRating': '60'}},
                       'appearance': {'color': [.1, .2, .3]}}[field]
        expected.pop('semantic_expectations')
        projected = project_semantic_requirements(brief)
>       assert not projected['valid']
E       assert not True

tests\agent\test_semantic_authority_completeness.py:33: AssertionError
________ test_missing_authority_never_permits_cleanup[materials-notes] ________

layout = 'notes', field = 'materials'

    @pytest.mark.parametrize('layout', ['missing', 'notes', 'nested'])
    @pytest.mark.parametrize('field', ['materials', 'property_sets', 'appearance'])
    def test_missing_authority_never_permits_cleanup(layout, field):
        candidate, brief, expected, wall, *_ = fixture()
        known = {'notes': 'Use the explicitly requested values'} if layout == 'notes' else (
            {'design': {'policy': 'Preserve explicit semantic requirements'}} if layout == 'nested' else {})
        brief['known_facts'] = known
        wall[field] = {'materials': [{'kind': 'single_material', 'name': 'Requested'}],
                       'property_sets': {'Pset_WallCommon': {'FireRating': '60'}},
                       'appearance': {'color': [.1, .2, .3]}}[field]
        expected.pop('semantic_expectations')
        projected = project_semantic_requirements(brief)
>       assert not projected['valid']
E       assert not True

tests\agent\test_semantic_authority_completeness.py:33: AssertionError
_______ test_missing_authority_never_permits_cleanup[materials-nested] ________

layout = 'nested', field = 'materials'

    @pytest.mark.parametrize('layout', ['missing', 'notes', 'nested'])
    @pytest.mark.parametrize('field', ['materials', 'property_sets', 'appearance'])
    def test_missing_authority_never_permits_cleanup(layout, field):
        candidate, brief, expected, wall, *_ = fixture()
        known = {'notes': 'Use the explicitly requested values'} if layout == 'notes' else (
            {'design': {'policy': 'Preserve explicit semantic requirements'}} if layout == 'nested' else {})
        brief['known_facts'] = known
        wall[field] = {'materials': [{'kind': 'single_material', 'name': 'Requested'}],
                       'property_sets': {'Pset_WallCommon': {'FireRating': '60'}},
                       'appearance': {'color': [.1, .2, .3]}}[field]
        expected.pop('semantic_expectations')
        projected = project_semantic_requirements(brief)
>       assert not projected['valid']
E       assert not True

tests\agent\test_semantic_authority_completeness.py:33: AssertionError
_____ test_missing_authority_never_permits_cleanup[property_sets-missing] _____

layout = 'missing', field = 'property_sets'

    @pytest.mark.parametrize('layout', ['missing', 'notes', 'nested'])
    @pytest.mark.parametrize('field', ['materials', 'property_sets', 'appearance'])
    def test_missing_authority_never_permits_cleanup(layout, field):
        candidate, brief, expected, wall, *_ = fixture()
        known = {'notes': 'Use the explicitly requested values'} if layout == 'notes' else (
            {'design': {'policy': 'Preserve explicit semantic requirements'}} if layout == 'nested' else {})
        brief['known_facts'] = known
        wall[field] = {'materials': [{'kind': 'single_material', 'name': 'Requested'}],
                       'property_sets': {'Pset_WallCommon': {'FireRating': '60'}},
                       'appearance': {'color': [.1, .2, .3]}}[field]
        expected.pop('semantic_expectations')
        projected = project_semantic_requirements(brief)
>       assert not projected['valid']
E       assert not True

tests\agent\test_semantic_authority_completeness.py:33: AssertionError
______ test_missing_authority_never_permits_cleanup[property_sets-notes] ______

layout = 'notes', field = 'property_sets'

    @pytest.mark.parametrize('layout', ['missing', 'notes', 'nested'])
    @pytest.mark.parametrize('field', ['materials', 'property_sets', 'appearance'])
    def test_missing_authority_never_permits_cleanup(layout, field):
        candidate, brief, expected, wall, *_ = fixture()
        known = {'notes': 'Use the explicitly requested values'} if layout == 'notes' else (
            {'design': {'policy': 'Preserve explicit semantic requirements'}} if layout == 'nested' else {})
        brief['known_facts'] = known
        wall[field] = {'materials': [{'kind': 'single_material', 'name': 'Requested'}],
                       'property_sets': {'Pset_WallCommon': {'FireRating': '60'}},
                       'appearance': {'color': [.1, .2, .3]}}[field]
        expected.pop('semantic_expectations')
        projected = project_semantic_requirements(brief)
>       assert not projected['valid']
E       assert not True

tests\agent\test_semantic_authority_completeness.py:33: AssertionError
_____ test_missing_authority_never_permits_cleanup[property_sets-nested] ______

layout = 'nested', field = 'property_sets'

    @pytest.mark.parametrize('layout', ['missing', 'notes', 'nested'])
    @pytest.mark.parametrize('field', ['materials', 'property_sets', 'appearance'])
    def test_missing_authority_never_permits_cleanup(layout, field):
        candidate, brief, expected, wall, *_ = fixture()
        known = {'notes': 'Use the explicitly requested values'} if layout == 'notes' else (
            {'design': {'policy': 'Preserve explicit semantic requirements'}} if layout == 'nested' else {})
        brief['known_facts'] = known
        wall[field] = {'materials': [{'kind': 'single_material', 'name': 'Requested'}],
                       'property_sets': {'Pset_WallCommon': {'FireRating': '60'}},
                       'appearance': {'color': [.1, .2, .3]}}[field]
        expected.pop('semantic_expectations')
        projected = project_semantic_requirements(brief)
>       assert not projected['valid']
E       assert not True

tests\agent\test_semantic_authority_completeness.py:33: AssertionError
______ test_missing_authority_never_permits_cleanup[appearance-missing] _______

layout = 'missing', field = 'appearance'

    @pytest.mark.parametrize('layout', ['missing', 'notes', 'nested'])
    @pytest.mark.parametrize('field', ['materials', 'property_sets', 'appearance'])
    def test_missing_authority_never_permits_cleanup(layout, field):
        candidate, brief, expected, wall, *_ = fixture()
        known = {'notes': 'Use the explicitly requested values'} if layout == 'notes' else (
            {'design': {'policy': 'Preserve explicit semantic requirements'}} if layout == 'nested' else {})
        brief['known_facts'] = known
        wall[field] = {'materials': [{'kind': 'single_material', 'name': 'Requested'}],
                       'property_sets': {'Pset_WallCommon': {'FireRating': '60'}},
                       'appearance': {'color': [.1, .2, .3]}}[field]
        expected.pop('semantic_expectations')
        projected = project_semantic_requirements(brief)
>       assert not projected['valid']
E       assert not True

tests\agent\test_semantic_authority_completeness.py:33: AssertionError
_______ test_missing_authority_never_permits_cleanup[appearance-notes] ________

layout = 'notes', field = 'appearance'

    @pytest.mark.parametrize('layout', ['missing', 'notes', 'nested'])
    @pytest.mark.parametrize('field', ['materials', 'property_sets', 'appearance'])
    def test_missing_authority_never_permits_cleanup(layout, field):
        candidate, brief, expected, wall, *_ = fixture()
        known = {'notes': 'Use the explicitly requested values'} if layout == 'notes' else (
            {'design': {'policy': 'Preserve explicit semantic requirements'}} if layout == 'nested' else {})
        brief['known_facts'] = known
        wall[field] = {'materials': [{'kind': 'single_material', 'name': 'Requested'}],
                       'property_sets': {'Pset_WallCommon': {'FireRating': '60'}},
                       'appearance': {'color': [.1, .2, .3]}}[field]
        expected.pop('semantic_expectations')
        projected = project_semantic_requirements(brief)
>       assert not projected['valid']
E       assert not True

tests\agent\test_semantic_authority_completeness.py:33: AssertionError
_______ test_missing_authority_never_permits_cleanup[appearance-nested] _______

layout = 'nested', field = 'appearance'

    @pytest.mark.parametrize('layout', ['missing', 'notes', 'nested'])
    @pytest.mark.parametrize('field', ['materials', 'property_sets', 'appearance'])
    def test_missing_authority_never_permits_cleanup(layout, field):
        candidate, brief, expected, wall, *_ = fixture()
        known = {'notes': 'Use the explicitly requested values'} if layout == 'notes' else (
            {'design': {'policy': 'Preserve explicit semantic requirements'}} if layout == 'nested' else {})
        brief['known_facts'] = known
        wall[field] = {'materials': [{'kind': 'single_material', 'name': 'Requested'}],
                       'property_sets': {'Pset_WallCommon': {'FireRating': '60'}},
                       'appearance': {'color': [.1, .2, .3]}}[field]
        expected.pop('semantic_expectations')
        projected = project_semantic_requirements(brief)
>       assert not projected['valid']
E       assert not True

tests\agent\test_semantic_authority_completeness.py:33: AssertionError
_ test_new_contract_refuses_partial_or_contradictory_declarations[missing_review] _

change = 'missing_review'

    @pytest.mark.parametrize('change', ['missing_review', 'missing_category', 'unresolved',
                                      'false_none', 'false_specified', 'outside_canonical'])
    def test_new_contract_refuses_partial_or_contradictory_declarations(change):
        brief = {'schema_version': 'text2ifc/design-brief/2.2', 'status': 'ready', 'known_facts': {
            'semantic_requirements': [{'entity_id': 'opaque-element', 'material': {
                'kind': 'single_material', 'name': 'Explicit material'}}],
            'semantic_review': review(material=True)}}
        known = brief['known_facts']
        if change == 'missing_review':
            known.pop('semantic_review')
        elif change == 'missing_category':
            known['semantic_review'].pop('property')
        elif change == 'unresolved':
            known['semantic_review']['property']['status'] = 'unresolved'
        elif change == 'false_none':
            known['semantic_review']['material']['status'] = 'not_specified'
        elif change == 'false_specified':
            known['semantic_review']['property']['status'] = 'specified'
        else:
            known['other'] = {'entity_id': 'other', 'property_sets': {'Pset_WallCommon': {'FireRating': '60'}}}
>       assert not project_semantic_requirements(brief)['valid']
E       assert not True

tests\agent\test_semantic_authority_completeness.py:68: AssertionError
__ test_new_contract_preserves_canonical_values_and_does_not_read_candidate ___

    def test_new_contract_preserves_canonical_values_and_does_not_read_candidate():
        _, brief, _, *_ = fixture()
        brief['schema_version'] = 'text2ifc/design-brief/2.2'
        brief['known_facts']['semantic_review'] = review(material=True, property=True)
        before = copy.deepcopy(brief)
        result = project_semantic_requirements(brief)
>       assert result['valid'], result
E       AssertionError: {'expectations': [{'entity_id': 'wall-1', 'kind': 'material', 'scope': 'effective', 'source_path': '/known_facts/seman...求缺少稳定构件身份，需澄清作用对象。', 'path': '/known_facts/semantic_review'}], 'schema_version': 'text2ifc/request-semantics/1.0', ...}
E       assert False

tests\agent\test_semantic_authority_completeness.py:77: AssertionError
- generated xml file: E:\code for project\bimnet\.tmp\semantic-authority-red-20260910.xml -
=========================== short test summary info ===========================
FAILED tests/agent/test_semantic_authority_completeness.py::test_missing_authority_never_permits_cleanup[materials-missing]
FAILED tests/agent/test_semantic_authority_completeness.py::test_missing_authority_never_permits_cleanup[materials-notes]
FAILED tests/agent/test_semantic_authority_completeness.py::test_missing_authority_never_permits_cleanup[materials-nested]
FAILED tests/agent/test_semantic_authority_completeness.py::test_missing_authority_never_permits_cleanup[property_sets-missing]
FAILED tests/agent/test_semantic_authority_completeness.py::test_missing_authority_never_permits_cleanup[property_sets-notes]
FAILED tests/agent/test_semantic_authority_completeness.py::test_missing_authority_never_permits_cleanup[property_sets-nested]
FAILED tests/agent/test_semantic_authority_completeness.py::test_missing_authority_never_permits_cleanup[appearance-missing]
FAILED tests/agent/test_semantic_authority_completeness.py::test_missing_authority_never_permits_cleanup[appearance-notes]
FAILED tests/agent/test_semantic_authority_completeness.py::test_missing_authority_never_permits_cleanup[appearance-nested]
FAILED tests/agent/test_semantic_authority_completeness.py::test_new_contract_refuses_partial_or_contradictory_declarations[missing_review]
FAILED tests/agent/test_semantic_authority_completeness.py::test_new_contract_preserves_canonical_values_and_does_not_read_candidate
11 failed, 6 passed in 1.69s
