audit-context-final-20260911 466
audit-context-green-20260911 262
audit-context-regression-20260911 4757
audit-context-tests-20260911 155
audit-token-pair-green 647
audit-token-pair-red 0
budget96-final 416
c-archive-after-retirement-20260911 1097
c-plan-public-tmp 0
c-plan-public2-tmp 0
c-plan-public3-tmp 115
c-plan-public4-tmp 345
design-review-followup-20260910 1252
design-review-green-20260910 408
enum-baseline-tmp 0
enum-green-tmp 41
enum-green2-tmp 0
enum-green3-tmp 39
enum-red-tmp 0
enum-regression-tmp 4143
geometry-contract-green02-20260909 1695
live-generation-final-20260908-01 2259
live-repair-first-failure-20260908-01 25
name-context-final-tmp 377
name-context-green-tmp 5
outline-public-red 15
outline-red 0
outline-runner 130
outline-stage 736
outline-stage-final 738
plan-conflict-red-tmp 0
plan-entry-tmp 1373
plan-final-tmp 433
plan-final2-tmp 433
plan-green-tmp 61
plan-public-green-tmp 368
plan-public-red-tmp 86
plan-red-tmp 0
plan-review-tmp 1011
plan-stage-tmp 709
pytest-ab-boundary-green-20260910 96
pytest-ab-fresh-green-20260910 280
pytest-ab-rerun-stage-public-chain-20260910 4130
pytest-ab-rerun-stage-reopened-ifc-20260910 59
pytest-ab-rerun-stage-seams-20260910 2419
pytest-appearance-projection-public-green-20260910 2552
pytest-appearance-projection-unit-final-20260910 10
pytest-appearance-projection-unit-green-20260910 8
pytest-appearance-provenance-red-20260910 2
pytest-appearance-retry-harness-green-20260910 309
pytest-appearance-retry-harness-red-20260910 0
pytest-audit-terminal-green-20260910 1104
pytest-audit-terminal-red-20260910 852
pytest-basic-filling-final 3
pytest-brief-compatibility-20260910 1466
pytest-brief-failure-bounds-20260910 236
pytest-brief-family-20260910 182
pytest-brief-interactive-20260910 174
pytest-brief-public-red-20260910 140
pytest-brief-repair-green-20260910 5
pytest-brief-repair-green2-20260910 5
pytest-brief-repair-green3-20260910 51
pytest-brief-repair-public-20260910 1362
pytest-brief-repair-red-20260910 0
pytest-brief-resume-20260910 297
pytest-brief-routing-20260910 140
pytest-c-entry-green 145
pytest-c-entry-red 0
pytest-c-integrated-green 145
pytest-c-integrated-red 0
pytest-c-integrated-regression 6377
pytest-c-wall-run-green 145
pytest-c-wall-run-red 0
pytest-failure-recovery-public-20260910 3974
pytest-material-source-green2-20260910 400
pytest-material-source-public-20260910 5138
pytest-material-source-red-20260910 30
pytest-missing-request-red-20260910 9
pytest-nonready-authority-scoped-20260910 1608
pytest-projection-retry-admission-20260910 3218
pytest-semantic-authority-green-20260910 1241
pytest-semantic-authority-stage-seams-20260910 3525
pytest-semantic-authority-stage2-public-chain-20260910 5584
pytest-semantic-authority-stage2-seams-20260910 3526
pytest-semantic-completion-cli-fixture-revalidation-20260910 436
pytest-semantic-completion-reopened-ifc-20260910 59
pytest-semantic-correction-boundary-red-20260910 30
pytest-semantic-correction-closeout-20260910 2740
pytest-semantic-correction-final-20260910 901
pytest-semantic-correction-green1-20260910 423
pytest-semantic-correction-inheritance-red-20260910 45
pytest-semantic-correction-public-regression-v2-20260910 2805
pytest-semantic-correction-public1-20260910 810
pytest-semantic-correction-public2-20260910 834
pytest-semantic-correction-regression1-20260910 547
pytest-semantic-correction-regression2-20260910 1393
pytest-semantic-new-contract-20260910 3484
pytest-space-opening-green 941
pytest-stability-t1-final 22
pytest-stability-t1-green-02 788
pytest-style-authority-fixhash-20260910 125
pytest-style-core-20260910 1424
pytest-style-public-loop-20260910 656
pytest-style-stage-public-chain-20260910 4445
pytest-style-stage-reopened-ifc-20260910 59
pytest-style-stage-seams-20260910 3278
pytest-type-policy-explicit-empty-20260910 106
pytest-typed-brief-green-20260910 238
pytest-typed-brief-green2-20260910 322
pytest-typed-brief-public-20260910 5954
pytest-typed-brief-red-20260910 0
pytest-typed-brief-seams-20260910 879
pytest-typed-brief-style-regression-20260910 449
pytest-v21-owned-final 17
pytest-wall-prompt-green 982
pytest-wall-public-paths 377
stability-t3-public 1145
{"directories": 117, "files": 112258, "bytes": 1271504493, "preserved": 232}
