branch-continuation-offline-20260910 352
branch-continuation-public-20260910 1582
c-archive-path-tests-20260911 1097
clarification-boundary-green-20260910 12
clarification-boundary-red-20260910 6
clarification-boundary-red-valid-20260910 12
clarification-boundary-regression-20260910 1903
courtyard-cleanup-baseline 353
courtyard-cleanup-regression 371
courtyard-recovery-red 76
courtyard-regression2 490
courtyard-role-green1 0
courtyard-role-green2 67
courtyard-role-red 0
courtyard-runner-20260912 43
courtyard-runner-v2-20260912 160
courtyard-scoped-20260912 4135
courtyard-turn-boundary-red 414
cross-storey-name-green-20260910 6
design-review-boundary-final-20260910 807
design-review-final-green-20260910 504
design-review-final-red-20260910 479
design-review-final-regression-20260910 2772
design-review-public-final-20260910 1770
design-review-red-20260910 504
design-review-red-specific-20260910 504
design-review-regression-20260910 2752
design-review-required-red-20260910 37
design-review-selection-green-20260910 858
design-review-selection-red-20260910 18
geometry-context-20260909 179
geometry-contract-red-20260909 22
live-attempt-green-20260908-01 110
live-attempt-red-20260908-01 0
live-beam-failure-20260908-01 3
live-clarify-resume-green-01 1092
live-clarify-resume-red-01 8
live-index-version-final-20260908-02 17
live-public-recheck-20260908-02 448
live-public-recheck-20260908-03 40
live-relation-public-20260908-01 16
live-repair-property-final-20260908-01 155
live-repair-public-family-20260908-01 40
live-repair-public-family-20260908-02 129
live-repl-compat-20260908-01 107
live-rotation-family-01 4
plan-enum-tmp 39
plan-final3-tmp 433
plan-trace-red-tmp 120
pytest-ab-boundary-final-20260910 546
pytest-ab-boundary-red-valid-20260910 66
pytest-ab-failure-public-red-20260910 106
pytest-ab-failure-regression-20260910 503
pytest-ab-fresh-red-20260910 0
pytest-ab-identity-regression-20260910 621
pytest-ab-public-final-20260910 2352
pytest-all-identities-green-01 1005
pytest-all-identities-green-02 1282
pytest-all-identities-red-01 76
pytest-all-identities-red-02 102
pytest-all-relation-metadata-red-01 10
pytest-all-relation-metadata-red-02 12
pytest-appearance-projection-red-20260910 1268
pytest-assessment-red 61
pytest-basic-filling-green-1 0
pytest-basic-filling-green-2 1
pytest-basic-filling-green-3 3
pytest-basic-filling-red 0
pytest-basic-filling-red-2 0
pytest-basic-filling-red-3 0
pytest-c-gates-final 2654
pytest-c-gates-green 205
pytest-c-gates-public 145
pytest-c-scope-final 78
pytest-courtyard-alpha-green 26
pytest-courtyard-alpha-red 8
pytest-courtyard-attachment-final 428
pytest-courtyard-continuation 348
pytest-courtyard-continuation-final 348
pytest-courtyard-public-final 353
pytest-courtyard-rel-canonical 204
pytest-courtyard-rel-first 18
pytest-courtyard-rel-public-red 300
pytest-courtyard-rel-red 0
pytest-courtyard-rel-valid-red 16
pytest-courtyard-scoped-green 79
pytest-evidence-collision-red-02 49
pytest-gate-routing-final 1372
pytest-gate-routing-green 1353
pytest-gate-routing-public02 234
pytest-gate-routing-red 166
pytest-gate-routing-red02 244
pytest-general-boundaries-green-01 1730
pytest-general-boundaries-green-02 179
pytest-general-boundaries-green-03 180
pytest-general-boundaries-red-01 135
pytest-general-public-final-01 2198
pytest-identities-inspect-01 76
pytest-metadata-inspect-01 9
pytest-opening-binding-boundary-red 17
pytest-opening-binding-green 14
pytest-opening-binding-red 14
pytest-opening-binding-regression 2767
pytest-pipeline-stability-inspection-01 489
pytest-relation-names-green-01 623
pytest-relation-names-red-01 2
pytest-semantic-binding-green-01 690
pytest-semantic-binding-red-01 49
pytest-semantic-correction-red-20260910 438
pytest-stability-t1-debug 22
pytest-stability-t1-green 4
pytest-stability-t1-red 22
pytest-style-authority-green-20260910 628
pytest-style-authority-red-20260910 312
pytest-three-storey-admission 1550
pytest-two-storey-contracts-02 61
pytest-two-storey-natural-input-01 787
pytest-v21-final 27
pytest-v21-green1 14
pytest-v21-green2 16
pytest-v21-legacy-red 1
pytest-v21-red 1
pytest-v21-regression 10
pytest-v21-type-red 0
pytest-wall-contract-final 181
pytest-wall-contract-green 156
repair-s1-green 35
repair-s1-red2 43
repair-s1-red3 43
repl-green-20260909 606
repl-repro-20260909 246
semantic-appearance-red 0
semantic-appearance-red2 0
semantic-color-public-green 181
semantic-color-red 0
semantic-default-color-red 1
semantic-design-contract-final 1134
semantic-design-contract-recheck 1205
semantic-design-downgrade-red 15
semantic-detailed-final-fixed 101
semantic-detailed-final-path 54
semantic-extra-red 1
semantic-final-material-scope 19
semantic-final-resume-scope 470
semantic-final-value-scope 71
semantic-frozen-final-recheck 891
semantic-integrated-next 234
semantic-new-clarification 1
semantic-public-paths-next 30
semantic-public-paths-progress 91
semantic-public-paths-red 74
semantic-public-scope 95
semantic-public-scope2 99
semantic-public-template-diagnose 21
semantic-public-templates 303
semantic-public-templates-fixed 411
semantic-repair-public-next 60
semantic-request-contract-red 22
semantic-s0-green 2
semantic-s0-red 0
semantic-s2-request-green 39
semantic-s2-request-red 34
semantic-s2-request-red2 34
semantic-shared-public 37
semantic-shared-style-fixed 44
semantic-staged-focused 18
semantic-staged-focused2 330
stability-t2-green 30
stability-t2-green-02 38
stability-t2-green-03 268
stability-t2-red 0
stability-t4-green 14
stability-t4-legacy-red 1
stability-t4-loop-green 602
stability-t4-loop-green-02 612
stability-t4-progress-red 29
stability-t4-public-02 227
stability-t4-public-03 1185
stability-t4-red 2
stability-t4-repeat-red 49
stability-t4-terminal-green 98
stability-t4-terminal-red 80
stability-t5-contracts 82
stability-t5-corrections 700
stability-t5-public 480
stability-t5-public-02 817
type-scope-green-20260910 35
type-scope-integration-20260910 91
type-scope-integration-green-20260910 256
type-scope-integration-red-final-20260910 104
type-scope-integration-red-valid-20260910 94
type-scope-public-regression-20260910 4199
type-scope-red-20260910 26
type-scope-red-valid-20260910 36
type-scope-regression-20260910 1622
unknown-usage-20260909 176
{"directories": 196, "files": 74138, "bytes": 1079053169, "preserved": 155}
