{"stage": "public-only-selection"}
{"stage": "public-resolve"}
Traceback (most recent call last):
  File "E:\code for project\bimnet\.tmp\repair-comparison-formal-expansion\next_ten_candidate_probe_020_mixed.py", line 395, in <module>
    result = run()
             ^^^^^
  File "E:\code for project\bimnet\.tmp\repair-comparison-formal-expansion\next_ten_candidate_probe_020_mixed.py", line 262, in run
    changeset = bind_repair_changeset(draft=draft, semantic_manifests=manifests,
                ^^^^^^^^^^^^^^^^^^^^^^^^^^^^^^^^^^^^^^^^^^^^^^^^^^^^^^^^^^^^^^^^
  File "E:\code for project\bimnet\src\text2ifc_ifc_repair\changesets.py", line 235, in bind_repair_changeset
    raise ValueError(f"BOUND_CHANGESET_INVALID:{bound_issues[0].path}")
ValueError: BOUND_CHANGESET_INVALID:/operations/1/semantic_assignments/0/source_kind
Traceback (most recent call last):
  File "E:\code for project\bimnet\.tmp\repair-comparison-formal-expansion\next_ten_candidate_probe_020_mixed.py", line 395, in <module>
    result = run()
             ^^^^^
  File "E:\code for project\bimnet\.tmp\repair-comparison-formal-expansion\next_ten_candidate_probe_020_mixed.py", line 262, in run
    changeset = bind_repair_changeset(draft=draft, semantic_manifests=manifests,
                ^^^^^^^^^^^^^^^^^^^^^^^^^^^^^^^^^^^^^^^^^^^^^^^^^^^^^^^^^^^^^^^^
  File "E:\code for project\bimnet\src\text2ifc_ifc_repair\changesets.py", line 235, in bind_repair_changeset
    raise ValueError(f"BOUND_CHANGESET_INVALID:{bound_issues[0].path}")
ValueError: BOUND_CHANGESET_INVALID:/operations/1/semantic_assignments/0/source_kind
