FFFFFFFFFFFFFFFFFFFFFFFFFFF....FFFF                                      [100%]
================================== FAILURES ===================================
_ test_non_executable_appearance_is_not_frozen_as_authority[value0-wall-opaque] _

identity = 'wall-opaque'
value = {'frame_color': 'dark', 'glazing_transparency': 'clear'}

    @pytest.mark.parametrize('identity', ['wall-opaque', 'window-opaque', 'door-opaque'])
    @pytest.mark.parametrize('value', [
        {'frame_color': 'dark', 'glazing_transparency': 'clear'},
        {'profile': 'warm-residential'}, {'color': 'warm white'},
        {'color': [.1, .2]}, {'color': [0, 1, 1.1]},
        {'transparency': 'transparent'}, {'transparency': None}, {}, [],
    ])
    def test_non_executable_appearance_is_not_frozen_as_authority(identity, value):
        brief = {'schema_version': 'text2ifc/design-brief/2.2', 'status': 'ready', 'known_facts': {
            'semantic_requirements': [{'entity_id': identity, 'appearance': value}],
            'semantic_review': review(appearance=True)}}
        before = copy.deepcopy(brief)
        result = project_semantic_requirements(brief)
>       assert not result['valid']
E       assert not True

tests\agent\test_brief_appearance_grammar.py:24: AssertionError
_ test_non_executable_appearance_is_not_frozen_as_authority[value0-window-opaque] _

identity = 'window-opaque'
value = {'frame_color': 'dark', 'glazing_transparency': 'clear'}

    @pytest.mark.parametrize('identity', ['wall-opaque', 'window-opaque', 'door-opaque'])
    @pytest.mark.parametrize('value', [
        {'frame_color': 'dark', 'glazing_transparency': 'clear'},
        {'profile': 'warm-residential'}, {'color': 'warm white'},
        {'color': [.1, .2]}, {'color': [0, 1, 1.1]},
        {'transparency': 'transparent'}, {'transparency': None}, {}, [],
    ])
    def test_non_executable_appearance_is_not_frozen_as_authority(identity, value):
        brief = {'schema_version': 'text2ifc/design-brief/2.2', 'status': 'ready', 'known_facts': {
            'semantic_requirements': [{'entity_id': identity, 'appearance': value}],
            'semantic_review': review(appearance=True)}}
        before = copy.deepcopy(brief)
        result = project_semantic_requirements(brief)
>       assert not result['valid']
E       assert not True

tests\agent\test_brief_appearance_grammar.py:24: AssertionError
_ test_non_executable_appearance_is_not_frozen_as_authority[value0-door-opaque] _

identity = 'door-opaque'
value = {'frame_color': 'dark', 'glazing_transparency': 'clear'}

    @pytest.mark.parametrize('identity', ['wall-opaque', 'window-opaque', 'door-opaque'])
    @pytest.mark.parametrize('value', [
        {'frame_color': 'dark', 'glazing_transparency': 'clear'},
        {'profile': 'warm-residential'}, {'color': 'warm white'},
        {'color': [.1, .2]}, {'color': [0, 1, 1.1]},
        {'transparency': 'transparent'}, {'transparency': None}, {}, [],
    ])
    def test_non_executable_appearance_is_not_frozen_as_authority(identity, value):
        brief = {'schema_version': 'text2ifc/design-brief/2.2', 'status': 'ready', 'known_facts': {
            'semantic_requirements': [{'entity_id': identity, 'appearance': value}],
            'semantic_review': review(appearance=True)}}
        before = copy.deepcopy(brief)
        result = project_semantic_requirements(brief)
>       assert not result['valid']
E       assert not True

tests\agent\test_brief_appearance_grammar.py:24: AssertionError
_ test_non_executable_appearance_is_not_frozen_as_authority[value1-wall-opaque] _

identity = 'wall-opaque', value = {'profile': 'warm-residential'}

    @pytest.mark.parametrize('identity', ['wall-opaque', 'window-opaque', 'door-opaque'])
    @pytest.mark.parametrize('value', [
        {'frame_color': 'dark', 'glazing_transparency': 'clear'},
        {'profile': 'warm-residential'}, {'color': 'warm white'},
        {'color': [.1, .2]}, {'color': [0, 1, 1.1]},
        {'transparency': 'transparent'}, {'transparency': None}, {}, [],
    ])
    def test_non_executable_appearance_is_not_frozen_as_authority(identity, value):
        brief = {'schema_version': 'text2ifc/design-brief/2.2', 'status': 'ready', 'known_facts': {
            'semantic_requirements': [{'entity_id': identity, 'appearance': value}],
            'semantic_review': review(appearance=True)}}
        before = copy.deepcopy(brief)
        result = project_semantic_requirements(brief)
>       assert not result['valid']
E       assert not True

tests\agent\test_brief_appearance_grammar.py:24: AssertionError
_ test_non_executable_appearance_is_not_frozen_as_authority[value1-window-opaque] _

identity = 'window-opaque', value = {'profile': 'warm-residential'}

    @pytest.mark.parametrize('identity', ['wall-opaque', 'window-opaque', 'door-opaque'])
    @pytest.mark.parametrize('value', [
        {'frame_color': 'dark', 'glazing_transparency': 'clear'},
        {'profile': 'warm-residential'}, {'color': 'warm white'},
        {'color': [.1, .2]}, {'color': [0, 1, 1.1]},
        {'transparency': 'transparent'}, {'transparency': None}, {}, [],
    ])
    def test_non_executable_appearance_is_not_frozen_as_authority(identity, value):
        brief = {'schema_version': 'text2ifc/design-brief/2.2', 'status': 'ready', 'known_facts': {
            'semantic_requirements': [{'entity_id': identity, 'appearance': value}],
            'semantic_review': review(appearance=True)}}
        before = copy.deepcopy(brief)
        result = project_semantic_requirements(brief)
>       assert not result['valid']
E       assert not True

tests\agent\test_brief_appearance_grammar.py:24: AssertionError
_ test_non_executable_appearance_is_not_frozen_as_authority[value1-door-opaque] _

identity = 'door-opaque', value = {'profile': 'warm-residential'}

    @pytest.mark.parametrize('identity', ['wall-opaque', 'window-opaque', 'door-opaque'])
    @pytest.mark.parametrize('value', [
        {'frame_color': 'dark', 'glazing_transparency': 'clear'},
        {'profile': 'warm-residential'}, {'color': 'warm white'},
        {'color': [.1, .2]}, {'color': [0, 1, 1.1]},
        {'transparency': 'transparent'}, {'transparency': None}, {}, [],
    ])
    def test_non_executable_appearance_is_not_frozen_as_authority(identity, value):
        brief = {'schema_version': 'text2ifc/design-brief/2.2', 'status': 'ready', 'known_facts': {
            'semantic_requirements': [{'entity_id': identity, 'appearance': value}],
            'semantic_review': review(appearance=True)}}
        before = copy.deepcopy(brief)
        result = project_semantic_requirements(brief)
>       assert not result['valid']
E       assert not True

tests\agent\test_brief_appearance_grammar.py:24: AssertionError
_ test_non_executable_appearance_is_not_frozen_as_authority[value2-wall-opaque] _

identity = 'wall-opaque', value = {'color': 'warm white'}

    @pytest.mark.parametrize('identity', ['wall-opaque', 'window-opaque', 'door-opaque'])
    @pytest.mark.parametrize('value', [
        {'frame_color': 'dark', 'glazing_transparency': 'clear'},
        {'profile': 'warm-residential'}, {'color': 'warm white'},
        {'color': [.1, .2]}, {'color': [0, 1, 1.1]},
        {'transparency': 'transparent'}, {'transparency': None}, {}, [],
    ])
    def test_non_executable_appearance_is_not_frozen_as_authority(identity, value):
        brief = {'schema_version': 'text2ifc/design-brief/2.2', 'status': 'ready', 'known_facts': {
            'semantic_requirements': [{'entity_id': identity, 'appearance': value}],
            'semantic_review': review(appearance=True)}}
        before = copy.deepcopy(brief)
        result = project_semantic_requirements(brief)
>       assert not result['valid']
E       assert not True

tests\agent\test_brief_appearance_grammar.py:24: AssertionError
_ test_non_executable_appearance_is_not_frozen_as_authority[value2-window-opaque] _

identity = 'window-opaque', value = {'color': 'warm white'}

    @pytest.mark.parametrize('identity', ['wall-opaque', 'window-opaque', 'door-opaque'])
    @pytest.mark.parametrize('value', [
        {'frame_color': 'dark', 'glazing_transparency': 'clear'},
        {'profile': 'warm-residential'}, {'color': 'warm white'},
        {'color': [.1, .2]}, {'color': [0, 1, 1.1]},
        {'transparency': 'transparent'}, {'transparency': None}, {}, [],
    ])
    def test_non_executable_appearance_is_not_frozen_as_authority(identity, value):
        brief = {'schema_version': 'text2ifc/design-brief/2.2', 'status': 'ready', 'known_facts': {
            'semantic_requirements': [{'entity_id': identity, 'appearance': value}],
            'semantic_review': review(appearance=True)}}
        before = copy.deepcopy(brief)
        result = project_semantic_requirements(brief)
>       assert not result['valid']
E       assert not True

tests\agent\test_brief_appearance_grammar.py:24: AssertionError
_ test_non_executable_appearance_is_not_frozen_as_authority[value2-door-opaque] _

identity = 'door-opaque', value = {'color': 'warm white'}

    @pytest.mark.parametrize('identity', ['wall-opaque', 'window-opaque', 'door-opaque'])
    @pytest.mark.parametrize('value', [
        {'frame_color': 'dark', 'glazing_transparency': 'clear'},
        {'profile': 'warm-residential'}, {'color': 'warm white'},
        {'color': [.1, .2]}, {'color': [0, 1, 1.1]},
        {'transparency': 'transparent'}, {'transparency': None}, {}, [],
    ])
    def test_non_executable_appearance_is_not_frozen_as_authority(identity, value):
        brief = {'schema_version': 'text2ifc/design-brief/2.2', 'status': 'ready', 'known_facts': {
            'semantic_requirements': [{'entity_id': identity, 'appearance': value}],
            'semantic_review': review(appearance=True)}}
        before = copy.deepcopy(brief)
        result = project_semantic_requirements(brief)
>       assert not result['valid']
E       assert not True

tests\agent\test_brief_appearance_grammar.py:24: AssertionError
_ test_non_executable_appearance_is_not_frozen_as_authority[value3-wall-opaque] _

identity = 'wall-opaque', value = {'color': [0.1, 0.2]}

    @pytest.mark.parametrize('identity', ['wall-opaque', 'window-opaque', 'door-opaque'])
    @pytest.mark.parametrize('value', [
        {'frame_color': 'dark', 'glazing_transparency': 'clear'},
        {'profile': 'warm-residential'}, {'color': 'warm white'},
        {'color': [.1, .2]}, {'color': [0, 1, 1.1]},
        {'transparency': 'transparent'}, {'transparency': None}, {}, [],
    ])
    def test_non_executable_appearance_is_not_frozen_as_authority(identity, value):
        brief = {'schema_version': 'text2ifc/design-brief/2.2', 'status': 'ready', 'known_facts': {
            'semantic_requirements': [{'entity_id': identity, 'appearance': value}],
            'semantic_review': review(appearance=True)}}
        before = copy.deepcopy(brief)
        result = project_semantic_requirements(brief)
>       assert not result['valid']
E       assert not True

tests\agent\test_brief_appearance_grammar.py:24: AssertionError
_ test_non_executable_appearance_is_not_frozen_as_authority[value3-window-opaque] _

identity = 'window-opaque', value = {'color': [0.1, 0.2]}

    @pytest.mark.parametrize('identity', ['wall-opaque', 'window-opaque', 'door-opaque'])
    @pytest.mark.parametrize('value', [
        {'frame_color': 'dark', 'glazing_transparency': 'clear'},
        {'profile': 'warm-residential'}, {'color': 'warm white'},
        {'color': [.1, .2]}, {'color': [0, 1, 1.1]},
        {'transparency': 'transparent'}, {'transparency': None}, {}, [],
    ])
    def test_non_executable_appearance_is_not_frozen_as_authority(identity, value):
        brief = {'schema_version': 'text2ifc/design-brief/2.2', 'status': 'ready', 'known_facts': {
            'semantic_requirements': [{'entity_id': identity, 'appearance': value}],
            'semantic_review': review(appearance=True)}}
        before = copy.deepcopy(brief)
        result = project_semantic_requirements(brief)
>       assert not result['valid']
E       assert not True

tests\agent\test_brief_appearance_grammar.py:24: AssertionError
_ test_non_executable_appearance_is_not_frozen_as_authority[value3-door-opaque] _

identity = 'door-opaque', value = {'color': [0.1, 0.2]}

    @pytest.mark.parametrize('identity', ['wall-opaque', 'window-opaque', 'door-opaque'])
    @pytest.mark.parametrize('value', [
        {'frame_color': 'dark', 'glazing_transparency': 'clear'},
        {'profile': 'warm-residential'}, {'color': 'warm white'},
        {'color': [.1, .2]}, {'color': [0, 1, 1.1]},
        {'transparency': 'transparent'}, {'transparency': None}, {}, [],
    ])
    def test_non_executable_appearance_is_not_frozen_as_authority(identity, value):
        brief = {'schema_version': 'text2ifc/design-brief/2.2', 'status': 'ready', 'known_facts': {
            'semantic_requirements': [{'entity_id': identity, 'appearance': value}],
            'semantic_review': review(appearance=True)}}
        before = copy.deepcopy(brief)
        result = project_semantic_requirements(brief)
>       assert not result['valid']
E       assert not True

tests\agent\test_brief_appearance_grammar.py:24: AssertionError
_ test_non_executable_appearance_is_not_frozen_as_authority[value4-wall-opaque] _

identity = 'wall-opaque', value = {'color': [0, 1, 1.1]}

    @pytest.mark.parametrize('identity', ['wall-opaque', 'window-opaque', 'door-opaque'])
    @pytest.mark.parametrize('value', [
        {'frame_color': 'dark', 'glazing_transparency': 'clear'},
        {'profile': 'warm-residential'}, {'color': 'warm white'},
        {'color': [.1, .2]}, {'color': [0, 1, 1.1]},
        {'transparency': 'transparent'}, {'transparency': None}, {}, [],
    ])
    def test_non_executable_appearance_is_not_frozen_as_authority(identity, value):
        brief = {'schema_version': 'text2ifc/design-brief/2.2', 'status': 'ready', 'known_facts': {
            'semantic_requirements': [{'entity_id': identity, 'appearance': value}],
            'semantic_review': review(appearance=True)}}
        before = copy.deepcopy(brief)
        result = project_semantic_requirements(brief)
>       assert not result['valid']
E       assert not True

tests\agent\test_brief_appearance_grammar.py:24: AssertionError
_ test_non_executable_appearance_is_not_frozen_as_authority[value4-window-opaque] _

identity = 'window-opaque', value = {'color': [0, 1, 1.1]}

    @pytest.mark.parametrize('identity', ['wall-opaque', 'window-opaque', 'door-opaque'])
    @pytest.mark.parametrize('value', [
        {'frame_color': 'dark', 'glazing_transparency': 'clear'},
        {'profile': 'warm-residential'}, {'color': 'warm white'},
        {'color': [.1, .2]}, {'color': [0, 1, 1.1]},
        {'transparency': 'transparent'}, {'transparency': None}, {}, [],
    ])
    def test_non_executable_appearance_is_not_frozen_as_authority(identity, value):
        brief = {'schema_version': 'text2ifc/design-brief/2.2', 'status': 'ready', 'known_facts': {
            'semantic_requirements': [{'entity_id': identity, 'appearance': value}],
            'semantic_review': review(appearance=True)}}
        before = copy.deepcopy(brief)
        result = project_semantic_requirements(brief)
>       assert not result['valid']
E       assert not True

tests\agent\test_brief_appearance_grammar.py:24: AssertionError
_ test_non_executable_appearance_is_not_frozen_as_authority[value4-door-opaque] _

identity = 'door-opaque', value = {'color': [0, 1, 1.1]}

    @pytest.mark.parametrize('identity', ['wall-opaque', 'window-opaque', 'door-opaque'])
    @pytest.mark.parametrize('value', [
        {'frame_color': 'dark', 'glazing_transparency': 'clear'},
        {'profile': 'warm-residential'}, {'color': 'warm white'},
        {'color': [.1, .2]}, {'color': [0, 1, 1.1]},
        {'transparency': 'transparent'}, {'transparency': None}, {}, [],
    ])
    def test_non_executable_appearance_is_not_frozen_as_authority(identity, value):
        brief = {'schema_version': 'text2ifc/design-brief/2.2', 'status': 'ready', 'known_facts': {
            'semantic_requirements': [{'entity_id': identity, 'appearance': value}],
            'semantic_review': review(appearance=True)}}
        before = copy.deepcopy(brief)
        result = project_semantic_requirements(brief)
>       assert not result['valid']
E       assert not True

tests\agent\test_brief_appearance_grammar.py:24: AssertionError
_ test_non_executable_appearance_is_not_frozen_as_authority[value5-wall-opaque] _

identity = 'wall-opaque', value = {'transparency': 'transparent'}

    @pytest.mark.parametrize('identity', ['wall-opaque', 'window-opaque', 'door-opaque'])
    @pytest.mark.parametrize('value', [
        {'frame_color': 'dark', 'glazing_transparency': 'clear'},
        {'profile': 'warm-residential'}, {'color': 'warm white'},
        {'color': [.1, .2]}, {'color': [0, 1, 1.1]},
        {'transparency': 'transparent'}, {'transparency': None}, {}, [],
    ])
    def test_non_executable_appearance_is_not_frozen_as_authority(identity, value):
        brief = {'schema_version': 'text2ifc/design-brief/2.2', 'status': 'ready', 'known_facts': {
            'semantic_requirements': [{'entity_id': identity, 'appearance': value}],
            'semantic_review': review(appearance=True)}}
        before = copy.deepcopy(brief)
        result = project_semantic_requirements(brief)
>       assert not result['valid']
E       assert not True

tests\agent\test_brief_appearance_grammar.py:24: AssertionError
_ test_non_executable_appearance_is_not_frozen_as_authority[value5-window-opaque] _

identity = 'window-opaque', value = {'transparency': 'transparent'}

    @pytest.mark.parametrize('identity', ['wall-opaque', 'window-opaque', 'door-opaque'])
    @pytest.mark.parametrize('value', [
        {'frame_color': 'dark', 'glazing_transparency': 'clear'},
        {'profile': 'warm-residential'}, {'color': 'warm white'},
        {'color': [.1, .2]}, {'color': [0, 1, 1.1]},
        {'transparency': 'transparent'}, {'transparency': None}, {}, [],
    ])
    def test_non_executable_appearance_is_not_frozen_as_authority(identity, value):
        brief = {'schema_version': 'text2ifc/design-brief/2.2', 'status': 'ready', 'known_facts': {
            'semantic_requirements': [{'entity_id': identity, 'appearance': value}],
            'semantic_review': review(appearance=True)}}
        before = copy.deepcopy(brief)
        result = project_semantic_requirements(brief)
>       assert not result['valid']
E       assert not True

tests\agent\test_brief_appearance_grammar.py:24: AssertionError
_ test_non_executable_appearance_is_not_frozen_as_authority[value5-door-opaque] _

identity = 'door-opaque', value = {'transparency': 'transparent'}

    @pytest.mark.parametrize('identity', ['wall-opaque', 'window-opaque', 'door-opaque'])
    @pytest.mark.parametrize('value', [
        {'frame_color': 'dark', 'glazing_transparency': 'clear'},
        {'profile': 'warm-residential'}, {'color': 'warm white'},
        {'color': [.1, .2]}, {'color': [0, 1, 1.1]},
        {'transparency': 'transparent'}, {'transparency': None}, {}, [],
    ])
    def test_non_executable_appearance_is_not_frozen_as_authority(identity, value):
        brief = {'schema_version': 'text2ifc/design-brief/2.2', 'status': 'ready', 'known_facts': {
            'semantic_requirements': [{'entity_id': identity, 'appearance': value}],
            'semantic_review': review(appearance=True)}}
        before = copy.deepcopy(brief)
        result = project_semantic_requirements(brief)
>       assert not result['valid']
E       assert not True

tests\agent\test_brief_appearance_grammar.py:24: AssertionError
_ test_non_executable_appearance_is_not_frozen_as_authority[value6-wall-opaque] _

identity = 'wall-opaque', value = {'transparency': None}

    @pytest.mark.parametrize('identity', ['wall-opaque', 'window-opaque', 'door-opaque'])
    @pytest.mark.parametrize('value', [
        {'frame_color': 'dark', 'glazing_transparency': 'clear'},
        {'profile': 'warm-residential'}, {'color': 'warm white'},
        {'color': [.1, .2]}, {'color': [0, 1, 1.1]},
        {'transparency': 'transparent'}, {'transparency': None}, {}, [],
    ])
    def test_non_executable_appearance_is_not_frozen_as_authority(identity, value):
        brief = {'schema_version': 'text2ifc/design-brief/2.2', 'status': 'ready', 'known_facts': {
            'semantic_requirements': [{'entity_id': identity, 'appearance': value}],
            'semantic_review': review(appearance=True)}}
        before = copy.deepcopy(brief)
        result = project_semantic_requirements(brief)
>       assert not result['valid']
E       assert not True

tests\agent\test_brief_appearance_grammar.py:24: AssertionError
_ test_non_executable_appearance_is_not_frozen_as_authority[value6-window-opaque] _

identity = 'window-opaque', value = {'transparency': None}

    @pytest.mark.parametrize('identity', ['wall-opaque', 'window-opaque', 'door-opaque'])
    @pytest.mark.parametrize('value', [
        {'frame_color': 'dark', 'glazing_transparency': 'clear'},
        {'profile': 'warm-residential'}, {'color': 'warm white'},
        {'color': [.1, .2]}, {'color': [0, 1, 1.1]},
        {'transparency': 'transparent'}, {'transparency': None}, {}, [],
    ])
    def test_non_executable_appearance_is_not_frozen_as_authority(identity, value):
        brief = {'schema_version': 'text2ifc/design-brief/2.2', 'status': 'ready', 'known_facts': {
            'semantic_requirements': [{'entity_id': identity, 'appearance': value}],
            'semantic_review': review(appearance=True)}}
        before = copy.deepcopy(brief)
        result = project_semantic_requirements(brief)
>       assert not result['valid']
E       assert not True

tests\agent\test_brief_appearance_grammar.py:24: AssertionError
_ test_non_executable_appearance_is_not_frozen_as_authority[value6-door-opaque] _

identity = 'door-opaque', value = {'transparency': None}

    @pytest.mark.parametrize('identity', ['wall-opaque', 'window-opaque', 'door-opaque'])
    @pytest.mark.parametrize('value', [
        {'frame_color': 'dark', 'glazing_transparency': 'clear'},
        {'profile': 'warm-residential'}, {'color': 'warm white'},
        {'color': [.1, .2]}, {'color': [0, 1, 1.1]},
        {'transparency': 'transparent'}, {'transparency': None}, {}, [],
    ])
    def test_non_executable_appearance_is_not_frozen_as_authority(identity, value):
        brief = {'schema_version': 'text2ifc/design-brief/2.2', 'status': 'ready', 'known_facts': {
            'semantic_requirements': [{'entity_id': identity, 'appearance': value}],
            'semantic_review': review(appearance=True)}}
        before = copy.deepcopy(brief)
        result = project_semantic_requirements(brief)
>       assert not result['valid']
E       assert not True

tests\agent\test_brief_appearance_grammar.py:24: AssertionError
_ test_non_executable_appearance_is_not_frozen_as_authority[value7-wall-opaque] _

identity = 'wall-opaque', value = {}

    @pytest.mark.parametrize('identity', ['wall-opaque', 'window-opaque', 'door-opaque'])
    @pytest.mark.parametrize('value', [
        {'frame_color': 'dark', 'glazing_transparency': 'clear'},
        {'profile': 'warm-residential'}, {'color': 'warm white'},
        {'color': [.1, .2]}, {'color': [0, 1, 1.1]},
        {'transparency': 'transparent'}, {'transparency': None}, {}, [],
    ])
    def test_non_executable_appearance_is_not_frozen_as_authority(identity, value):
        brief = {'schema_version': 'text2ifc/design-brief/2.2', 'status': 'ready', 'known_facts': {
            'semantic_requirements': [{'entity_id': identity, 'appearance': value}],
            'semantic_review': review(appearance=True)}}
        before = copy.deepcopy(brief)
        result = project_semantic_requirements(brief)
>       assert not result['valid']
E       assert not True

tests\agent\test_brief_appearance_grammar.py:24: AssertionError
_ test_non_executable_appearance_is_not_frozen_as_authority[value7-window-opaque] _

identity = 'window-opaque', value = {}

    @pytest.mark.parametrize('identity', ['wall-opaque', 'window-opaque', 'door-opaque'])
    @pytest.mark.parametrize('value', [
        {'frame_color': 'dark', 'glazing_transparency': 'clear'},
        {'profile': 'warm-residential'}, {'color': 'warm white'},
        {'color': [.1, .2]}, {'color': [0, 1, 1.1]},
        {'transparency': 'transparent'}, {'transparency': None}, {}, [],
    ])
    def test_non_executable_appearance_is_not_frozen_as_authority(identity, value):
        brief = {'schema_version': 'text2ifc/design-brief/2.2', 'status': 'ready', 'known_facts': {
            'semantic_requirements': [{'entity_id': identity, 'appearance': value}],
            'semantic_review': review(appearance=True)}}
        before = copy.deepcopy(brief)
        result = project_semantic_requirements(brief)
>       assert not result['valid']
E       assert not True

tests\agent\test_brief_appearance_grammar.py:24: AssertionError
_ test_non_executable_appearance_is_not_frozen_as_authority[value7-door-opaque] _

identity = 'door-opaque', value = {}

    @pytest.mark.parametrize('identity', ['wall-opaque', 'window-opaque', 'door-opaque'])
    @pytest.mark.parametrize('value', [
        {'frame_color': 'dark', 'glazing_transparency': 'clear'},
        {'profile': 'warm-residential'}, {'color': 'warm white'},
        {'color': [.1, .2]}, {'color': [0, 1, 1.1]},
        {'transparency': 'transparent'}, {'transparency': None}, {}, [],
    ])
    def test_non_executable_appearance_is_not_frozen_as_authority(identity, value):
        brief = {'schema_version': 'text2ifc/design-brief/2.2', 'status': 'ready', 'known_facts': {
            'semantic_requirements': [{'entity_id': identity, 'appearance': value}],
            'semantic_review': review(appearance=True)}}
        before = copy.deepcopy(brief)
        result = project_semantic_requirements(brief)
>       assert not result['valid']
E       assert not True

tests\agent\test_brief_appearance_grammar.py:24: AssertionError
_ test_non_executable_appearance_is_not_frozen_as_authority[value8-wall-opaque] _

identity = 'wall-opaque', value = []

    @pytest.mark.parametrize('identity', ['wall-opaque', 'window-opaque', 'door-opaque'])
    @pytest.mark.parametrize('value', [
        {'frame_color': 'dark', 'glazing_transparency': 'clear'},
        {'profile': 'warm-residential'}, {'color': 'warm white'},
        {'color': [.1, .2]}, {'color': [0, 1, 1.1]},
        {'transparency': 'transparent'}, {'transparency': None}, {}, [],
    ])
    def test_non_executable_appearance_is_not_frozen_as_authority(identity, value):
        brief = {'schema_version': 'text2ifc/design-brief/2.2', 'status': 'ready', 'known_facts': {
            'semantic_requirements': [{'entity_id': identity, 'appearance': value}],
            'semantic_review': review(appearance=True)}}
        before = copy.deepcopy(brief)
        result = project_semantic_requirements(brief)
>       assert not result['valid']
E       assert not True

tests\agent\test_brief_appearance_grammar.py:24: AssertionError
_ test_non_executable_appearance_is_not_frozen_as_authority[value8-window-opaque] _

identity = 'window-opaque', value = []

    @pytest.mark.parametrize('identity', ['wall-opaque', 'window-opaque', 'door-opaque'])
    @pytest.mark.parametrize('value', [
        {'frame_color': 'dark', 'glazing_transparency': 'clear'},
        {'profile': 'warm-residential'}, {'color': 'warm white'},
        {'color': [.1, .2]}, {'color': [0, 1, 1.1]},
        {'transparency': 'transparent'}, {'transparency': None}, {}, [],
    ])
    def test_non_executable_appearance_is_not_frozen_as_authority(identity, value):
        brief = {'schema_version': 'text2ifc/design-brief/2.2', 'status': 'ready', 'known_facts': {
            'semantic_requirements': [{'entity_id': identity, 'appearance': value}],
            'semantic_review': review(appearance=True)}}
        before = copy.deepcopy(brief)
        result = project_semantic_requirements(brief)
>       assert not result['valid']
E       assert not True

tests\agent\test_brief_appearance_grammar.py:24: AssertionError
_ test_non_executable_appearance_is_not_frozen_as_authority[value8-door-opaque] _

identity = 'door-opaque', value = []

    @pytest.mark.parametrize('identity', ['wall-opaque', 'window-opaque', 'door-opaque'])
    @pytest.mark.parametrize('value', [
        {'frame_color': 'dark', 'glazing_transparency': 'clear'},
        {'profile': 'warm-residential'}, {'color': 'warm white'},
        {'color': [.1, .2]}, {'color': [0, 1, 1.1]},
        {'transparency': 'transparent'}, {'transparency': None}, {}, [],
    ])
    def test_non_executable_appearance_is_not_frozen_as_authority(identity, value):
        brief = {'schema_version': 'text2ifc/design-brief/2.2', 'status': 'ready', 'known_facts': {
            'semantic_requirements': [{'entity_id': identity, 'appearance': value}],
            'semantic_review': review(appearance=True)}}
        before = copy.deepcopy(brief)
        result = project_semantic_requirements(brief)
>       assert not result['valid']
E       assert not True

tests\agent\test_brief_appearance_grammar.py:24: AssertionError
_ test_new_public_brief_contract_keeps_part_style_in_theme_notes[False-False] _

tmp_path = WindowsPath('E:/code for project/bimnet/.tmp/pytest-typed-brief-red-20260910/test_new_public_brief_contract0')
design_review = False, repair = False

    @pytest.mark.parametrize('design_review', [False, True])
    @pytest.mark.parametrize('repair', [False, True])
    def test_new_public_brief_contract_keeps_part_style_in_theme_notes(tmp_path, design_review, repair):
        from text2ifc_agent.live_pipeline import run_design_brief_stage
        from tests.agent.test_phase6_5_staged_generation import SequenceProvider
        case, brief = valid_brief()
        brief['schema_version'] = 'text2ifc/design-brief/2.3'
        brief['known_facts']['appearance'] = {'profile': 'warm-residential',
            'style_notes': 'Use the selected theme and basic template: dark frame, clear glazing.'}
        broken = copy.deepcopy(brief)
        if repair:
            broken['known_facts']['semantic_requirements'] = [
                {'entity_id': 'window-opaque', 'appearance': {'frame_color': 'dark'}}]
            broken['known_facts']['semantic_review'] = review(appearance=True)
        provider = SequenceProvider([broken, brief] if repair else [brief])
>       result = run_design_brief_stage(provider=provider, output_dir=tmp_path,
            case=case, design_review_enabled=design_review, design_brief_schema_version=brief['schema_version'])

tests\agent\test_brief_appearance_grammar.py:56: 
_ _ _ _ _ _ _ _ _ _ _ _ _ _ _ _ _ _ _ _ _ _ _ _ _ _ _ _ _ _ _ _ _ _ _ _ _ _ _ _

    def run_design_brief_stage(
        *,
        provider: Any,
        output_dir: Path | str,
        case: dict[str, Any],
        trace_level: str | None = "debug",
        design_brief_schema_version: str = 'text2ifc/design-brief/2.1',
        design_review_enabled: bool = False,
    ) -> dict[str, Any]:
        """Run one Design Brief v2 call and preserve all input/output evidence."""
        output = Path(output_dir)
        output.mkdir(parents=True, exist_ok=True)
        user_request = str(case["user_request"])
        conversation = list(case["conversation"])
        if design_brief_schema_version not in {'text2ifc/design-brief/2.0','text2ifc/design-brief/2.1','text2ifc/design-brief/2.2'}:
>           raise ValueError('Unsupported Design Brief stage contract.')
E           ValueError: Unsupported Design Brief stage contract.

src\text2ifc_agent\live_pipeline.py:158: ValueError
_ test_new_public_brief_contract_keeps_part_style_in_theme_notes[False-True] __

tmp_path = WindowsPath('E:/code for project/bimnet/.tmp/pytest-typed-brief-red-20260910/test_new_public_brief_contract1')
design_review = True, repair = False

    @pytest.mark.parametrize('design_review', [False, True])
    @pytest.mark.parametrize('repair', [False, True])
    def test_new_public_brief_contract_keeps_part_style_in_theme_notes(tmp_path, design_review, repair):
        from text2ifc_agent.live_pipeline import run_design_brief_stage
        from tests.agent.test_phase6_5_staged_generation import SequenceProvider
        case, brief = valid_brief()
        brief['schema_version'] = 'text2ifc/design-brief/2.3'
        brief['known_facts']['appearance'] = {'profile': 'warm-residential',
            'style_notes': 'Use the selected theme and basic template: dark frame, clear glazing.'}
        broken = copy.deepcopy(brief)
        if repair:
            broken['known_facts']['semantic_requirements'] = [
                {'entity_id': 'window-opaque', 'appearance': {'frame_color': 'dark'}}]
            broken['known_facts']['semantic_review'] = review(appearance=True)
        provider = SequenceProvider([broken, brief] if repair else [brief])
>       result = run_design_brief_stage(provider=provider, output_dir=tmp_path,
            case=case, design_review_enabled=design_review, design_brief_schema_version=brief['schema_version'])

tests\agent\test_brief_appearance_grammar.py:56: 
_ _ _ _ _ _ _ _ _ _ _ _ _ _ _ _ _ _ _ _ _ _ _ _ _ _ _ _ _ _ _ _ _ _ _ _ _ _ _ _

    def run_design_brief_stage(
        *,
        provider: Any,
        output_dir: Path | str,
        case: dict[str, Any],
        trace_level: str | None = "debug",
        design_brief_schema_version: str = 'text2ifc/design-brief/2.1',
        design_review_enabled: bool = False,
    ) -> dict[str, Any]:
        """Run one Design Brief v2 call and preserve all input/output evidence."""
        output = Path(output_dir)
        output.mkdir(parents=True, exist_ok=True)
        user_request = str(case["user_request"])
        conversation = list(case["conversation"])
        if design_brief_schema_version not in {'text2ifc/design-brief/2.0','text2ifc/design-brief/2.1','text2ifc/design-brief/2.2'}:
>           raise ValueError('Unsupported Design Brief stage contract.')
E           ValueError: Unsupported Design Brief stage contract.

src\text2ifc_agent\live_pipeline.py:158: ValueError
_ test_new_public_brief_contract_keeps_part_style_in_theme_notes[True-False] __

tmp_path = WindowsPath('E:/code for project/bimnet/.tmp/pytest-typed-brief-red-20260910/test_new_public_brief_contract2')
design_review = False, repair = True

    @pytest.mark.parametrize('design_review', [False, True])
    @pytest.mark.parametrize('repair', [False, True])
    def test_new_public_brief_contract_keeps_part_style_in_theme_notes(tmp_path, design_review, repair):
        from text2ifc_agent.live_pipeline import run_design_brief_stage
        from tests.agent.test_phase6_5_staged_generation import SequenceProvider
        case, brief = valid_brief()
        brief['schema_version'] = 'text2ifc/design-brief/2.3'
        brief['known_facts']['appearance'] = {'profile': 'warm-residential',
            'style_notes': 'Use the selected theme and basic template: dark frame, clear glazing.'}
        broken = copy.deepcopy(brief)
        if repair:
            broken['known_facts']['semantic_requirements'] = [
                {'entity_id': 'window-opaque', 'appearance': {'frame_color': 'dark'}}]
            broken['known_facts']['semantic_review'] = review(appearance=True)
        provider = SequenceProvider([broken, brief] if repair else [brief])
>       result = run_design_brief_stage(provider=provider, output_dir=tmp_path,
            case=case, design_review_enabled=design_review, design_brief_schema_version=brief['schema_version'])

tests\agent\test_brief_appearance_grammar.py:56: 
_ _ _ _ _ _ _ _ _ _ _ _ _ _ _ _ _ _ _ _ _ _ _ _ _ _ _ _ _ _ _ _ _ _ _ _ _ _ _ _

    def run_design_brief_stage(
        *,
        provider: Any,
        output_dir: Path | str,
        case: dict[str, Any],
        trace_level: str | None = "debug",
        design_brief_schema_version: str = 'text2ifc/design-brief/2.1',
        design_review_enabled: bool = False,
    ) -> dict[str, Any]:
        """Run one Design Brief v2 call and preserve all input/output evidence."""
        output = Path(output_dir)
        output.mkdir(parents=True, exist_ok=True)
        user_request = str(case["user_request"])
        conversation = list(case["conversation"])
        if design_brief_schema_version not in {'text2ifc/design-brief/2.0','text2ifc/design-brief/2.1','text2ifc/design-brief/2.2'}:
>           raise ValueError('Unsupported Design Brief stage contract.')
E           ValueError: Unsupported Design Brief stage contract.

src\text2ifc_agent\live_pipeline.py:158: ValueError
__ test_new_public_brief_contract_keeps_part_style_in_theme_notes[True-True] __

tmp_path = WindowsPath('E:/code for project/bimnet/.tmp/pytest-typed-brief-red-20260910/test_new_public_brief_contract3')
design_review = True, repair = True

    @pytest.mark.parametrize('design_review', [False, True])
    @pytest.mark.parametrize('repair', [False, True])
    def test_new_public_brief_contract_keeps_part_style_in_theme_notes(tmp_path, design_review, repair):
        from text2ifc_agent.live_pipeline import run_design_brief_stage
        from tests.agent.test_phase6_5_staged_generation import SequenceProvider
        case, brief = valid_brief()
        brief['schema_version'] = 'text2ifc/design-brief/2.3'
        brief['known_facts']['appearance'] = {'profile': 'warm-residential',
            'style_notes': 'Use the selected theme and basic template: dark frame, clear glazing.'}
        broken = copy.deepcopy(brief)
        if repair:
            broken['known_facts']['semantic_requirements'] = [
                {'entity_id': 'window-opaque', 'appearance': {'frame_color': 'dark'}}]
            broken['known_facts']['semantic_review'] = review(appearance=True)
        provider = SequenceProvider([broken, brief] if repair else [brief])
>       result = run_design_brief_stage(provider=provider, output_dir=tmp_path,
            case=case, design_review_enabled=design_review, design_brief_schema_version=brief['schema_version'])

tests\agent\test_brief_appearance_grammar.py:56: 
_ _ _ _ _ _ _ _ _ _ _ _ _ _ _ _ _ _ _ _ _ _ _ _ _ _ _ _ _ _ _ _ _ _ _ _ _ _ _ _

    def run_design_brief_stage(
        *,
        provider: Any,
        output_dir: Path | str,
        case: dict[str, Any],
        trace_level: str | None = "debug",
        design_brief_schema_version: str = 'text2ifc/design-brief/2.1',
        design_review_enabled: bool = False,
    ) -> dict[str, Any]:
        """Run one Design Brief v2 call and preserve all input/output evidence."""
        output = Path(output_dir)
        output.mkdir(parents=True, exist_ok=True)
        user_request = str(case["user_request"])
        conversation = list(case["conversation"])
        if design_brief_schema_version not in {'text2ifc/design-brief/2.0','text2ifc/design-brief/2.1','text2ifc/design-brief/2.2'}:
>           raise ValueError('Unsupported Design Brief stage contract.')
E           ValueError: Unsupported Design Brief stage contract.

src\text2ifc_agent\live_pipeline.py:158: ValueError
- generated xml file: E:\code for project\bimnet\.tmp\typed-brief-red-20260910.xml -
=========================== short test summary info ===========================
FAILED tests/agent/test_brief_appearance_grammar.py::test_non_executable_appearance_is_not_frozen_as_authority[value0-wall-opaque]
FAILED tests/agent/test_brief_appearance_grammar.py::test_non_executable_appearance_is_not_frozen_as_authority[value0-window-opaque]
FAILED tests/agent/test_brief_appearance_grammar.py::test_non_executable_appearance_is_not_frozen_as_authority[value0-door-opaque]
FAILED tests/agent/test_brief_appearance_grammar.py::test_non_executable_appearance_is_not_frozen_as_authority[value1-wall-opaque]
FAILED tests/agent/test_brief_appearance_grammar.py::test_non_executable_appearance_is_not_frozen_as_authority[value1-window-opaque]
FAILED tests/agent/test_brief_appearance_grammar.py::test_non_executable_appearance_is_not_frozen_as_authority[value1-door-opaque]
FAILED tests/agent/test_brief_appearance_grammar.py::test_non_executable_appearance_is_not_frozen_as_authority[value2-wall-opaque]
FAILED tests/agent/test_brief_appearance_grammar.py::test_non_executable_appearance_is_not_frozen_as_authority[value2-window-opaque]
FAILED tests/agent/test_brief_appearance_grammar.py::test_non_executable_appearance_is_not_frozen_as_authority[value2-door-opaque]
FAILED tests/agent/test_brief_appearance_grammar.py::test_non_executable_appearance_is_not_frozen_as_authority[value3-wall-opaque]
FAILED tests/agent/test_brief_appearance_grammar.py::test_non_executable_appearance_is_not_frozen_as_authority[value3-window-opaque]
FAILED tests/agent/test_brief_appearance_grammar.py::test_non_executable_appearance_is_not_frozen_as_authority[value3-door-opaque]
FAILED tests/agent/test_brief_appearance_grammar.py::test_non_executable_appearance_is_not_frozen_as_authority[value4-wall-opaque]
FAILED tests/agent/test_brief_appearance_grammar.py::test_non_executable_appearance_is_not_frozen_as_authority[value4-window-opaque]
FAILED tests/agent/test_brief_appearance_grammar.py::test_non_executable_appearance_is_not_frozen_as_authority[value4-door-opaque]
FAILED tests/agent/test_brief_appearance_grammar.py::test_non_executable_appearance_is_not_frozen_as_authority[value5-wall-opaque]
FAILED tests/agent/test_brief_appearance_grammar.py::test_non_executable_appearance_is_not_frozen_as_authority[value5-window-opaque]
FAILED tests/agent/test_brief_appearance_grammar.py::test_non_executable_appearance_is_not_frozen_as_authority[value5-door-opaque]
FAILED tests/agent/test_brief_appearance_grammar.py::test_non_executable_appearance_is_not_frozen_as_authority[value6-wall-opaque]
FAILED tests/agent/test_brief_appearance_grammar.py::test_non_executable_appearance_is_not_frozen_as_authority[value6-window-opaque]
FAILED tests/agent/test_brief_appearance_grammar.py::test_non_executable_appearance_is_not_frozen_as_authority[value6-door-opaque]
FAILED tests/agent/test_brief_appearance_grammar.py::test_non_executable_appearance_is_not_frozen_as_authority[value7-wall-opaque]
FAILED tests/agent/test_brief_appearance_grammar.py::test_non_executable_appearance_is_not_frozen_as_authority[value7-window-opaque]
FAILED tests/agent/test_brief_appearance_grammar.py::test_non_executable_appearance_is_not_frozen_as_authority[value7-door-opaque]
FAILED tests/agent/test_brief_appearance_grammar.py::test_non_executable_appearance_is_not_frozen_as_authority[value8-wall-opaque]
FAILED tests/agent/test_brief_appearance_grammar.py::test_non_executable_appearance_is_not_frozen_as_authority[value8-window-opaque]
FAILED tests/agent/test_brief_appearance_grammar.py::test_non_executable_appearance_is_not_frozen_as_authority[value8-door-opaque]
FAILED tests/agent/test_brief_appearance_grammar.py::test_new_public_brief_contract_keeps_part_style_in_theme_notes[False-False]
FAILED tests/agent/test_brief_appearance_grammar.py::test_new_public_brief_contract_keeps_part_style_in_theme_notes[False-True]
FAILED tests/agent/test_brief_appearance_grammar.py::test_new_public_brief_contract_keeps_part_style_in_theme_notes[True-False]
FAILED tests/agent/test_brief_appearance_grammar.py::test_new_public_brief_contract_keeps_part_style_in_theme_notes[True-True]
31 failed, 4 passed in 2.59s
