============================= test session starts =============================
platform win32 -- Python 3.12.4, pytest-8.4.2, pluggy-1.6.0 -- E:\code for project\bimnet-zcode\.venv\Scripts\python.exe
cachedir: .pytest_cache
rootdir: E:\code for project\bimnet-zcode
configfile: pyproject.toml
plugins: anyio-4.14.2
collecting ... collected 557 items

tests/ifc_repair/test_door_geometry_regression.py::test_mixed_regression_rejects_old_identity_placement_and_wall_storey PASSED [  0%]
tests/ifc_repair/test_door_geometry_regression.py::test_supplied_vvo_fault_reproduces_exact_800_by_160_mm_world_offset PASSED [  0%]
tests/ifc_repair/test_door_geometry_regression.py::test_frozen_supplied_candidate_is_not_publishable_under_strict_l1 PASSED [  0%]
tests/ifc_repair/test_door_geometry_regression.py::test_five_door_regression_rejects_old_geometrically_misaligned_repair PASSED [  0%]
tests/ifc_repair/test_door_geometry_regression.py::test_corrected_vvo_door_proofs_pass_strict_postconditions PASSED [  0%]
tests/ifc_repair/test_door_geometry_regression.py::test_vvo_fill_applicator_aligns_reused_type_and_uses_opening_storey PASSED [  1%]
tests/ifc_repair/test_door_geometry_regression.py::test_vvo_retained_opening_index_uses_opening_level_not_wall_base PASSED [  1%]
tests/ifc_repair/test_door_geometry_regression.py::test_opening_context_storey_fails_closed_without_wall_containment PASSED [  1%]
tests/ifc_repair/test_door_geometry_regression.py::test_opening_context_storey_fails_closed_on_conflicting_wall_containment PASSED [  1%]
tests/ifc_repair/test_door_geometry_regression.py::test_door_opening_measurement_is_invariant_to_rotated_host_wall PASSED [  1%]
tests/ifc_repair/test_door_geometry_regression.py::test_identity_compensation_and_180_degree_corner_conventions_are_equivalent PASSED [  1%]
tests/ifc_repair/test_door_geometry_regression.py::test_door_placement_recentres_when_wall_opening_depth_changes PASSED [  2%]
tests/ifc_repair/test_door_geometry_regression.py::test_supported_left_and_right_handed_types_both_pass_geometry_gate PASSED [  2%]
tests/ifc_repair/test_door_geometry_regression.py::test_surviving_mapped_door_styles_pass_selection_and_measurement[source0-2AJ6T3vZDDZRJL7l0pGl86-2AJ6T3vZDDZRJL7kCpGl86] PASSED [  2%]
tests/ifc_repair/test_door_geometry_regression.py::test_surviving_mapped_door_styles_pass_selection_and_measurement[source1-08DlcJHzb8WfJZDS4ZFHLL-08DlcJHzb8WfJZDT8ZFHLL] PASSED [  2%]
tests/ifc_repair/test_door_geometry_regression.py::test_mapped_door_style_still_rejects_a_materially_displaced_occurrence PASSED [  2%]
tests/ifc_repair/test_door_geometry_regression.py::test_public_production_boundary_has_no_original_or_mutation_inputs PASSED [  3%]
tests/ifc_repair/test_door_geometry_regression.py::test_authority_triplet_public_process_has_no_private_input_channel PASSED [  3%]
tests/ifc_repair/test_door_geometry_regression.py::test_authority_triplet_public_request_uses_only_geometry_selectors PASSED [  3%]
tests/ifc_repair/test_door_geometry_regression.py::test_door_geometry_measurement_failure_blocks_postcondition PASSED [  3%]
tests/ifc_repair/test_door_property_authorization.py::test_door_authorization_covers_all_door_semantic_roles PASSED [  3%]
tests/ifc_repair/test_door_property_authorization.py::test_door_authorization_covers_opening_scoped_quantities PASSED [  3%]
tests/ifc_repair/test_door_property_authorization.py::test_door_authorization_covers_indexed_multi_pset_variants PASSED [  4%]
tests/ifc_repair/test_door_property_authorization.py::test_door_relation_authorizations_declare_door_endpoints PASSED [  4%]
tests/ifc_repair/test_door_property_authorization.py::test_door_role_set_mirrors_structural_pattern PASSED [  4%]
tests/ifc_repair/test_door_property_authorization.py::test_fabricated_role_stays_unauthorized PASSED [  4%]
tests/ifc_repair/test_door_property_authorization.py::test_fill_door_authorization_also_carries_semantic_roles PASSED [  4%]
tests/ifc_repair/test_draft_authority_set_semantics.py::test_reordered_scope_target_ids_bind PASSED [  5%]
tests/ifc_repair/test_draft_authority_set_semantics.py::test_reordered_evidence_refs_bind PASSED [  5%]
tests/ifc_repair/test_draft_authority_set_semantics.py::test_reordered_operation_evidence_refs_bind PASSED [  5%]
tests/ifc_repair/test_draft_authority_set_semantics.py::test_reordered_forbidden_ids_bind PASSED [  5%]
tests/ifc_repair/test_draft_authority_set_semantics.py::test_identifier_drift_still_fails_closed[scope-extra-target-<lambda>-DRAFT_AUTHORITY_SCOPE_MISMATCH] PASSED [  5%]
tests/ifc_repair/test_draft_authority_set_semantics.py::test_identifier_drift_still_fails_closed[scope-missing-target-<lambda>-DRAFT_AUTHORITY_SCOPE_MISMATCH] PASSED [  5%]
tests/ifc_repair/test_draft_authority_set_semantics.py::test_identifier_drift_still_fails_closed[scope-duplicate-target-<lambda>-DRAFT_SCHEMA_VALIDATION_ERROR] PASSED [  6%]
tests/ifc_repair/test_draft_authority_set_semantics.py::test_identifier_drift_still_fails_closed[evidence-extra-ref-<lambda>-DRAFT_AUTHORITY_EVIDENCE_MISMATCH] PASSED [  6%]
tests/ifc_repair/test_draft_authority_set_semantics.py::test_identifier_drift_still_fails_closed[evidence-missing-ref-<lambda>-DRAFT_AUTHORITY_EVIDENCE_MISMATCH] PASSED [  6%]
tests/ifc_repair/test_draft_authority_set_semantics.py::test_identifier_drift_still_fails_closed[evidence-duplicate-ref-<lambda>-DRAFT_SCHEMA_VALIDATION_ERROR] PASSED [  6%]
tests/ifc_repair/test_generic_difference_report.py::test_generic_difference_report_discovers_replacements_without_tag_rules PASSED [  6%]
tests/ifc_repair/test_generic_difference_report.py::test_generic_difference_report_cli_writes_json PASSED [  7%]
tests/ifc_repair/test_mixed_manifest_binding.py::test_window_policy_facts_carry_canonical_source_kind PASSED [  7%]
tests/ifc_repair/test_mixed_manifest_binding.py::test_beam_plus_window_manifests_bind PASSED [  7%]
tests/ifc_repair/test_mixed_manifest_binding.py::test_column_plus_window_manifests_bind PASSED [  7%]
tests/ifc_repair/test_mixed_manifest_binding.py::test_three_family_mixed_manifests_bind PASSED [  7%]
tests/ifc_repair/test_mixed_manifest_binding.py::test_repeated_mixed_operations_bind PASSED [  7%]
tests/ifc_repair/test_mixed_manifest_binding.py::test_window_only_manifest_binds PASSED [  8%]
tests/ifc_repair/test_mixed_manifest_binding.py::test_beam_only_manifest_binds PASSED [  8%]
tests/ifc_repair/test_mixed_manifest_binding.py::test_column_only_manifest_binds PASSED [  8%]
tests/ifc_repair/test_mixed_manifest_binding.py::test_illegal_source_kind_still_fails_closed_under_0_4[totally_fabricated_kind] PASSED [  8%]
tests/ifc_repair/test_mixed_manifest_binding.py::test_illegal_source_kind_still_fails_closed_under_0_4[deterministic_policy] PASSED [  8%]
tests/ifc_repair/test_mixed_manifest_binding.py::test_illegal_source_kind_still_fails_closed_under_0_4[surviving_target] PASSED [  8%]
tests/ifc_repair/test_mixed_manifest_binding.py::test_mixed_binding_with_varied_window_geometry[900-1200-900-1000] PASSED [  9%]
tests/ifc_repair/test_mixed_manifest_binding.py::test_mixed_binding_with_varied_window_geometry[1800-2100-0-4500] PASSED [  9%]
tests/ifc_repair/test_mixed_manifest_binding.py::test_mixed_binding_with_varied_window_geometry[1200-1500-900-2000] PASSED [  9%]
tests/ifc_repair/test_occurrence_property_operation.py::test_default_registry_exposes_generic_occurrence_property_operation PASSED [  9%]
tests/ifc_repair/test_occurrence_property_operation.py::test_generic_operation_modifies_only_selected_supported_occurrence[IfcWall] PASSED [  9%]
tests/ifc_repair/test_occurrence_property_operation.py::test_generic_operation_modifies_only_selected_supported_occurrence[IfcWallStandardCase] PASSED [ 10%]
tests/ifc_repair/test_occurrence_property_operation.py::test_generic_operation_modifies_only_selected_supported_occurrence[IfcDoor] PASSED [ 10%]
tests/ifc_repair/test_occurrence_property_operation.py::test_generic_operation_modifies_only_selected_supported_occurrence[IfcWindow] PASSED [ 10%]
tests/ifc_repair/test_occurrence_property_operation.py::test_generic_operation_modifies_only_selected_supported_occurrence[IfcBeam] PASSED [ 10%]
tests/ifc_repair/test_occurrence_property_operation.py::test_generic_operation_modifies_only_selected_supported_occurrence[IfcColumn] PASSED [ 10%]
tests/ifc_repair/test_occurrence_property_operation.py::test_generic_operation_rejects_unsupported_target_class PASSED [ 10%]
tests/ifc_repair/test_occurrence_property_operation.py::test_bound_generic_operation_reopens_with_requested_property PASSED [ 11%]
tests/ifc_repair/test_occurrence_property_operation.py::test_occurrence_property_edit_copies_shared_property_before_mutation PASSED [ 11%]
tests/ifc_repair/test_operation_prompt_profiles.py::test_compact_catalog_omits_full_few_shot_bodies PASSED [ 11%]
tests/ifc_repair/test_operation_prompt_profiles.py::test_door_only_and_mixed_selection_are_bounded_stable_unions PASSED [ 11%]
tests/ifc_repair/test_operation_prompt_profiles.py::test_executable_registry_definitions_bind_matching_profiles PASSED [ 11%]
tests/ifc_repair/test_operation_prompt_profiles.py::test_hash_mismatch_and_operation_mismatch_fail_closed PASSED [ 12%]
tests/ifc_repair/test_operation_prompt_profiles.py::test_missing_unknown_and_empty_selection_fail_closed PASSED [ 12%]
tests/ifc_repair/test_phase10_large_building.py::test_large_building_damaged_ifc_plus_text_passes_production_and_private_l2 PASSED [ 12%]
tests/ifc_repair/test_phase12_live_uat.py::test_cli_accepts_the_frozen_deepseek_provider_key PASSED [ 12%]
tests/ifc_repair/test_phase12_live_uat.py::test_cli_preflight_only_uses_property_runtime_config_without_provider_config PASSED [ 12%]
tests/ifc_repair/test_phase12_live_uat.py::test_cli_rejects_every_non_deepseek_provider_before_configuration PASSED [ 12%]
tests/ifc_repair/test_phase12_live_uat.py::test_preflight_only_returns_before_transport_construction PASSED [ 13%]
tests/ifc_repair/test_phase12_live_uat.py::test_changed_scope_admission_validates_failed_source_and_all_resolutions PASSED [ 13%]
tests/ifc_repair/test_phase12_live_uat.py::test_changed_scope_admission_rejects_tampered_resolution_evidence PASSED [ 13%]
tests/ifc_repair/test_phase12_live_uat.py::test_live_runner_uses_changed_scope_admission_without_running_full_preflight PASSED [ 13%]
tests/ifc_repair/test_phase12_live_uat.py::test_production_preflight_opens_and_closes_ready_property_runtime PASSED [ 13%]
tests/ifc_repair/test_phase12_live_uat.py::test_fixed_live_requests_have_exact_public_structural_authority PASSED [ 14%]
tests/ifc_repair/test_phase12_live_uat.py::test_live_runner_uses_only_the_curated_public_damaged_d7n_input PASSED [ 14%]
tests/ifc_repair/test_phase12_live_uat.py::test_fixed_live_matrix_is_bound_to_an_independent_reviewed_digest PASSED [ 14%]
tests/ifc_repair/test_phase12_live_uat.py::test_fixed_live_matrix_covers_property_clarification_window_and_guard PASSED [ 14%]
tests/ifc_repair/test_phase12_live_uat.py::test_live_runner_cannot_claim_independent_proof_before_plan_12_14 PASSED [ 14%]
tests/ifc_repair/test_phase12_live_uat.py::test_complete_transport_drives_the_real_repair_api_and_reopens_ifc2x3 PASSED [ 14%]
tests/ifc_repair/test_phase12_live_uat.py::test_stage1_invalid_internal_id_retries_then_completes_public_full_chain PASSED [ 15%]
tests/ifc_repair/test_phase12_live_uat.py::test_complete_executor_reopens_against_its_explicit_frozen_source PASSED [ 15%]
tests/ifc_repair/test_phase12_live_uat.py::test_clarification_transport_drives_real_api_resume_and_publication PASSED [ 15%]
tests/ifc_repair/test_phase12_live_uat.py::test_prompt_identity_evidence_binds_each_few_shot_to_its_own_hash PASSED [ 15%]
tests/ifc_repair/test_phase12_live_uat.py::test_prompt_identity_keeps_sort_keys_example_hash_with_its_own_id PASSED [ 15%]
tests/ifc_repair/test_phase12_live_uat.py::test_stable_property_identity_resolves_against_current_offered_set PASSED [ 15%]
tests/ifc_repair/test_phase12_live_uat.py::test_stable_property_identity_fails_closed_when_not_currently_offered PASSED [ 16%]
tests/ifc_repair/test_phase12_live_uat.py::test_window_semantic_canary_drives_vector_stage15_stage2_and_reopen PASSED [ 16%]
tests/ifc_repair/test_phase12_live_uat.py::test_program_guard_transport_stops_real_api_before_stage2_or_mutation PASSED [ 16%]
tests/ifc_repair/test_phase12_live_uat.py::test_structural_normalizer_never_invents_an_optional_axis_reference PASSED [ 16%]
tests/ifc_repair/test_phase12_live_uat.py::test_registry_projects_structural_target_without_family_branching PASSED [ 16%]
tests/ifc_repair/test_phase12_live_uat.py::test_default_preflight_runner_applies_a_bounded_timeout PASSED [ 17%]
tests/ifc_repair/test_phase12_live_uat.py::test_default_preflight_runner_allows_the_real_full_suite_budget PASSED [ 17%]
tests/ifc_repair/test_phase12_live_uat.py::test_preflight_pytest_commands_use_run_local_temp_and_cache FAILED [ 17%]
tests/ifc_repair/test_phase12_live_uat.py::test_focused_preflight_timeout_allows_loaded_host PASSED [ 17%]
tests/ifc_repair/test_phase12_live_uat.py::test_preflight_timeout_has_a_distinct_blocking_reason_and_zero_transport PASSED [ 17%]
tests/ifc_repair/test_phase12_live_uat.py::test_strict_reopen_rejects_a_stale_source_hash PASSED [ 17%]
tests/ifc_repair/test_phase12_live_uat.py::test_strict_reopen_rejects_a_self_consistent_substitute_source PASSED [ 18%]
tests/ifc_repair/test_phase12_live_uat.py::test_each_failed_preflight_gate_blocks_transport[focused] PASSED [ 18%]
tests/ifc_repair/test_phase12_live_uat.py::test_each_failed_preflight_gate_blocks_transport[offline] PASSED [ 18%]
tests/ifc_repair/test_phase12_live_uat.py::test_each_failed_preflight_gate_blocks_transport[full-suite] PASSED [ 18%]
tests/ifc_repair/test_phase12_live_uat.py::test_each_failed_preflight_gate_blocks_transport[compile] PASSED [ 18%]
tests/ifc_repair/test_phase12_live_uat.py::test_each_failed_preflight_gate_blocks_transport[diff] PASSED [ 19%]
tests/ifc_repair/test_phase12_live_uat.py::test_each_failed_preflight_gate_blocks_transport[proof] PASSED [ 19%]
tests/ifc_repair/test_phase12_live_uat.py::test_caller_claimed_green_without_machine_artifact_is_rejected[offline] PASSED [ 19%]
tests/ifc_repair/test_phase12_live_uat.py::test_caller_claimed_green_without_machine_artifact_is_rejected[proof] PASSED [ 19%]
tests/ifc_repair/test_phase12_live_uat.py::test_injected_preflight_cannot_unlock_the_production_executor PASSED [ 19%]
tests/ifc_repair/test_phase12_live_uat.py::test_non_live_evidence_modes_are_blocking_and_never_touch_transport[synthetic] PASSED [ 19%]
tests/ifc_repair/test_phase12_live_uat.py::test_non_live_evidence_modes_are_blocking_and_never_touch_transport[cached] PASSED [ 20%]
tests/ifc_repair/test_phase12_live_uat.py::test_non_live_evidence_modes_are_blocking_and_never_touch_transport[prerecorded] PASSED [ 20%]
tests/ifc_repair/test_phase12_live_uat.py::test_non_live_evidence_modes_are_blocking_and_never_touch_transport[hand-authored] PASSED [ 20%]
tests/ifc_repair/test_phase12_live_uat.py::test_green_preflight_binds_commands_results_and_artifact_hashes PASSED [ 20%]
tests/ifc_repair/test_phase12_live_uat.py::test_green_full_preflight_evidence_reuse_recomputes_hashes_and_rejects_tamper PASSED [ 20%]
tests/ifc_repair/test_phase12_live_uat.py::test_green_full_preflight_can_validate_an_immutable_curated_artifact_snapshot PASSED [ 21%]
tests/ifc_repair/test_phase12_live_uat.py::test_preflight_rejects_missing_or_invalid_retrieval_evaluation[missing-PROPERTY_RETRIEVAL_EVALUATION_MISSING] PASSED [ 21%]
tests/ifc_repair/test_phase12_live_uat.py::test_preflight_rejects_missing_or_invalid_retrieval_evaluation[semantic_claim-PROPERTY_RETRIEVAL_EVALUATION_NOT_GREEN] PASSED [ 21%]
tests/ifc_repair/test_phase12_live_uat.py::test_preflight_rejects_missing_or_invalid_retrieval_evaluation[network-PROPERTY_RETRIEVAL_EVALUATION_NETWORK_NONZERO] PASSED [ 21%]
tests/ifc_repair/test_phase12_live_uat.py::test_preflight_rejects_skip_substitution_or_network_usage[skip-focused-PYTEST_SKIPS_PRESENT-skip_count] PASSED [ 21%]
tests/ifc_repair/test_phase12_live_uat.py::test_preflight_rejects_skip_substitution_or_network_usage[substitution-full-suite-PYTEST_SUBSTITUTIONS_PRESENT-substitution_count] PASSED [ 21%]
tests/ifc_repair/test_phase12_live_uat.py::test_preflight_rejects_skip_substitution_or_network_usage[network-offline-OFFLINE_PROVIDER_NETWORK_CALLS_NONZERO-network_calls] PASSED [ 22%]
tests/ifc_repair/test_phase12_live_uat.py::test_green_preflight_rejects_a_partial_or_substituted_live_matrix PASSED [ 22%]
tests/ifc_repair/test_phase12_live_uat.py::test_green_preflight_rejects_tampered_text_in_the_fixed_live_matrix PASSED [ 22%]
tests/ifc_repair/test_phase12_live_uat.py::test_paired_test_seams_are_explicitly_ineligible_as_live_acceptance PASSED [ 22%]
tests/ifc_repair/test_phase12_live_uat.py::test_production_runner_rejects_exact_transport_class_with_mimo_config PASSED [ 22%]
tests/ifc_repair/test_phase12_live_uat.py::test_production_runner_rejects_deepseek_labels_on_a_replay_endpoint PASSED [ 22%]
tests/ifc_repair/test_phase12_live_uat.py::test_production_runner_rejects_an_injected_client_on_the_official_endpoint PASSED [ 23%]
tests/ifc_repair/test_phase12_live_uat.py::test_non_genuine_or_private_transport_cannot_pass_as_live[cached-False] PASSED [ 23%]
tests/ifc_repair/test_phase12_live_uat.py::test_non_genuine_or_private_transport_cannot_pass_as_live[live-True] PASSED [ 23%]
tests/ifc_repair/test_phase12_live_uat.py::test_published_case_without_strict_reopen_evidence_cannot_pass PASSED [ 23%]
tests/ifc_repair/test_phase12_live_uat.py::test_clarification_success_requires_the_initial_grouped_stop PASSED [ 23%]
tests/ifc_repair/test_phase12_live_uat.py::test_live_matrix_accepts_current_property_add_detail_answer_mode PASSED [ 24%]
tests/ifc_repair/test_phase12_live_uat.py::test_program_guard_requires_the_frozen_capability_reason PASSED [ 24%]
tests/ifc_repair/test_phase12_live_uat.py::test_program_guard_requires_source_bound_zero_mutation_evidence[guard_evidence0] PASSED [ 24%]
tests/ifc_repair/test_phase12_live_uat.py::test_program_guard_requires_source_bound_zero_mutation_evidence[guard_evidence1] PASSED [ 24%]
tests/ifc_repair/test_phase12_live_uat.py::test_program_guard_requires_source_bound_zero_mutation_evidence[guard_evidence2] PASSED [ 24%]
tests/ifc_repair/test_phase12_live_uat.py::test_program_guard_requires_source_bound_zero_mutation_evidence[guard_evidence3] PASSED [ 24%]
tests/ifc_repair/test_phase12_live_uat.py::test_program_guard_requires_source_bound_zero_mutation_evidence[guard_evidence4] PASSED [ 25%]
tests/ifc_repair/test_phase12_live_uat.py::test_frozen_live_cases_have_exact_three_stage_lineage PASSED [ 25%]
tests/ifc_repair/test_phase12_live_uat.py::test_stage2_live_identity_accepts_exact_registered_zero_few_shot_profile PASSED [ 25%]
tests/ifc_repair/test_phase12_live_uat.py::test_live_curator_accepts_only_complete_and_resumed_success_transcripts PASSED [ 25%]
tests/ifc_repair/test_phase12_live_uat.py::test_live_curator_accepts_current_property_add_detail_answer_mode PASSED [ 25%]
tests/ifc_repair/test_phase12_live_uat.py::test_live_curator_does_not_authorize_by_legacy_parallel_array_position PASSED [ 26%]
tests/ifc_repair/test_phase12_live_uat.py::test_live_curator_rejects_each_single_transcript_defect[missing_provider-LIVE_ATTEMPT_PROVIDER_REQUIRED] PASSED [ 26%]
tests/ifc_repair/test_phase12_live_uat.py::test_live_curator_rejects_each_single_transcript_defect[missing_model-LIVE_ATTEMPT_MODEL_REQUIRED] PASSED [ 26%]
tests/ifc_repair/test_phase12_live_uat.py::test_live_curator_rejects_each_single_transcript_defect[missing_usage-LIVE_ATTEMPT_USAGE_REQUIRED] PASSED [ 26%]
tests/ifc_repair/test_phase12_live_uat.py::test_live_curator_rejects_each_single_transcript_defect[missing_raw_response-LIVE_ATTEMPT_RAW_RESPONSE_REQUIRED] PASSED [ 26%]
tests/ifc_repair/test_phase12_live_uat.py::test_live_curator_rejects_each_single_transcript_defect[redacted_hash_mismatch-LIVE_ATTEMPT_REDACTED_HASH_MISMATCH] PASSED [ 26%]
tests/ifc_repair/test_phase12_live_uat.py::test_live_curator_rejects_each_single_transcript_defect[missing_profile_hash-LIVE_ATTEMPT_PROFILE_HASH_REQUIRED] PASSED [ 27%]
tests/ifc_repair/test_phase12_live_uat.py::test_live_curator_rejects_each_single_transcript_defect[missing_template_id-LIVE_ATTEMPT_TEMPLATE_ID_REQUIRED] PASSED [ 27%]
tests/ifc_repair/test_phase12_live_uat.py::test_live_curator_rejects_each_single_transcript_defect[missing_template_hash-LIVE_ATTEMPT_TEMPLATE_HASH_REQUIRED] PASSED [ 27%]
tests/ifc_repair/test_phase12_live_uat.py::test_live_curator_rejects_each_single_transcript_defect[missing_few_shot_hash-LIVE_ATTEMPT_FEW_SHOT_HASH_REQUIRED] PASSED [ 27%]
tests/ifc_repair/test_phase12_live_uat.py::test_live_curator_rejects_each_single_transcript_defect[missing_profile_few_shot-LIVE_ATTEMPT_PROFILE_ROUTING_MISMATCH] PASSED [ 27%]
tests/ifc_repair/test_phase12_live_uat.py::test_live_curator_rejects_each_single_transcript_defect[fallback_true-LIVE_ATTEMPT_FALLBACK_FLAG] PASSED [ 28%]
tests/ifc_repair/test_phase12_live_uat.py::test_live_curator_rejects_each_single_transcript_defect[missing_response_id-LIVE_ATTEMPT_RESPONSE_ID_REQUIRED] PASSED [ 28%]
tests/ifc_repair/test_phase12_live_uat.py::test_live_curator_rejects_each_single_transcript_defect[wrong_profile-LIVE_ATTEMPT_PROFILE_ROUTING_MISMATCH] PASSED [ 28%]
tests/ifc_repair/test_phase12_live_uat.py::test_live_curator_rejects_each_single_transcript_defect[ordinal_mismatch-LIVE_ATTEMPT_ORDINAL_MISMATCH] PASSED [ 28%]
tests/ifc_repair/test_phase12_live_uat.py::test_live_curator_rejects_each_single_transcript_defect[broken_parent-LIVE_ATTEMPT_PARENT_MISMATCH] PASSED [ 28%]
tests/ifc_repair/test_phase12_live_uat.py::test_live_curator_rejects_each_single_transcript_defect[duplicate_attempt-LIVE_ATTEMPT_ID_MISMATCH] PASSED [ 28%]
tests/ifc_repair/test_phase12_live_uat.py::test_live_curator_rejects_each_single_transcript_defect[non_200-LIVE_ATTEMPT_TRANSPORT_INVALID] PASSED [ 29%]
tests/ifc_repair/test_phase12_live_uat.py::test_live_curator_rejects_each_single_transcript_defect[missing_correction_reason-LIVE_ATTEMPT_CORRECTION_REASON_REQUIRED] PASSED [ 29%]
tests/ifc_repair/test_phase12_live_uat.py::test_live_curator_rejects_each_single_transcript_defect[case_count_mismatch-LIVE_CASE_STAGE_COUNT_MISMATCH] PASSED [ 29%]
tests/ifc_repair/test_phase12_live_uat.py::test_live_curator_rejects_each_single_transcript_defect[aggregate_count_mismatch-LIVE_AGGREGATE_STAGE_COUNT_MISMATCH] PASSED [ 29%]
tests/ifc_repair/test_phase12_live_uat.py::test_live_curator_rejects_each_single_transcript_defect[provider_model_aggregate-LIVE_PROVIDER_MODEL_AGGREGATE_MISMATCH] PASSED [ 29%]
tests/ifc_repair/test_phase12_live_uat.py::test_live_curator_rejects_each_single_transcript_defect[usage_metadata_mismatch-LIVE_ATTEMPT_METADATA_INVALID] PASSED [ 29%]
tests/ifc_repair/test_phase12_live_uat.py::test_live_curator_rejects_each_single_transcript_defect[provider_identity-LIVE_ATTEMPT_PROVIDER_IDENTITY_INVALID] PASSED [ 30%]
tests/ifc_repair/test_phase12_live_uat.py::test_live_curator_rejects_each_single_transcript_defect[acceptance_self_claim-LIVE_PROOF_ACCEPTANCE_SELF_CLAIM] PASSED [ 30%]
tests/ifc_repair/test_phase12_live_uat.py::test_live_curator_rejects_each_single_transcript_defect[clarification_lineage-LIVE_CLARIFICATION_LINEAGE_INVALID] PASSED [ 30%]
tests/ifc_repair/test_phase12_live_uat.py::test_live_curator_rejects_each_single_transcript_defect[terminal_publication-LIVE_SUCCESS_TERMINAL_INVALID] PASSED [ 30%]
tests/ifc_repair/test_phase12_live_uat.py::test_live_curator_rejects_each_single_transcript_defect[synthetic_fallback-LIVE_SYNTHETIC_FALLBACK_NOT_FALSE] PASSED [ 30%]
tests/ifc_repair/test_phase12_live_uat.py::test_live_curator_binds_provider_responses_to_retained_runtime_artifacts[intent-LIVE_STAGE1_RESPONSE_ARTIFACT_MISMATCH] PASSED [ 31%]
tests/ifc_repair/test_phase12_live_uat.py::test_live_curator_binds_provider_responses_to_retained_runtime_artifacts[changeset-LIVE_STAGE2_RESPONSE_ARTIFACT_MISMATCH] PASSED [ 31%]
tests/ifc_repair/test_phase12_success_cases.py::test_live_curator_validates_the_production_runstore_transition_ledger PASSED [ 31%]
tests/ifc_repair/test_phase12_success_cases.py::test_valid_beam_column_public_proof_is_strictly_recomputed PASSED [ 31%]
tests/ifc_repair/test_phase12_success_cases.py::test_saved_success_cannot_mask_endpoint_error_beyond_five_mm PASSED [ 31%]
tests/ifc_repair/test_phase12_success_cases.py::test_saved_success_cannot_mask_second_type_relationship PASSED [ 31%]
tests/ifc_repair/test_phase12_success_cases.py::test_saved_success_cannot_mask_missing_structural_type PASSED [ 32%]
tests/ifc_repair/test_phase12_success_cases.py::test_saved_success_cannot_mask_partial_atomic_output PASSED [ 32%]
tests/ifc_repair/test_phase12_success_cases.py::test_saved_success_cannot_mask_requested_pset_semantic_defect PASSED [ 32%]
tests/ifc_repair/test_phase12_success_cases.py::test_saved_success_cannot_mask_generated_type_contract_defect PASSED [ 32%]
tests/ifc_repair/test_phase12_success_cases.py::test_missing_or_stale_proof_hash_is_a_specific_blocking_check[<lambda>-proof.hash.required] PASSED [ 32%]
tests/ifc_repair/test_phase12_success_cases.py::test_missing_or_stale_proof_hash_is_a_specific_blocking_check[<lambda>-proof.hash.sha256] PASSED [ 33%]
tests/ifc_repair/test_phase12_success_cases.py::test_indexed_structural_proof_artifact_cannot_be_missing PASSED [ 33%]
tests/ifc_repair/test_phase12_success_cases.py::test_rehashed_request_cannot_spoof_bound_structural_provenance PASSED [ 33%]
tests/ifc_repair/test_phase12_success_cases.py::test_rehashed_intent_cannot_spoof_bound_structural_operation_identity PASSED [ 33%]
tests/ifc_repair/test_phase12_success_cases.py::test_rehashed_resolution_cannot_spoof_structural_model_binding PASSED [ 33%]
tests/ifc_repair/test_phase12_success_cases.py::test_duplicate_requested_pset_relationship_is_not_collapsed_to_a_set PASSED [ 33%]
tests/ifc_repair/test_phase12_success_cases.py::test_rehashed_manifest_and_ifc_cannot_invent_unrequested_semantic_value PASSED [ 34%]
tests/ifc_repair/test_phase12_success_cases.py::test_relationship_extension_cannot_hide_owner_history_mutation PASSED [ 34%]
tests/ifc_repair/test_phase12_success_cases.py::test_undeclared_ifcroot_preservation_drift_is_blocking PASSED [ 34%]
tests/ifc_repair/test_phase12_success_cases.py::test_private_gold_input_boundary_drift_is_blocking PASSED [ 34%]
tests/ifc_repair/test_phase12_success_cases.py::test_camel_case_private_gold_key_is_blocking PASSED [ 34%]
tests/ifc_repair/test_phase12_success_cases.py::test_synthetic_fallback_cannot_be_promoted_by_saved_success PASSED [ 35%]
tests/ifc_repair/test_phase12_success_cases.py::test_collection_cannot_relabel_live_source_run_as_offline PASSED [ 35%]
tests/ifc_repair/test_phase12_success_cases.py::test_plan07_attempt_audit_accepts_only_reviewed_stage2_profile_generations[profile_ids0-text2ifc/ifc-repair-changeset-draft/0.2] PASSED [ 35%]
tests/ifc_repair/test_phase12_success_cases.py::test_plan07_attempt_audit_accepts_only_reviewed_stage2_profile_generations[profile_ids1-text2ifc/ifc-repair-changeset-draft/0.3] PASSED [ 35%]
tests/ifc_repair/test_phase12_success_cases.py::test_plan07_attempt_audit_rejects_cross_generation_stage2_profile_mix PASSED [ 35%]
tests/ifc_repair/test_phase12_success_cases.py::test_live_structural_proof_recomputes_transcript_and_base_damage_authority PASSED [ 35%]
tests/ifc_repair/test_phase12_success_cases.py::test_property_authority_replay_accepts_public_user_candidate_selection PASSED [ 36%]
tests/ifc_repair/test_phase12_success_cases.py::test_live_proof_cannot_bypass_underlying_damage_authority[schema_downgrade-l0.structural.live:source_manifest_schema] PASSED [ 36%]
tests/ifc_repair/test_phase12_success_cases.py::test_live_proof_cannot_bypass_underlying_damage_authority[missing_base-l0.structural.live:base_damage_manifest_missing] PASSED [ 36%]
tests/ifc_repair/test_phase12_success_cases.py::test_live_proof_cannot_bypass_underlying_damage_authority[base_binding-l0.structural.live:base_damage_binding] PASSED [ 36%]
tests/ifc_repair/test_phase12_success_cases.py::test_validator_cli_accepts_the_frozen_root_option PASSED [ 36%]
tests/ifc_repair/test_phase12_success_cases.py::test_proof_validation_v02_formalizes_the_validator_curator_boundary PASSED [ 36%]
tests/ifc_repair/test_phase12_success_cases.py::test_unrecomputed_property_authority_distinguishes_non_property_from_alias PASSED [ 37%]
tests/ifc_repair/test_phase12_success_cases.py::test_live_curator_rejects_non_v02_or_non_strict_property_authority[old-contract] PASSED [ 37%]
tests/ifc_repair/test_phase12_success_cases.py::test_live_curator_rejects_non_v02_or_non_strict_property_authority[required-property-case-not-applicable] PASSED [ 37%]
tests/ifc_repair/test_phase12_success_cases.py::test_public_curate_runs_validator_in_a_separate_process_before_install PASSED [ 37%]
tests/ifc_repair/test_phase12_success_cases.py::test_public_curate_installs_only_two_strict_success_cases_after_validation PASSED [ 37%]
tests/ifc_repair/test_phase12_success_cases.py::test_public_curate_resolves_the_latest_timestamped_runner_directory PASSED [ 38%]
tests/ifc_repair/test_phase12_success_cases.py::test_public_curate_rejects_forged_passed_validator_summary_without_install[wrong-case-ids] PASSED [ 38%]
tests/ifc_repair/test_phase12_success_cases.py::test_public_curate_rejects_forged_passed_validator_summary_without_install[wrong-count] PASSED [ 38%]
tests/ifc_repair/test_phase12_success_cases.py::test_public_curate_rejects_forged_passed_validator_summary_without_install[not-recomputed] PASSED [ 38%]
tests/ifc_repair/test_phase12_success_cases.py::test_public_curate_rejects_forged_passed_validator_summary_without_install[legacy] PASSED [ 38%]
tests/ifc_repair/test_phase9_large_building.py::test_large_building_uses_public_api_and_phase10_closes_l2 PASSED [ 38%]
tests/ifc_repair/test_property_admissibility.py::test_valid_standard_selection_constructs_exact_intent_from_record_and_claim PASSED [ 39%]
tests/ifc_repair/test_property_admissibility.py::test_inherited_wall_property_remains_authorable_for_wall_standard_case PASSED [ 39%]
tests/ifc_repair/test_property_admissibility.py::test_resolved_property_with_incompatible_value_is_rejected_after_selection[IfcWindow-\u7a97\u7684\u9632\u706b\u7b49\u7ea7-True-Pset_WindowCommon.FireRating] PASSED [ 39%]
tests/ifc_repair/test_property_admissibility.py::test_resolved_property_with_incompatible_value_is_rejected_after_selection[IfcDoor-door fire rating-True-Pset_DoorCommon.FireRating] PASSED [ 39%]
tests/ifc_repair/test_property_admissibility.py::test_resolved_property_with_incompatible_value_is_rejected_after_selection[IfcColumn-column load bearing-yes-Pset_ColumnCommon.LoadBearing] PASSED [ 39%]
tests/ifc_repair/test_property_admissibility.py::test_resolved_property_with_incompatible_value_is_rejected_after_selection[IfcBeam-beam reference code-42-Pset_BeamCommon.Reference] PASSED [ 40%]
tests/ifc_repair/test_property_admissibility.py::test_resolved_property_with_incompatible_value_is_rejected_after_selection[IfcWall-wall acoustic performance flag-True-Pset_WallCommon.AcousticRating] PASSED [ 40%]
tests/ifc_repair/test_property_admissibility.py::test_one_defect_matrix_fails_before_exact_intent[<lambda>-PROPERTY_CANDIDATE_NOT_OFFERED] PASSED [ 40%]
tests/ifc_repair/test_property_admissibility.py::test_one_defect_matrix_fails_before_exact_intent[<lambda>-PROPERTY_TARGET_CLASS_INAPPLICABLE] PASSED [ 40%]
tests/ifc_repair/test_property_admissibility.py::test_one_defect_matrix_fails_before_exact_intent[<lambda>-PROPERTY_SCALAR_TEMPLATE_UNSUPPORTED] PASSED [ 40%]
tests/ifc_repair/test_property_admissibility.py::test_one_defect_matrix_fails_before_exact_intent[<lambda>-PROPERTY_AUTHORITATIVE_RECORD_MISSING] PASSED [ 40%]
tests/ifc_repair/test_property_admissibility.py::test_one_defect_matrix_fails_before_exact_intent[<lambda>-PROPERTY_QUERY_CLAIM_MISMATCH] PASSED [ 41%]
tests/ifc_repair/test_property_admissibility.py::test_one_defect_matrix_fails_before_exact_intent[<lambda>-PROPERTY_VALUE_TYPE_INCOMPATIBLE] PASSED [ 41%]
tests/ifc_repair/test_property_admissibility.py::test_one_defect_matrix_fails_before_exact_intent[<lambda>-PROPERTY_UNIT_INCOMPATIBLE] PASSED [ 41%]
tests/ifc_repair/test_property_admissibility.py::test_one_defect_matrix_fails_before_exact_intent[<lambda>-PROPERTY_OCCURRENCE_SCOPE_REQUIRED] PASSED [ 41%]
tests/ifc_repair/test_property_admissibility.py::test_one_defect_matrix_fails_before_exact_intent[<lambda>-PROPERTY_RETRIEVAL_BELOW_FLOOR] PASSED [ 41%]
tests/ifc_repair/test_property_admissibility.py::test_one_defect_matrix_fails_before_exact_intent[<lambda>-PROPERTY_DECISION_CONFLICT_UNRESOLVED] PASSED [ 42%]
tests/ifc_repair/test_property_admissibility.py::test_one_defect_matrix_fails_before_exact_intent[<lambda>-PROPERTY_DECISION_SCHEMA_INVALID] PASSED [ 42%]
tests/ifc_repair/test_property_admissibility.py::test_one_defect_matrix_fails_before_exact_intent[<lambda>-PROPERTY_DECISION_BINDING_MISMATCH0] PASSED [ 42%]
tests/ifc_repair/test_property_admissibility.py::test_one_defect_matrix_fails_before_exact_intent[<lambda>-PROPERTY_DECISION_BINDING_MISMATCH1] PASSED [ 42%]
tests/ifc_repair/test_property_admissibility.py::test_one_defect_matrix_fails_before_exact_intent[<lambda>-PROPERTY_DECISION_BINDING_MISMATCH2] PASSED [ 42%]
tests/ifc_repair/test_property_admissibility.py::test_one_defect_matrix_fails_before_exact_intent[<lambda>-PROPERTY_EVIDENCE_SCHEMA_INVALID] PASSED [ 42%]
tests/ifc_repair/test_property_admissibility.py::test_project_candidate_requires_explicit_confirmation_and_no_exact_intent PASSED [ 43%]
tests/ifc_repair/test_property_admissibility.py::test_vector_top1_or_large_margin_cannot_bypass_stage_1_5 PASSED [ 43%]
tests/ifc_repair/test_property_admissibility.py::test_valid_non_top1_selection_with_small_margin_is_not_program_rejected PASSED [ 43%]
tests/ifc_repair/test_property_admissibility.py::test_passed_result_routes_through_existing_exact_resolver_and_binder PASSED [ 43%]
tests/ifc_repair/test_property_admissibility.py::test_plane_angle_slope_passes_standard_admissibility_and_binder PASSED [ 43%]
tests/ifc_repair/test_property_claim_scope_normalization.py::test_null_scope_claim_builds_occurrence_direct_property_query PASSED [ 43%]
tests/ifc_repair/test_property_claim_scope_normalization.py::test_durable_coordinator_uses_normalized_query_scope PASSED [ 44%]
tests/ifc_repair/test_property_claim_scope_normalization.py::test_public_resolution_normalizes_claim_once_for_resolver_and_evidence PASSED [ 44%]
tests/ifc_repair/test_property_resolution_api.py::test_repair_api_from_environment_shares_provider_and_property_config PASSED [ 44%]
tests/ifc_repair/test_property_resolution_api.py::test_public_natural_property_path_orders_all_three_provider_stages PASSED [ 44%]
tests/ifc_repair/test_property_resolution_api.py::test_explicit_canonical_and_no_property_bypass_stage_1_5[exact] PASSED [ 44%]
tests/ifc_repair/test_property_resolution_api.py::test_explicit_canonical_and_no_property_bypass_stage_1_5[none] PASSED [ 45%]
tests/ifc_repair/test_property_resolution_api.py::test_property_clarification_resumes_stored_candidate_without_second_llm_call PASSED [ 45%]
tests/ifc_repair/test_property_resolution_api.py::test_property_clarification_with_candidates_accepts_add_detail PASSED [ 45%]
tests/ifc_repair/test_property_resolution_api.py::test_unsupported_intent_is_state_bound_before_terminal_publication PASSED [ 45%]
tests/ifc_repair/test_property_resolution_api.py::test_property_resolution_unsupported_is_terminal_before_stage_2 PASSED [ 45%]
tests/ifc_repair/test_property_resolution_api.py::test_property_add_detail_starts_a_new_claim_lineage_in_the_same_run PASSED [ 45%]
tests/ifc_repair/test_property_resolution_api.py::test_property_selection_is_bound_to_one_claim_within_an_operation PASSED [ 46%]
tests/ifc_repair/test_published_contract_reachability.py::test_v03_door_few_shot_teaches_reachable_contract[door-add-v0.3-clarification.json] PASSED [ 46%]
tests/ifc_repair/test_published_contract_reachability.py::test_v03_door_few_shot_teaches_reachable_contract[door-add-v0.3-complete.json] PASSED [ 46%]
tests/ifc_repair/test_published_contract_reachability.py::test_v03_door_few_shot_teaches_reachable_contract[door-add-v0.3-type-reuse.json] PASSED [ 46%]
tests/ifc_repair/test_published_contract_reachability.py::test_v03_door_few_shot_teaches_reachable_contract[door-add-v0.3-unsupported.json] PASSED [ 46%]
tests/ifc_repair/test_published_contract_reachability.py::test_v03_door_few_shot_teaches_reachable_contract[door-fill-v0.3-clarification.json] PASSED [ 47%]
tests/ifc_repair/test_published_contract_reachability.py::test_v03_door_few_shot_teaches_reachable_contract[door-fill-v0.3-complete.json] PASSED [ 47%]
tests/ifc_repair/test_published_contract_reachability.py::test_v03_door_few_shot_teaches_reachable_contract[door-fill-v0.3-type-reuse.json] PASSED [ 47%]
tests/ifc_repair/test_published_contract_reachability.py::test_v03_door_few_shot_teaches_reachable_contract[door-fill-v0.3-unsupported.json] PASSED [ 47%]
tests/ifc_repair/test_published_contract_reachability.py::test_legacy_v02_enum_shot_documents_the_gap[door-add-v0.2-complete.json] PASSED [ 47%]
tests/ifc_repair/test_published_contract_reachability.py::test_legacy_v02_enum_shot_documents_the_gap[door-add-v0.2-clarification.json] PASSED [ 47%]
tests/ifc_repair/test_published_contract_reachability.py::test_v03_profiles_registered_and_selected[door.add-with-opening.v0.3-add_door_with_opening_to_wall] PASSED [ 48%]
tests/ifc_repair/test_published_contract_reachability.py::test_v03_profiles_registered_and_selected[door.fill-existing-opening.v0.3-fill_existing_opening_with_door] PASSED [ 48%]
tests/ifc_repair/test_published_contract_reachability.py::test_v03_profile_publishes_enum_and_tolerance_rules[door.add-with-opening.v0.3] PASSED [ 48%]
tests/ifc_repair/test_published_contract_reachability.py::test_v03_profile_publishes_enum_and_tolerance_rules[door.fill-existing-opening.v0.3] PASSED [ 48%]
tests/ifc_repair/test_published_contract_reachability.py::test_window_profile_publishes_tolerance_rule PASSED [ 48%]
tests/ifc_repair/test_published_contract_reachability.py::test_window_operation_selects_v02_profile PASSED [ 49%]
tests/ifc_repair/test_published_contract_reachability.py::test_published_enum_payload_resolves[door.add-with-opening.v0.3-add_door_with_opening_to_wall-SINGLE_SWING_LEFT] PASSED [ 49%]
tests/ifc_repair/test_published_contract_reachability.py::test_published_enum_payload_resolves[door.add-with-opening.v0.3-add_door_with_opening_to_wall-SINGLE_SWING_RIGHT] PASSED [ 49%]
tests/ifc_repair/test_published_contract_reachability.py::test_published_enum_payload_resolves[door.fill-existing-opening.v0.3-fill_existing_opening_with_door-SINGLE_SWING_LEFT] PASSED [ 49%]
tests/ifc_repair/test_published_contract_reachability.py::test_published_enum_payload_resolves[door.fill-existing-opening.v0.3-fill_existing_opening_with_door-SINGLE_SWING_RIGHT] PASSED [ 49%]
tests/ifc_repair/test_published_contract_reachability.py::test_published_viewpoint_payload_resolves PASSED [ 49%]
tests/ifc_repair/test_published_contract_reachability.py::test_enum_without_confirmation_still_clarifies[SINGLE_SWING_LEFT] PASSED [ 50%]
tests/ifc_repair/test_published_contract_reachability.py::test_enum_without_confirmation_still_clarifies[SINGLE_SWING_RIGHT] PASSED [ 50%]
tests/ifc_repair/test_published_contract_reachability.py::test_unsupported_enum_still_fails_closed PASSED [ 50%]
tests/ifc_repair/test_published_contract_reachability.py::test_confirmation_flag_alone_does_not_authorize PASSED [ 50%]
tests/ifc_repair/test_r1_evaluation_budget.py::test_r1_budget_keeps_180_seconds_as_nonblocking_slo PASSED [ 50%]
tests/ifc_repair/test_r1_evaluation_budget.py::test_live_executor_policy_wrapper_records_recoverable_configuration PASSED [ 50%]
tests/ifc_repair/test_r1_evaluation_budget.py::test_r1_stops_on_any_failed_case_contract PASSED [ 51%]
tests/ifc_repair/test_r1_live_attempt_audit.py::test_r1_live_attempt_audit_accepts_target_select_resume_without_stage1 <- ..\bimnet\tests\ifc_repair\test_r1_live_attempt_audit.py PASSED [ 51%]
tests/ifc_repair/test_r1_live_attempt_audit.py::test_r1_live_attempt_audit_rejects_h3_resume_without_lineage <- ..\bimnet\tests\ifc_repair\test_r1_live_attempt_audit.py PASSED [ 51%]
tests/ifc_repair/test_r1_live_attempt_audit.py::test_r1_live_attempt_audit_rejects_h3_resume_stage_order_drift <- ..\bimnet\tests\ifc_repair\test_r1_live_attempt_audit.py PASSED [ 51%]
tests/ifc_repair/test_r1_live_attempt_audit.py::test_r1_live_attempt_audit_accepts_explicit_add_detail_round_contract <- ..\bimnet\tests\ifc_repair\test_r1_live_attempt_audit.py PASSED [ 51%]
tests/ifc_repair/test_r1_live_attempt_audit.py::test_plan07_contract_none_keeps_single_round_stage_order <- ..\bimnet\tests\ifc_repair\test_r1_live_attempt_audit.py PASSED [ 52%]
tests/ifc_repair/test_r1_live_attempt_audit.py::test_r1_live_attempt_audit_rejects_rank_regression_without_round_contract <- ..\bimnet\tests\ifc_repair\test_r1_live_attempt_audit.py PASSED [ 52%]
tests/ifc_repair/test_r1_live_attempt_audit.py::test_r1_live_attempt_audit_requires_lineage_on_second_stage1_round <- ..\bimnet\tests\ifc_repair\test_r1_live_attempt_audit.py PASSED [ 52%]
tests/ifc_repair/test_r1_live_attempt_audit.py::test_r1_live_attempt_audit_rejects_swapped_round_lineage <- ..\bimnet\tests\ifc_repair\test_r1_live_attempt_audit.py PASSED [ 52%]
tests/ifc_repair/test_r1_live_attempt_audit.py::test_r1_live_attempt_audit_requires_each_new_round_to_start_at_one <- ..\bimnet\tests\ifc_repair\test_r1_live_attempt_audit.py PASSED [ 52%]
tests/ifc_repair/test_r1_live_attempt_audit.py::test_r1_live_attempt_audit_rejects_stage2_before_final_resolution <- ..\bimnet\tests\ifc_repair\test_r1_live_attempt_audit.py PASSED [ 52%]
tests/ifc_repair/test_r1_live_attempt_audit.py::test_r1_live_attempt_audit_accepts_arbitrary_case_contract <- ..\bimnet\tests\ifc_repair\test_r1_live_attempt_audit.py PASSED [ 53%]
tests/ifc_repair/test_r1_live_attempt_audit.py::test_r1_live_attempt_audit_rejects_profile_identity_drift[stage1] <- ..\bimnet\tests\ifc_repair\test_r1_live_attempt_audit.py PASSED [ 53%]
tests/ifc_repair/test_r1_live_attempt_audit.py::test_r1_live_attempt_audit_rejects_profile_identity_drift[stage2] <- ..\bimnet\tests\ifc_repair\test_r1_live_attempt_audit.py PASSED [ 53%]
tests/ifc_repair/test_r1_live_attempt_audit.py::test_r1_live_attempt_audit_rejects_stage15_template_drift <- ..\bimnet\tests\ifc_repair\test_r1_live_attempt_audit.py PASSED [ 53%]
tests/ifc_repair/test_r1_live_attempt_audit.py::test_r1_live_attempt_audit_rejects_thinking_mode_drift[request] <- ..\bimnet\tests\ifc_repair\test_r1_live_attempt_audit.py PASSED [ 53%]
tests/ifc_repair/test_r1_live_attempt_audit.py::test_r1_live_attempt_audit_rejects_thinking_mode_drift[metadata] <- ..\bimnet\tests\ifc_repair\test_r1_live_attempt_audit.py PASSED [ 54%]
tests/ifc_repair/test_r1_live_attempt_audit.py::test_r1_live_attempt_audit_rejects_non_live_provenance[fallback] <- ..\bimnet\tests\ifc_repair\test_r1_live_attempt_audit.py PASSED [ 54%]
tests/ifc_repair/test_r1_live_attempt_audit.py::test_r1_live_attempt_audit_rejects_non_live_provenance[private] <- ..\bimnet\tests\ifc_repair\test_r1_live_attempt_audit.py PASSED [ 54%]
tests/ifc_repair/test_r1_live_attempt_audit.py::test_r1_live_attempt_audit_rejects_lineage_drift[ordinal] <- ..\bimnet\tests\ifc_repair\test_r1_live_attempt_audit.py PASSED [ 54%]
tests/ifc_repair/test_r1_live_attempt_audit.py::test_r1_live_attempt_audit_rejects_lineage_drift[parent] <- ..\bimnet\tests\ifc_repair\test_r1_live_attempt_audit.py PASSED [ 54%]
tests/ifc_repair/test_r1_live_attempt_audit.py::test_r1_live_attempt_audit_accepts_a_hash_chained_stage_retry <- ..\bimnet\tests\ifc_repair\test_r1_live_attempt_audit.py PASSED [ 54%]
tests/ifc_repair/test_r1_live_attempt_audit.py::test_r1_live_attempt_audit_rejects_cross_stage_reordering <- ..\bimnet\tests\ifc_repair\test_r1_live_attempt_audit.py PASSED [ 55%]
tests/ifc_repair/test_r1_live_attempt_audit.py::test_r1_live_attempt_audit_requires_each_stage_chain_to_start_at_one[stage1] <- ..\bimnet\tests\ifc_repair\test_r1_live_attempt_audit.py PASSED [ 55%]
tests/ifc_repair/test_r1_live_attempt_audit.py::test_r1_live_attempt_audit_requires_each_stage_chain_to_start_at_one[property_resolution] <- ..\bimnet\tests\ifc_repair\test_r1_live_attempt_audit.py PASSED [ 55%]
tests/ifc_repair/test_r1_live_attempt_audit.py::test_r1_live_attempt_audit_requires_each_stage_chain_to_start_at_one[stage2] <- ..\bimnet\tests\ifc_repair\test_r1_live_attempt_audit.py PASSED [ 55%]
tests/ifc_repair/test_r1_live_attempt_audit.py::test_r1_live_attempt_audit_rejects_a_stage_retry_gap <- ..\bimnet\tests\ifc_repair\test_r1_live_attempt_audit.py PASSED [ 55%]
tests/ifc_repair/test_r1_live_attempt_audit.py::test_r1_live_attempt_audit_rejects_more_than_two_stage15_attempts_per_claim <- ..\bimnet\tests\ifc_repair\test_r1_live_attempt_audit.py PASSED [ 56%]
tests/ifc_repair/test_r1_live_attempt_audit.py::test_r1_live_attempt_audit_allows_a_second_stage15_claim_to_restart_at_one <- ..\bimnet\tests\ifc_repair\test_r1_live_attempt_audit.py PASSED [ 56%]
tests/ifc_repair/test_repair_api_resource_lifecycle.py::test_source_schema_probe_does_not_retain_open_model PASSED [ 56%]
tests/ifc_repair/test_repair_intent_prompt_v010.py::test_v010_remains_registered_and_freezes_internal_id_boundary PASSED [ 56%]
tests/ifc_repair/test_repair_intent_prompt_v011.py::test_v011_remains_registered_and_forbids_implicit_root_attribute_inference PASSED [ 56%]
tests/ifc_repair/test_repair_intent_prompt_v011.py::test_v011_public_stage1_accepts_property_and_explicit_tag_boundaries PASSED [ 56%]
tests/ifc_repair/test_repair_intent_prompt_v012.py::test_v012_is_current_and_preserves_declared_geometry_precision PASSED [ 57%]
tests/ifc_repair/test_repair_intent_prompt_v09.py::test_v09_freezes_property_value_contract PASSED [ 57%]
tests/ifc_repair/test_repair_intent_prompt_v09.py::test_property_value_failure_family_covers_boolean_literal_and_missing_value PASSED [ 57%]
tests/ifc_repair/test_repair_intent_v05.py::test_v05_round_trips_routing_source_exactly PASSED [ 57%]
tests/ifc_repair/test_repair_intent_v05.py::test_v05_rejects_missing_extra_or_malformed_routing[<lambda>-/operations/0] PASSED [ 57%]
tests/ifc_repair/test_repair_intent_v05.py::test_v05_rejects_missing_extra_or_malformed_routing[<lambda>-/operations/0/routing_intent] PASSED [ 57%]
tests/ifc_repair/test_repair_intent_v05.py::test_v05_rejects_missing_extra_or_malformed_routing[<lambda>-/operations/0/routing_intent/component_family] PASSED [ 58%]
tests/ifc_repair/test_repair_intent_v05.py::test_v05_adds_door_scope_without_mutating_historical_contracts PASSED [ 58%]
tests/ifc_repair/test_repair_intent_v05.py::test_v04_still_rejects_routing_field PASSED [ 58%]
tests/ifc_repair/test_repair_intent_v07.py::test_type_intent_failure_family_is_frozen_with_the_live_phrase PASSED [ 58%]
tests/ifc_repair/test_repair_intent_v07.py::test_v07_is_append_only_and_preserves_v06_registered_bytes PASSED [ 58%]
tests/ifc_repair/test_repair_intent_v07.py::test_v07_round_trips_all_three_representation_states[beam-None] PASSED [ 59%]
tests/ifc_repair/test_repair_intent_v07.py::test_v07_round_trips_all_three_representation_states[column-None] PASSED [ 59%]
tests/ifc_repair/test_repair_intent_v07.py::test_v07_round_trips_all_three_representation_states[beam-prototype_intent2] PASSED [ 59%]
tests/ifc_repair/test_repair_intent_v07.py::test_v07_round_trips_all_three_representation_states[column-prototype_intent3] PASSED [ 59%]
tests/ifc_repair/test_repair_intent_v07.py::test_v07_round_trips_all_three_representation_states[beam-prototype_intent4] PASSED [ 59%]
tests/ifc_repair/test_repair_intent_v07.py::test_v07_stage1_exposes_type_rules_in_compact_profiles_not_few_shots PASSED [ 59%]
tests/ifc_repair/test_repair_intent_v07.py::test_stage1_never_rewrites_selection_required_from_provider_output PASSED [ 60%]
tests/ifc_repair/test_repair_intent_v07.py::test_v07_prompt_states_the_three_type_states_without_compatibility PASSED [ 60%]
tests/ifc_repair/test_repair_intent_v07.py::test_v03_profiles_use_new_schema_and_stage2_loads_only_bound_few_shots PASSED [ 60%]
tests/ifc_repair/test_repair_intent_v07.py::test_default_registry_binds_current_structural_profiles_only PASSED [ 60%]
tests/ifc_repair/test_repair_intent_v08.py::test_clause_role_failure_family_is_frozen_but_not_an_exhaustive_deny_list PASSED [ 60%]
tests/ifc_repair/test_repair_intent_v08.py::test_v08_is_append_only_and_has_the_same_json_shape_as_v07 PASSED [ 61%]
tests/ifc_repair/test_repair_intent_v08.py::test_v08_prompt_teaches_roles_with_representative_micro_shapes PASSED [ 61%]
tests/ifc_repair/test_repair_intent_v08.py::test_v08_stage1_uses_every_current_compact_profile_without_full_fewshots PASSED [ 61%]
tests/ifc_repair/test_repair_intent_v08.py::test_repair_api_defaults_to_v08_without_mutating_v07_callers PASSED [ 61%]
tests/ifc_repair/test_repair_milestone_r1_proof_assembler.py::test_execution_result_must_be_one_passed_uninterrupted_frozen_run PASSED [ 61%]
tests/ifc_repair/test_repair_milestone_r1_proof_assembler.py::test_h4_terminal_and_collection_case_preserve_no_output_contract PASSED [ 61%]
tests/ifc_repair/test_repair_milestone_r1_proof_assembler.py::test_success_collection_case_declares_repair_artifacts_and_authority PASSED [ 62%]
tests/ifc_repair/test_repair_milestone_r1_proof_assembler.py::test_current_success_terminal_payload_binds_manifest_and_status PASSED [ 62%]
tests/ifc_repair/test_repair_milestone_r1_proof_assembler.py::test_current_structural_stage2_selection_uses_stage2_profile PASSED [ 62%]
tests/ifc_repair/test_repair_milestone_r1_proof_assembler.py::test_h3_state_lineage_binds_resolution_reason_to_clarification_reason PASSED [ 62%]
tests/ifc_repair/test_repair_milestone_r1_proof_assembler.py::test_m1_rejection_reason_is_bound_to_retained_admission PASSED [ 62%]
tests/ifc_repair/test_repair_milestone_r1_proof_reaudit.py::test_r1_case_files_hashes_the_declared_report_and_rejects_tamper PASSED [ 63%]
tests/ifc_repair/test_repair_milestone_r1_proof_reaudit.py::test_r1_case_files_rejects_a_declared_report_outside_files_hash_coverage PASSED [ 63%]
tests/ifc_repair/test_repair_milestone_r1_proof_reaudit.py::test_r1_declared_core_artifacts_must_match_the_case_local_files_role PASSED [ 63%]
tests/ifc_repair/test_repair_milestone_r1_proof_reaudit.py::test_r1_m1_frozen_model_request_resume_and_effective_hash_are_authoritative PASSED [ 63%]
tests/ifc_repair/test_repair_milestone_r1_proof_reaudit.py::test_r1_request_lineage_rejects_spliced_effective_intent PASSED [ 63%]
tests/ifc_repair/test_repair_milestone_r1_proof_reaudit.py::test_r1_synthetic_final_model_mixed_preservation_uses_all_operations PASSED [ 63%]
tests/ifc_repair/test_repair_milestone_r1_proof_reaudit.py::test_r1_property_only_global_preservation_rejects_unrelated_root_tamper PASSED [ 64%]
tests/ifc_repair/test_repair_milestone_r1_proof_reaudit.py::test_r1_exact_operation_set_rejects_extra_same_changeset_operation PASSED [ 64%]
tests/ifc_repair/test_repair_milestone_r1_proof_reaudit.py::test_r1_profile_binding_rejects_self_signed_noncanonical_profile PASSED [ 64%]
tests/ifc_repair/test_repair_milestone_r1_proof_reaudit.py::test_r1_profile_binding_accepts_byte_exact_canonical_profile_copy PASSED [ 64%]
tests/ifc_repair/test_repair_milestone_r1_proof_reaudit.py::test_r1_h3_replays_initial_ambiguity_and_compares_stable_identity_set PASSED [ 64%]
tests/ifc_repair/test_repair_milestone_r1_proof_reaudit.py::test_r1_h3_replay_rejects_selected_identity_outside_current_offered_set PASSED [ 64%]
tests/ifc_repair/test_repair_milestone_r1_proof_reaudit.py::test_r1_h3_state_selection_binds_dynamic_token_to_stable_identity PASSED [ 65%]
tests/ifc_repair/test_repair_milestone_r1_proof_reaudit.py::test_r1_m1_resume_claim_id_is_derived_from_state_generation PASSED [ 65%]
tests/ifc_repair/test_repair_milestone_r1_proof_reaudit.py::test_r1_bound_artifact_requires_a_hash_verified_transition_binding PASSED [ 65%]
tests/ifc_repair/test_repair_milestone_r1_proof_reaudit.py::test_r1_success_terminal_binding_is_state_and_manifest_authoritative[state_not_succeeded] PASSED [ 65%]
tests/ifc_repair/test_repair_milestone_r1_proof_reaudit.py::test_r1_success_terminal_binding_is_state_and_manifest_authoritative[successful_ifc_drift] PASSED [ 65%]
tests/ifc_repair/test_repair_milestone_r1_proof_reaudit.py::test_r1_success_terminal_binding_is_state_and_manifest_authoritative[evaluation_unlisted] PASSED [ 66%]
tests/ifc_repair/test_repair_milestone_r1_proof_reaudit.py::test_r1_success_terminal_binding_is_state_and_manifest_authoritative[manifest_hash_drift] PASSED [ 66%]
tests/ifc_repair/test_repair_milestone_r1_proof_reaudit.py::test_r1_success_terminal_binding_is_state_and_manifest_authoritative[application_drift] PASSED [ 66%]
tests/ifc_repair/test_repair_milestone_r1_proof_reaudit.py::test_r1_success_terminal_binding_accepts_exact_publication_chain PASSED [ 66%]
tests/ifc_repair/test_repair_milestone_r1_proof_reaudit.py::test_r1_h4_replays_unsupported_atomic_guard_from_intent_and_state PASSED [ 66%]
tests/ifc_repair/test_repair_milestone_r1_proof_reaudit.py::test_r1_h4_replay_rejects_terminal_claim_without_stage1_unsupported_evidence PASSED [ 66%]
tests/ifc_repair/test_repair_milestone_r1_proof_reaudit.py::test_r1_h4_replay_rejects_stage2_or_successful_ifc_leakage PASSED [ 67%]
tests/ifc_repair/test_repair_milestone_r1_proof_reaudit.py::test_r1_validate_case_h4_rejects_unbound_stage1_intent_role PASSED [ 67%]
tests/ifc_repair/test_repair_milestone_r1_proof_reaudit.py::test_r1_live_provenance_binds_stage1_stage15_stage2_and_boundary PASSED [ 67%]
tests/ifc_repair/test_repair_milestone_r1_proof_reaudit.py::test_r1_stage1_rounds_bind_initial_and_effective_intents_separately PASSED [ 67%]
tests/ifc_repair/test_repair_milestone_r1_proof_reaudit.py::test_r1_live_provenance_rejects_cross_stage_or_isolation_tamper[property_parsed-proof.live.property_attempt_status] PASSED [ 67%]
tests/ifc_repair/test_repair_milestone_r1_proof_reaudit.py::test_r1_live_provenance_rejects_cross_stage_or_isolation_tamper[property_prompt-proof.live.property_attempt_binding] PASSED [ 68%]
tests/ifc_repair/test_repair_milestone_r1_proof_reaudit.py::test_r1_live_provenance_rejects_cross_stage_or_isolation_tamper[property_transport-proof.live.property_attempt_binding] PASSED [ 68%]
tests/ifc_repair/test_repair_milestone_r1_proof_reaudit.py::test_r1_live_provenance_rejects_cross_stage_or_isolation_tamper[stage1_response-proof.live.stage1_binding] PASSED [ 68%]
tests/ifc_repair/test_repair_milestone_r1_proof_reaudit.py::test_r1_live_provenance_rejects_cross_stage_or_isolation_tamper[stage2_response-proof.live.stage2_binding] PASSED [ 68%]
tests/ifc_repair/test_repair_milestone_r1_proof_reaudit.py::test_r1_live_provenance_rejects_cross_stage_or_isolation_tamper[fallback-proof.live.attempts] PASSED [ 68%]
tests/ifc_repair/test_repair_milestone_r1_proof_reaudit.py::test_r1_live_provenance_rejects_cross_stage_or_isolation_tamper[private_attempt-proof.live.attempts] PASSED [ 68%]
tests/ifc_repair/test_repair_milestone_r1_proof_reaudit.py::test_r1_live_provenance_rejects_cross_stage_or_isolation_tamper[private_canary-proof.live.private_canary] PASSED [ 69%]
tests/ifc_repair/test_repair_milestone_r1_proof_reaudit.py::test_r1_live_provenance_rejects_cross_stage_or_isolation_tamper[production_boundary-proof.live.production_input_boundary] PASSED [ 69%]
tests/ifc_repair/test_repair_milestone_r1_proof_reaudit.py::test_r1_h4_live_provenance_binds_unsupported_stage1_and_forbids_later_calls PASSED [ 69%]
tests/ifc_repair/test_repair_milestone_r1_proof_reaudit.py::test_r1_stage15_attempt_binding_preserves_invalid_then_valid_retry PASSED [ 69%]
tests/ifc_repair/test_repair_milestone_r1_proof_reaudit.py::test_r1_stage15_attempt_binding_rejects_unbound_renderer_input PASSED [ 69%]
tests/ifc_repair/test_repair_milestone_r1_proof_reaudit.py::test_r1_stage15_attempt_binding_rejects_raw_text_transport_drift PASSED [ 70%]
tests/ifc_repair/test_repair_milestone_r1_proof_reaudit.py::test_r1_stage15_single_attempt_must_be_independently_valid PASSED [ 70%]
tests/ifc_repair/test_repair_milestone_r1_proof_reaudit.py::test_r1_independent_proof_uses_frozen_comparison_budget PASSED [ 70%]
tests/ifc_repair/test_repair_milestone_r1_proof_reaudit.py::test_r1_m1_initial_replay_is_case_listed_and_uses_base_claim PASSED [ 70%]
tests/ifc_repair/test_repair_milestone_r1_runner.py::test_r1_execution_manifest_binds_frozen_cases_models_and_resume_answers PASSED [ 70%]
tests/ifc_repair/test_repair_milestone_r1_runner.py::test_r1_runner_readiness_never_constructs_provider PASSED [ 70%]
tests/ifc_repair/test_repair_milestone_r1_runner.py::test_r1_property_runtime_warmup_is_real_and_fail_closed PASSED [ 71%]
tests/ifc_repair/test_repair_milestone_r1_runner.py::test_r1_runner_cannot_execute_while_manifest_is_unapproved PASSED [ 71%]
tests/ifc_repair/test_repair_milestone_r1_runner.py::test_r1_runner_requires_offline_admission_and_plan07_result_before_provider PASSED [ 71%]
tests/ifc_repair/test_repair_milestone_r1_runner.py::test_r1_plan07_result_binds_sibling_green_full_preflight PASSED [ 71%]
tests/ifc_repair/test_repair_milestone_r1_runner.py::test_r1_plan07_result_revalidates_curated_preflight_snapshot PASSED [ 71%]
tests/ifc_repair/test_repair_milestone_r1_runner.py::test_r1_prerequisite_accepts_plan07_full_preflight_without_old_admission PASSED [ 71%]
tests/ifc_repair/test_repair_milestone_r1_runner.py::test_public_cases_carry_declarative_outcome_not_case_id_branching PASSED [ 72%]
tests/ifc_repair/test_repair_milestone_r1_runner.py::test_guard_contract_passes_only_with_zero_mutation_evidence PASSED [ 72%]
tests/ifc_repair/test_repair_milestone_r1_runner.py::test_success_contract_requires_resume_answer_only_when_declared PASSED [ 72%]
tests/ifc_repair/test_repair_milestone_r1_runner.py::test_post_execution_predicate_audit_reopens_bound_terminal_artifacts PASSED [ 72%]
tests/ifc_repair/test_request_stage.py::test_stage_wraps_semantic_body_with_system_owned_bindings PASSED [ 72%]
tests/ifc_repair/test_request_stage.py::test_missing_window_parameters_are_valid_clarification_not_retry PASSED [ 73%]
tests/ifc_repair/test_request_stage.py::test_stage_signature_and_provider_request_are_public_only PASSED [ 73%]
tests/ifc_repair/test_request_stage.py::test_current_prompt_preserves_non_guid_target_selectors PASSED [ 73%]
tests/ifc_repair/test_request_stage.py::test_multi_operation_output_retains_provider_order PASSED [ 73%]
tests/ifc_repair/test_request_stage.py::test_v04_folds_unbound_properties_into_unique_created_window PASSED [ 73%]
tests/ifc_repair/test_request_stage.py::test_v04_does_not_fold_explicit_or_ambiguous_window_property_target PASSED [ 73%]
tests/ifc_repair/test_request_stage.py::test_invalid_output_is_corrected_once_with_bounded_redacted_evidence PASSED [ 74%]
tests/ifc_repair/test_request_stage.py::test_v08_retries_invalid_internal_operation_id_without_rewriting_target_global_id PASSED [ 74%]
tests/ifc_repair/test_request_stage.py::test_retry_exhaustion_has_stable_typed_failure_and_byte_stable_evidence PASSED [ 74%]
tests/ifc_repair/test_request_stage.py::test_unknown_fields_resolved_guid_and_oversized_output_fail_closed PASSED [ 74%]
tests/ifc_repair/test_request_stage.py::test_request_text_and_attempt_counts_are_bounded_before_provider_call PASSED [ 74%]
tests/ifc_repair/test_request_stage.py::test_provider_failures_use_the_same_bounded_typed_attempt_protocol PASSED [ 75%]
tests/ifc_repair/test_selected_provider_profiles.py::test_stage1_routes_and_extracts_in_exactly_one_provider_call PASSED [ 75%]
tests/ifc_repair/test_selected_provider_profiles.py::test_stage1_fill_uses_retained_opening_as_program_derived_geometry PASSED [ 75%]
tests/ifc_repair/test_selected_provider_profiles.py::test_stage1_fill_rejects_non_contract_door_parameter_aliases PASSED [ 75%]
tests/ifc_repair/test_selected_provider_profiles.py::test_stage1_unsupported_door_capability_precedes_missing_geometry PASSED [ 75%]
tests/ifc_repair/test_selected_provider_profiles.py::test_stage1_profile_mismatch_stops_without_a_second_stage PASSED [ 75%]
tests/ifc_repair/test_selected_provider_profiles.py::test_stage2_receives_only_used_full_profile_and_records_hashes PASSED [ 76%]
tests/ifc_repair/test_semantic_bundle_claim_propagation.py::test_bundle_claims_are_inlined_into_operations PASSED [ 76%]
tests/ifc_repair/test_semantic_bundle_claim_propagation.py::test_operation_local_claims_override_bundle_slots PASSED [ 76%]
tests/ifc_repair/test_semantic_bundle_claim_propagation.py::test_natural_language_bundle_claims_route_property_runtime PASSED [ 76%]
tests/ifc_repair/test_semantic_bundle_claim_propagation.py::test_unknown_bundle_reference_fails_closed PASSED [ 76%]
tests/ifc_repair/test_semantic_bundle_claim_propagation.py::test_bundle_claims_reach_production_evidence_matching PASSED [ 77%]
tests/ifc_repair/test_structural_evaluation.py::test_structural_l1_thresholds_are_inclusive_at_frozen_limits PASSED [ 77%]
tests/ifc_repair/test_structural_evaluation.py::test_structural_l1_thresholds_fail_immediately_beyond_their_named_check[axis_point-l1.structural.axis-points] PASSED [ 77%]
tests/ifc_repair/test_structural_evaluation.py::test_structural_l1_thresholds_fail_immediately_beyond_their_named_check[direction-l1.structural.axis-direction] PASSED [ 77%]
tests/ifc_repair/test_structural_evaluation.py::test_structural_l1_thresholds_fail_immediately_beyond_their_named_check[member_dimension-l1.structural.member-dimension] PASSED [ 77%]
tests/ifc_repair/test_structural_evaluation.py::test_structural_l1_thresholds_fail_immediately_beyond_their_named_check[section_dimension-l1.structural.section-dimensions] PASSED [ 77%]
tests/ifc_repair/test_structural_evaluation.py::test_volume_and_mesh_evidence_are_diagnostic_not_l1_gates PASSED [ 78%]
tests/ifc_repair/test_structural_evaluation.py::test_structural_type_relationship_allows_exact_type_reuse_or_new_binding[beam] PASSED [ 78%]
tests/ifc_repair/test_structural_evaluation.py::test_structural_type_relationship_allows_exact_type_reuse_or_new_binding[column] PASSED [ 78%]
tests/ifc_repair/test_structural_evaluation.py::test_column_profile_orientation_passes_at_point_one_degree_and_fails_beyond PASSED [ 78%]
tests/ifc_repair/test_structural_evaluation.py::test_independent_structural_audit_derives_new_member_without_application_role_mapping PASSED [ 78%]
tests/ifc_repair/test_structural_evaluation.py::test_independent_structural_authority_rejects_reused_type_fingerprint_drift PASSED [ 78%]
tests/ifc_repair/test_structural_evaluation.py::test_preservation_authority_cannot_be_supplied_by_application_claims PASSED [ 79%]
tests/ifc_repair/test_structural_prompt_profiles.py::test_structural_profiles_are_hash_bound_and_completed_families_are_executable PASSED [ 79%]
tests/ifc_repair/test_structural_prompt_profiles.py::test_stage1_structural_routing_extracts_in_one_compact_call[beam] PASSED [ 79%]
tests/ifc_repair/test_structural_prompt_profiles.py::test_stage1_structural_routing_extracts_in_one_compact_call[column] PASSED [ 79%]
tests/ifc_repair/test_structural_prompt_profiles.py::test_structural_compact_profiles_expose_only_canonical_public_slots PASSED [ 79%]
tests/ifc_repair/test_structural_prompt_profiles.py::test_stage2_selected_structural_profile_excludes_unrelated_full_payloads[beam.add-beam-column] PASSED [ 80%]
tests/ifc_repair/test_structural_prompt_profiles.py::test_stage2_selected_structural_profile_excludes_unrelated_full_payloads[column.add-column-beam] PASSED [ 80%]
tests/ifc_repair/test_structural_prompt_profiles.py::test_mixed_structural_selection_is_a_deterministic_hash_bound_union PASSED [ 80%]
tests/ifc_repair/test_structural_prompt_profiles.py::test_selected_structural_profile_rejects_profile_hash_tampering PASSED [ 80%]
tests/ifc_repair/test_structural_prompt_profiles.py::test_structural_profile_schema_and_binding_fail_closed PASSED [ 80%]
tests/ifc_repair/test_structural_property_authoring.py::test_generic_occurrence_property_scope_includes_both_structural_families PASSED [ 80%]
tests/ifc_repair/test_structural_property_authoring.py::test_structural_load_bearing_resolves_to_exact_applicable_typed_fact[IfcBeam-Pset_BeamCommon] PASSED [ 81%]
tests/ifc_repair/test_structural_property_authoring.py::test_structural_load_bearing_resolves_to_exact_applicable_typed_fact[IfcColumn-Pset_ColumnCommon] PASSED [ 81%]
tests/ifc_repair/test_structural_property_authoring.py::test_vector_only_cross_class_and_noncanonical_structural_paths_have_no_authority PASSED [ 81%]
tests/ifc_repair/test_structural_property_authoring.py::test_structural_precondition_rejects_one_defect_authority[change0-PROPERTY_PSET_NOT_APPLICABLE] PASSED [ 81%]
tests/ifc_repair/test_structural_property_authoring.py::test_structural_precondition_rejects_one_defect_authority[change1-PROPERTY_VALUE_TYPE_MISMATCH] PASSED [ 81%]
tests/ifc_repair/test_structural_property_authoring.py::test_structural_precondition_rejects_one_defect_authority[change2-PROPERTY_ASSIGNMENT_SCOPE_UNSUPPORTED] PASSED [ 82%]
tests/ifc_repair/test_structural_property_authoring.py::test_structural_semantic_role_authors_exact_property_and_reopens[IfcBeam-beam-beam_occurrence-Pset_BeamCommon] PASSED [ 82%]
tests/ifc_repair/test_structural_property_authoring.py::test_structural_semantic_role_authors_exact_property_and_reopens[IfcColumn-column-column_occurrence-Pset_ColumnCommon] PASSED [ 82%]
tests/ifc_repair/test_structural_property_authoring.py::test_beam_slope_authors_plane_angle_measure_and_reopens PASSED [ 82%]
tests/ifc_repair/test_structural_stage2_contract.py::test_h1_mixed_stage2_prompt_exposes_complete_canonical_authority PASSED [ 82%]
tests/ifc_repair/test_structural_stage2_contract.py::test_h1_mixed_manifest_versions_preserve_each_assignment_contract PASSED [ 82%]
tests/ifc_repair/test_structural_stage2_contract.py::test_structural_stage2_profiles_are_separate_draft_only_contracts PASSED [ 83%]
tests/ifc_repair/test_structural_stage2_contract.py::test_h1_mixed_binder_rejects_property_target_drift PASSED [ 83%]
tests/ifc_repair/test_structural_stage2_contract.py::test_h1_mixed_binder_accepts_set_equivalent_scope_without_identity_drift PASSED [ 83%]
tests/ifc_repair/test_structural_stage2_contract.py::test_stage2_few_shot_expected_cannot_drift_from_declared_schema PASSED [ 83%]
tests/ifc_repair/test_structural_stage2_contract.py::test_structural_stage2_projection_and_unchanged_authority_bind PASSED [ 83%]
tests/ifc_repair/test_structural_stage2_contract.py::test_structural_binder_rejects_provider_changes_to_resolved_authority[beam-coordinate-<lambda>-DRAFT_AUTHORITY_PARAMETERS_MISMATCH] PASSED [ 84%]
tests/ifc_repair/test_structural_stage2_contract.py::test_structural_binder_rejects_provider_changes_to_resolved_authority[column-section-<lambda>-DRAFT_AUTHORITY_PARAMETERS_MISMATCH] PASSED [ 84%]
tests/ifc_repair/test_structural_stage2_contract.py::test_structural_binder_rejects_provider_changes_to_resolved_authority[column-orientation-<lambda>-DRAFT_AUTHORITY_PARAMETERS_MISMATCH] PASSED [ 84%]
tests/ifc_repair/test_structural_stage2_contract.py::test_structural_binder_rejects_provider_changes_to_resolved_authority[target-<lambda>-DRAFT_AUTHORITY_TARGET_MISMATCH] PASSED [ 84%]
tests/ifc_repair/test_structural_stage2_contract.py::test_structural_binder_rejects_provider_changes_to_resolved_authority[operation-evidence-<lambda>-DRAFT_AUTHORITY_OPERATION_EVIDENCE_MISMATCH] PASSED [ 84%]
tests/ifc_repair/test_structural_stage2_contract.py::test_structural_binder_rejects_provider_changes_to_resolved_authority[resolved-scope-<lambda>-DRAFT_AUTHORITY_SCOPE_MISMATCH] PASSED [ 84%]
tests/ifc_repair/test_structural_stage2_contract.py::test_structural_binder_rejects_provider_changes_to_resolved_authority[envelope-evidence-<lambda>-DRAFT_AUTHORITY_EVIDENCE_MISMATCH] PASSED [ 85%]
tests/ifc_repair/test_structural_stage2_contract.py::test_structural_binder_rejects_provider_changes_to_resolved_authority[cardinality-<lambda>-DRAFT_AUTHORITY_OPERATION_CARDINALITY_MISMATCH] PASSED [ 85%]
tests/ifc_repair/test_structural_stage2_contract.py::test_structural_binder_rejects_provider_changes_to_resolved_authority[operation-id-<lambda>-DRAFT_AUTHORITY_OPERATION_ID_SET_MISMATCH] PASSED [ 85%]
tests/ifc_repair/test_structural_stage2_contract.py::test_structural_binder_rejects_provider_changes_to_resolved_authority[operation-type-<lambda>-DRAFT_AUTHORITY_OPERATION_TYPE_MISMATCH] PASSED [ 85%]
tests/ifc_repair/test_structural_stage2_contract.py::test_structural_draft_rejects_non_executable_shapes_before_binding[historical-prototype-intent-<lambda>-/operations/] PASSED [ 85%]
tests/ifc_repair/test_structural_stage2_contract.py::test_structural_draft_rejects_non_executable_shapes_before_binding[unknown-parameter-<lambda>-/operations/] PASSED [ 85%]
tests/ifc_repair/test_structural_stage2_contract.py::test_structural_draft_rejects_non_executable_shapes_before_binding[missing-required-geometry-<lambda>-/operations/] PASSED [ 86%]
tests/ifc_repair/test_structural_stage2_contract.py::test_structural_draft_rejects_non_executable_shapes_before_binding[wrong-parameter-nesting-<lambda>-/operations/] PASSED [ 86%]
tests/ifc_repair/test_structural_stage2_contract.py::test_structural_draft_rejects_non_executable_shapes_before_binding[wrong-target-shape-<lambda>-/operations/] PASSED [ 86%]
tests/ifc_repair/test_structural_stage2_contract.py::test_structural_draft_rejects_non_executable_shapes_before_binding[downgraded-draft-contract-<lambda>-/schema_version] PASSED [ 86%]
tests/ifc_repair/test_structural_type_reuse_authorization.py::test_modified_authorization_covers_existing_type_relation_extension[beam] PASSED [ 86%]
tests/ifc_repair/test_structural_type_reuse_authorization.py::test_modified_authorization_covers_existing_type_relation_extension[column] PASSED [ 87%]
tests/ifc_repair/test_structural_type_reuse_authorization.py::test_relation_authorization_allows_modified_existing_type_relation[beam] PASSED [ 87%]
tests/ifc_repair/test_structural_type_reuse_authorization.py::test_relation_authorization_allows_modified_existing_type_relation[column] PASSED [ 87%]
tests/ifc_repair/test_structural_type_reuse_authorization.py::test_required_type_relationship_binding_accepts_created_or_modified[beam] PASSED [ 87%]
tests/ifc_repair/test_structural_type_reuse_authorization.py::test_required_type_relationship_binding_accepts_created_or_modified[column] PASSED [ 87%]
tests/ifc_repair/test_target_query_filling_geometry.py::test_opening_dimension_constraints_match_filling_targets PASSED [ 87%]
tests/ifc_repair/test_target_query_filling_geometry.py::test_opening_dimension_constraints_match_exact_filling_dimensions PASSED [ 88%]
tests/ifc_repair/test_target_query_filling_geometry.py::test_opening_dimension_constraints_still_match_hosted_openings PASSED [ 88%]
tests/ifc_repair/test_target_query_filling_geometry.py::test_filling_with_mismatched_dimensions_is_not_offered PASSED [ 88%]
tests/ifc_repair/test_target_query_filling_geometry.py::test_overall_dimension_mismatch_excludes_filling PASSED [ 88%]
tests/ifc_repair/test_validation_acceleration.py::test_sequential_and_accelerated_evidence_is_identical PASSED [ 88%]
tests/ifc_repair/test_validation_acceleration.py::test_cache_cold_then_warm_preserves_diagnostic_signatures PASSED [ 89%]
tests/ifc_repair/test_validation_acceleration.py::test_reopened_model_reuse_preserves_full_validation_and_diff PASSED [ 89%]
tests/ifc_repair/test_validation_acceleration.py::test_accelerated_reopen_loads_the_independent_pair_concurrently PASSED [ 89%]
tests/ifc_repair/test_validation_acceleration.py::test_worker_exception_fails_closed PASSED [ 89%]
tests/ifc_repair/test_validation_acceleration.py::test_deadline_timeout_fails_closed PASSED [ 89%]
tests/ifc_repair/test_validation_acceleration.py::test_missing_worker_result_fails_closed PASSED [ 89%]
tests/ifc_repair/test_validation_acceleration.py::test_rss_limit_failure_suppresses_results PASSED [ 90%]
tests/ifc_repair/test_validation_acceleration.py::test_accelerated_rss_ignores_unrelated_parent_lifetime_peak PASSED [ 90%]
tests/ifc_repair/test_validation_acceleration.py::test_accelerated_rss_peak_respects_nonoverlapping_phases PASSED [ 90%]
tests/ifc_repair/test_validation_acceleration.py::test_accelerated_current_rss_limit_violation_still_fails_closed PASSED [ 90%]
tests/ifc_repair/test_validation_acceleration.py::test_evaluate_production_uses_green_accelerated_scheduler PASSED [ 90%]
tests/ifc_repair/test_validation_acceleration.py::test_policy_rejects_more_than_two_workers PASSED [ 91%]
tests/knowledge/test_property_search.py::test_standard_records_cover_full_registry_and_authoring_boundary PASSED [ 91%]
tests/knowledge/test_property_search.py::test_property_store_reuses_matching_corpus_and_rebuilds_on_drift PASSED [ 91%]
tests/knowledge/test_property_search.py::test_exact_and_reviewed_alias_resolve_without_vector_authority PASSED [ 91%]
tests/knowledge/test_property_search.py::test_keyword_vector_consensus_resolves_but_vector_only_does_not PASSED [ 91%]
tests/knowledge/test_property_search.py::test_custom_project_candidate_always_requires_confirmation PASSED [ 91%]
tests/knowledge/test_property_search.py::test_project_records_aggregate_metadata_without_embedding_values PASSED [ 92%]
tests/knowledge/test_property_search.py::test_project_store_reuses_records_by_source_ifc_hash PASSED [ 92%]
tests/knowledge/test_property_search.py::test_chinese_length_units_normalize_to_project_units PASSED [ 92%]
tests/knowledge/test_property_search.py::test_unsupported_measure_family_cannot_be_normalized_for_authoring PASSED [ 92%]
tests/knowledge/test_property_search.py::test_plane_angle_measure_uses_project_unit_and_rejects_explicit_conversion PASSED [ 92%]
tests/knowledge/test_property_vector_runtime.py::test_bge_embedding_provider_releases_only_loaded_transient_model PASSED [ 92%]
tests/knowledge/test_property_vector_runtime.py::test_local_embedding_native_bootstrap_loads_msvc_before_torch PASSED [ 93%]
tests/knowledge/test_property_vector_runtime.py::test_property_runtime_warmup_exercises_embedding_before_live_use PASSED [ 93%]
tests/knowledge/test_property_vector_runtime.py::test_active_runtime_module_is_additive_and_non_executable PASSED [ 93%]
tests/knowledge/test_property_vector_runtime.py::test_class_applicable_scalar_filter_precedes_vector_topk[IfcWindow-external property-Pset_WindowCommon.IsExternal] PASSED [ 93%]
tests/knowledge/test_property_vector_runtime.py::test_class_applicable_scalar_filter_precedes_vector_topk[IfcDoor-automatic close-Pset_DoorCommon.SelfClosing] PASSED [ 93%]
tests/knowledge/test_property_vector_runtime.py::test_class_applicable_scalar_filter_precedes_vector_topk[IfcWall-external property-Pset_WallCommon.IsExternal] PASSED [ 94%]
tests/knowledge/test_property_vector_runtime.py::test_class_applicable_scalar_filter_precedes_vector_topk[IfcWallStandardCase-external property-Pset_WallCommon.IsExternal] PASSED [ 94%]
tests/knowledge/test_property_vector_runtime.py::test_class_applicable_scalar_filter_precedes_vector_topk[IfcBeam-load property-Pset_BeamCommon.LoadBearing] PASSED [ 94%]
tests/knowledge/test_property_vector_runtime.py::test_class_applicable_scalar_filter_precedes_vector_topk[IfcColumn-load property-Pset_ColumnCommon.LoadBearing] PASSED [ 94%]
tests/knowledge/test_property_vector_runtime.py::test_beam_slope_plane_angle_is_active_and_retrievable PASSED [ 94%]
tests/knowledge/test_property_vector_runtime.py::test_vector_storage_version_binds_the_active_record_set PASSED [ 94%]
tests/knowledge/test_property_vector_runtime.py::test_query_candidate_and_health_documents_are_closed_public_and_stable PASSED [ 95%]
tests/knowledge/test_property_vector_runtime.py::test_historical_alias_loader_cannot_change_active_result PASSED [ 95%]
tests/knowledge/test_property_vector_runtime.py::test_post_search_ineligible_id_fails_closed PASSED [ 95%]
tests/knowledge/test_property_vector_runtime.py::test_type_owned_scope_has_no_eligible_candidates PASSED [ 95%]
tests/knowledge/test_property_vector_runtime.py::test_incompatible_value_does_not_remove_property_before_vector_retrieval[p12w04-IfcWindow-\u7a97\u7684\u9632\u706b\u7b49\u7ea7-True-Pset_WindowCommon.FireRating] PASSED [ 95%]
tests/knowledge/test_property_vector_runtime.py::test_incompatible_value_does_not_remove_property_before_vector_retrieval[p12d04-IfcDoor-door fire rating-True-Pset_DoorCommon.FireRating] PASSED [ 96%]
tests/knowledge/test_property_vector_runtime.py::test_incompatible_value_does_not_remove_property_before_vector_retrieval[p12c04-IfcColumn-column load bearing-yes-Pset_ColumnCommon.LoadBearing] PASSED [ 96%]
tests/knowledge/test_property_vector_runtime.py::test_incompatible_value_does_not_remove_property_before_vector_retrieval[p12b04-IfcBeam-beam reference code-42-Pset_BeamCommon.Reference] PASSED [ 96%]
tests/knowledge/test_property_vector_runtime.py::test_incompatible_value_does_not_remove_property_before_vector_retrieval[p12m04-IfcWall-wall acoustic performance flag-True-Pset_WallCommon.AcousticRating] PASSED [ 96%]
tests/knowledge/test_property_vector_runtime.py::test_invalid_policy_is_rejected_before_index_build PASSED [ 96%]
tests/knowledge/test_property_vector_runtime.py::test_production_default_is_not_ready_before_calibrated_policy PASSED [ 96%]
tests/knowledge/test_property_vector_runtime.py::test_missing_bge_and_qdrant_have_distinct_pre_provider_reasons PASSED [ 97%]
tests/knowledge/test_property_vector_runtime.py::test_production_runtime_config_resolves_repo_local_assets_without_download PASSED [ 97%]
tests/knowledge/test_property_vector_runtime.py::test_production_runtime_config_resolves_relative_environment_overrides PASSED [ 97%]
tests/knowledge/test_property_vector_runtime.py::test_environment_runtime_factory_forwards_one_resolved_production_config PASSED [ 97%]
tests/knowledge/test_property_vector_runtime.py::test_runtime_config_rejects_ambiguous_qdrant_location PASSED [ 97%]
tests/knowledge/test_property_vector_runtime.py::test_windows_bge_loader_preloads_system_msvc_runtime PASSED [ 98%]
tests/knowledge/test_property_vector_runtime.py::test_non_windows_bge_loader_does_not_load_dlls PASSED [ 98%]
tests/knowledge/test_property_vector_runtime.py::test_bge_identity_uses_configured_version_without_reading_weight_bytes PASSED [ 98%]
tests/knowledge/test_property_vector_runtime.py::test_public_repair_api_loads_before_torch_in_fresh_process PASSED [ 98%]
tests/knowledge/test_property_vector_runtime.py::test_qdrant_collection_build_reuse_version_change_and_allowed_filter PASSED [ 98%]
tests/ifc_repair/test_apply_transaction.py::test_transaction_publishes_only_after_reopen_and_postconditions <- ..\bimnet\tests\ifc_repair\test_apply_transaction.py PASSED [ 98%]
tests/ifc_repair/test_apply_transaction.py::test_transaction_failure_leaves_no_repaired_artifact <- ..\bimnet\tests\ifc_repair\test_apply_transaction.py PASSED [ 99%]
tests/ifc_repair/test_phase10_publication.py::test_any_terminal_gate_failure_omits_successful_ifc[False-True-True-True] <- ..\bimnet\tests\ifc_repair\test_phase10_publication.py PASSED [ 99%]
tests/ifc_repair/test_phase10_publication.py::test_any_terminal_gate_failure_omits_successful_ifc[True-False-True-True] <- ..\bimnet\tests\ifc_repair\test_phase10_publication.py PASSED [ 99%]
tests/ifc_repair/test_phase10_publication.py::test_any_terminal_gate_failure_omits_successful_ifc[True-True-False-True] <- ..\bimnet\tests\ifc_repair\test_phase10_publication.py PASSED [ 99%]
tests/ifc_repair/test_phase10_publication.py::test_any_terminal_gate_failure_omits_successful_ifc[True-True-True-False] <- ..\bimnet\tests\ifc_repair\test_phase10_publication.py PASSED [ 99%]
tests/ifc_repair/test_phase10_1_publication.py::test_requested_property_l2_failure_never_exposes_successful_ifc <- ..\bimnet\tests\ifc_repair\test_phase10_1_publication.py PASSED [100%]

================================== FAILURES ===================================
_________ test_preflight_pytest_commands_use_run_local_temp_and_cache _________
tests\ifc_repair\test_phase12_live_uat.py:1844: in test_preflight_pytest_commands_use_run_local_temp_and_cache
    assert not any(".pytest-tmp" in item for item in command)
E   assert not True
E    +  where True = any(<generator object test_preflight_pytest_commands_use_run_local_temp_and_cache.<locals>.<genexpr> at 0x000001DF28729F20>)
- generated xml file: E:\code for project\bimnet-zcode\.tmp\zcode-integration\changed-scope-v2.junit.xml -
=========================== short test summary info ===========================
FAILED tests/ifc_repair/test_phase12_live_uat.py::test_preflight_pytest_commands_use_run_local_temp_and_cache - assert not True
 +  where True = any(<generator object test_preflight_pytest_commands_use_run_local_temp_and_cache.<locals>.<genexpr> at 0x000001DF28729F20>)
================= 1 failed, 556 passed in 1144.01s (0:19:04) ==================
