warning: unable to access 'C:\Users\rt do believe/.config/git/ignore': Permission denied
warning: unable to access 'C:\Users\rt do believe/.config/git/ignore': Permission denied
dataset/processed/proof/repair/phase12/plan07-v2/beam-column-atomic/01-original.ifc: Permission denied
dataset/processed/proof/repair/phase12/plan07-v2/beam-column-atomic/02-damaged.ifc: Permission denied
dataset/processed/proof/repair/phase12/plan07-v2/beam-column-atomic/03-repaired.ifc: Permission denied
dataset/processed/proof/repair/phase12/plan07-v2/beam-column-atomic/FILES.json: Permission denied
dataset/processed/proof/repair/phase12/plan07-v2/beam-column-atomic/REPORT.md: Permission denied
dataset/processed/proof/repair/phase12/plan07-v2/beam-column-atomic/evidence/README.md: Permission denied
dataset/processed/proof/repair/phase12/plan07-v2/beam-column-atomic/evidence/authority/.validation-cache/85b7382440210a12e4075102298a508434e7c3c4dc9c6b170843d4824eee77e9.json: Permission denied
dataset/processed/proof/repair/phase12/plan07-v2/beam-column-atomic/evidence/authority/.validation-cache/88ca75fb22917a928483395d1ae31f269e7644bf1d0b9ca4d25c77974d9e7682.json: Permission denied
dataset/processed/proof/repair/phase12/plan07-v2/beam-column-atomic/evidence/authority/FILES.json: Permission denied
dataset/processed/proof/repair/phase12/plan07-v2/beam-column-atomic/evidence/authority/REPORT.md: Permission denied
dataset/processed/proof/repair/phase12/plan07-v2/beam-column-atomic/evidence/authority/application.json: Permission denied
dataset/processed/proof/repair/phase12/plan07-v2/beam-column-atomic/evidence/authority/changeset.json: Permission denied
dataset/processed/proof/repair/phase12/plan07-v2/beam-column-atomic/evidence/authority/comparison.json: Permission denied
dataset/processed/proof/repair/phase12/plan07-v2/beam-column-atomic/evidence/authority/evaluation.json: Permission denied
dataset/processed/proof/repair/phase12/plan07-v2/beam-column-atomic/evidence/authority/manifest.json: Permission denied
dataset/processed/proof/repair/phase12/plan07-v2/beam-column-atomic/evidence/authority/mutation_manifest.private.json: Permission denied
dataset/processed/proof/repair/phase12/plan07-v2/beam-column-atomic/evidence/authority/mutation_report.json: Permission denied
dataset/processed/proof/repair/phase12/plan07-v2/beam-column-atomic/evidence/authority/production-boundary.json: Permission denied
dataset/processed/proof/repair/phase12/plan07-v2/beam-column-atomic/evidence/authority/production-evidence.json: Permission denied
dataset/processed/proof/repair/phase12/plan07-v2/beam-column-atomic/evidence/authority/repair-intent.json: Permission denied
dataset/processed/proof/repair/phase12/plan07-v2/beam-column-atomic/evidence/authority/semantic-manifests.json: Permission denied
dataset/processed/proof/repair/phase12/plan07-v2/beam-column-atomic/evidence/authority/structural-restoration-audit.json: Permission denied
dataset/processed/proof/repair/phase12/plan07-v2/beam-column-atomic/evidence/authority/target-index.sqlite: Permission denied
dataset/processed/proof/repair/phase12/plan07-v2/beam-column-atomic/evidence/authority/target-resolution.json: Permission denied
dataset/processed/proof/repair/phase12/plan07-v2/beam-column-atomic/evidence/prior-FILES.json: Permission denied
dataset/processed/proof/repair/phase12/plan07-v2/beam-column-atomic/evidence/prior-REPORT.md: Permission denied
dataset/processed/proof/repair/phase12/plan07-v2/beam-column-atomic/evidence/review/agent/production-evidence.json: Permission denied
dataset/processed/proof/repair/phase12/plan07-v2/beam-column-atomic/evidence/review/agent/repair-intent.json: Permission denied
dataset/processed/proof/repair/phase12/plan07-v2/beam-column-atomic/evidence/review/agent/semantic-manifests.json: Permission denied
dataset/processed/proof/repair/phase12/plan07-v2/beam-column-atomic/evidence/review/agent/target-resolution.json: Permission denied
dataset/processed/proof/repair/phase12/plan07-v2/beam-column-atomic/evidence/review/changeset/bound-changeset.json: Permission denied
dataset/processed/proof/repair/phase12/plan07-v2/beam-column-atomic/evidence/review/input/request.txt: Permission denied
dataset/processed/proof/repair/phase12/plan07-v2/beam-column-atomic/evidence/review/private-evaluation/mutation-manifest.json: Permission denied
dataset/processed/proof/repair/phase12/plan07-v2/beam-column-atomic/evidence/review/private-evaluation/mutation-report.json: Permission denied
dataset/processed/proof/repair/phase12/plan07-v2/beam-column-atomic/evidence/review/validation/AUDIT-REPORT.md: Permission denied
dataset/processed/proof/repair/phase12/plan07-v2/beam-column-atomic/evidence/review/validation/application.json: Permission denied
dataset/processed/proof/repair/phase12/plan07-v2/beam-column-atomic/evidence/review/validation/ifc-comparison.json: Permission denied
dataset/processed/proof/repair/phase12/plan07-v2/beam-column-atomic/evidence/review/validation/production-boundary.json: Permission denied
dataset/processed/proof/repair/phase12/plan07-v2/beam-column-atomic/evidence/review/validation/production-evaluation.json: Permission denied
dataset/processed/proof/repair/phase12/plan07-v2/beam-column-atomic/evidence/review/validation/source-run-manifest.json: Permission denied
dataset/processed/proof/repair/phase12/plan07-v2/beam-column-atomic/evidence/review/validation/structural-restoration-audit.json: Permission denied
dataset/processed/proof/repair/phase12/plan07-v2/beam-column-atomic/request.txt: Permission denied
dataset/processed/proof/repair/phase12/plan07-v2/beam-loadbearing/01-original.ifc: Permission denied
dataset/processed/proof/repair/phase12/plan07-v2/beam-loadbearing/02-damaged.ifc: Permission denied
dataset/processed/proof/repair/phase12/plan07-v2/beam-loadbearing/03-repaired.ifc: Permission denied
dataset/processed/proof/repair/phase12/plan07-v2/beam-loadbearing/FILES.json: Permission denied
dataset/processed/proof/repair/phase12/plan07-v2/beam-loadbearing/REPORT.md: Permission denied
dataset/processed/proof/repair/phase12/plan07-v2/beam-loadbearing/evidence/README.md: Permission denied
dataset/processed/proof/repair/phase12/plan07-v2/beam-loadbearing/evidence/authority/.validation-cache/b07376cb606fc56fa2f059a946cce063ea703f4b78de63c7cabaa8419800320d.json: Permission denied
dataset/processed/proof/repair/phase12/plan07-v2/beam-loadbearing/evidence/authority/.validation-cache/ba46b36193201c012d2241d32cbfa253173783395fd468158481704c8599f12e.json: Permission denied
dataset/processed/proof/repair/phase12/plan07-v2/beam-loadbearing/evidence/authority/FILES.json: Permission denied
dataset/processed/proof/repair/phase12/plan07-v2/beam-loadbearing/evidence/authority/REPORT.md: Permission denied
dataset/processed/proof/repair/phase12/plan07-v2/beam-loadbearing/evidence/authority/application.json: Permission denied
dataset/processed/proof/repair/phase12/plan07-v2/beam-loadbearing/evidence/authority/changeset.json: Permission denied
dataset/processed/proof/repair/phase12/plan07-v2/beam-loadbearing/evidence/authority/comparison.json: Permission denied
dataset/processed/proof/repair/phase12/plan07-v2/beam-loadbearing/evidence/authority/evaluation.json: Permission denied
dataset/processed/proof/repair/phase12/plan07-v2/beam-loadbearing/evidence/authority/manifest.json: Permission denied
dataset/processed/proof/repair/phase12/plan07-v2/beam-loadbearing/evidence/authority/mutation_manifest.private.json: Permission denied
dataset/processed/proof/repair/phase12/plan07-v2/beam-loadbearing/evidence/authority/mutation_report.json: Permission denied
dataset/processed/proof/repair/phase12/plan07-v2/beam-loadbearing/evidence/authority/production-boundary.json: Permission denied
dataset/processed/proof/repair/phase12/plan07-v2/beam-loadbearing/evidence/authority/production-evidence.json: Permission denied
dataset/processed/proof/repair/phase12/plan07-v2/beam-loadbearing/evidence/authority/property-resolution/phase12-v2-vvo-beam-loadbearing-restoration-beam-1/claim-001/admissibility.json: Permission denied
dataset/processed/proof/repair/phase12/plan07-v2/beam-loadbearing/evidence/authority/property-resolution/phase12-v2-vvo-beam-loadbearing-restoration-beam-1/claim-001/candidate-set.json: Permission denied
dataset/processed/proof/repair/phase12/plan07-v2/beam-loadbearing/evidence/authority/property-resolution/phase12-v2-vvo-beam-loadbearing-restoration-beam-1/claim-001/provider/attempt-001/parsed-response.json: Permission denied
dataset/processed/proof/repair/phase12/plan07-v2/beam-loadbearing/evidence/authority/property-resolution/phase12-v2-vvo-beam-loadbearing-restoration-beam-1/claim-001/provider/attempt-001/provider-metadata.json: Permission denied
dataset/processed/proof/repair/phase12/plan07-v2/beam-loadbearing/evidence/authority/property-resolution/phase12-v2-vvo-beam-loadbearing-restoration-beam-1/claim-001/provider/attempt-001/raw-response.json: Permission denied
dataset/processed/proof/repair/phase12/plan07-v2/beam-loadbearing/evidence/authority/property-resolution/phase12-v2-vvo-beam-loadbearing-restoration-beam-1/claim-001/provider/attempt-001/rendered-prompt.txt: Permission denied
dataset/processed/proof/repair/phase12/plan07-v2/beam-loadbearing/evidence/authority/property-resolution/phase12-v2-vvo-beam-loadbearing-restoration-beam-1/claim-001/provider/attempt-001/renderer-input.json: Permission denied
dataset/processed/proof/repair/phase12/plan07-v2/beam-loadbearing/evidence/authority/property-resolution/phase12-v2-vvo-beam-loadbearing-restoration-beam-1/claim-001/provider/attempt-001/trace.json: Permission denied
dataset/processed/proof/repair/phase12/plan07-v2/beam-loadbearing/evidence/authority/property-resolution/phase12-v2-vvo-beam-loadbearing-restoration-beam-1/claim-001/provider/attempt-001/validation-feedback.json: Permission denied
dataset/processed/proof/repair/phase12/plan07-v2/beam-loadbearing/evidence/authority/property-resolution/phase12-v2-vvo-beam-loadbearing-restoration-beam-1/claim-001/query.json: Permission denied
dataset/processed/proof/repair/phase12/plan07-v2/beam-loadbearing/evidence/authority/repair-intent.json: Permission denied
dataset/processed/proof/repair/phase12/plan07-v2/beam-loadbearing/evidence/authority/semantic-manifest.json: Permission denied
dataset/processed/proof/repair/phase12/plan07-v2/beam-loadbearing/evidence/authority/structural-restoration-audit.json: Permission denied
dataset/processed/proof/repair/phase12/plan07-v2/beam-loadbearing/evidence/authority/target-index.sqlite: Permission denied
dataset/processed/proof/repair/phase12/plan07-v2/beam-loadbearing/evidence/authority/target-resolution.json: Permission denied
dataset/processed/proof/repair/phase12/plan07-v2/beam-loadbearing/evidence/prior-FILES.json: Permission denied
dataset/processed/proof/repair/phase12/plan07-v2/beam-loadbearing/evidence/prior-REPORT.md: Permission denied
dataset/processed/proof/repair/phase12/plan07-v2/beam-loadbearing/evidence/review/agent/production-evidence.json: Permission denied
dataset/processed/proof/repair/phase12/plan07-v2/beam-loadbearing/evidence/review/agent/property-resolution/phase12-v2-vvo-beam-loadbearing-restoration-beam-1/claim-001/admissibility.json: Permission denied
dataset/processed/proof/repair/phase12/plan07-v2/beam-loadbearing/evidence/review/agent/property-resolution/phase12-v2-vvo-beam-loadbearing-restoration-beam-1/claim-001/candidate-set.json: Permission denied
dataset/processed/proof/repair/phase12/plan07-v2/beam-loadbearing/evidence/review/agent/property-resolution/phase12-v2-vvo-beam-loadbearing-restoration-beam-1/claim-001/provider/attempt-001/parsed-response.json: Permission denied
dataset/processed/proof/repair/phase12/plan07-v2/beam-loadbearing/evidence/review/agent/property-resolution/phase12-v2-vvo-beam-loadbearing-restoration-beam-1/claim-001/provider/attempt-001/provider-metadata.json: Permission denied
dataset/processed/proof/repair/phase12/plan07-v2/beam-loadbearing/evidence/review/agent/property-resolution/phase12-v2-vvo-beam-loadbearing-restoration-beam-1/claim-001/provider/attempt-001/raw-response.json: Permission denied
dataset/processed/proof/repair/phase12/plan07-v2/beam-loadbearing/evidence/review/agent/property-resolution/phase12-v2-vvo-beam-loadbearing-restoration-beam-1/claim-001/provider/attempt-001/rendered-prompt.txt: Permission denied
dataset/processed/proof/repair/phase12/plan07-v2/beam-loadbearing/evidence/review/agent/property-resolution/phase12-v2-vvo-beam-loadbearing-restoration-beam-1/claim-001/provider/attempt-001/renderer-input.json: Permission denied
dataset/processed/proof/repair/phase12/plan07-v2/beam-loadbearing/evidence/review/agent/property-resolution/phase12-v2-vvo-beam-loadbearing-restoration-beam-1/claim-001/provider/attempt-001/trace.json: Permission denied
dataset/processed/proof/repair/phase12/plan07-v2/beam-loadbearing/evidence/review/agent/property-resolution/phase12-v2-vvo-beam-loadbearing-restoration-beam-1/claim-001/provider/attempt-001/validation-feedback.json: Permission denied
dataset/processed/proof/repair/phase12/plan07-v2/beam-loadbearing/evidence/review/agent/property-resolution/phase12-v2-vvo-beam-loadbearing-restoration-beam-1/claim-001/query.json: Permission denied
dataset/processed/proof/repair/phase12/plan07-v2/beam-loadbearing/evidence/review/agent/repair-intent.json: Permission denied
dataset/processed/proof/repair/phase12/plan07-v2/beam-loadbearing/evidence/review/agent/semantic-manifest.json: Permission denied
dataset/processed/proof/repair/phase12/plan07-v2/beam-loadbearing/evidence/review/agent/target-resolution.json: Permission denied
dataset/processed/proof/repair/phase12/plan07-v2/beam-loadbearing/evidence/review/changeset/bound-changeset.json: Permission denied
dataset/processed/proof/repair/phase12/plan07-v2/beam-loadbearing/evidence/review/input/request.txt: Permission denied
dataset/processed/proof/repair/phase12/plan07-v2/beam-loadbearing/evidence/review/private-evaluation/mutation-manifest.json: Permission denied
dataset/processed/proof/repair/phase12/plan07-v2/beam-loadbearing/evidence/review/private-evaluation/mutation-report.json: Permission denied
dataset/processed/proof/repair/phase12/plan07-v2/beam-loadbearing/evidence/review/validation/AUDIT-REPORT.md: Permission denied
dataset/processed/proof/repair/phase12/plan07-v2/beam-loadbearing/evidence/review/validation/application.json: Permission denied
dataset/processed/proof/repair/phase12/plan07-v2/beam-loadbearing/evidence/review/validation/ifc-comparison.json: Permission denied
dataset/processed/proof/repair/phase12/plan07-v2/beam-loadbearing/evidence/review/validation/production-boundary.json: Permission denied
dataset/processed/proof/repair/phase12/plan07-v2/beam-loadbearing/evidence/review/validation/production-evaluation.json: Permission denied
dataset/processed/proof/repair/phase12/plan07-v2/beam-loadbearing/evidence/review/validation/source-run-manifest.json: Permission denied
dataset/processed/proof/repair/phase12/plan07-v2/beam-loadbearing/evidence/review/validation/structural-restoration-audit.json: Permission denied
dataset/processed/proof/repair/phase12/plan07-v2/beam-loadbearing/request.txt: Permission denied
dataset/processed/proof/repair/phase12/plan07-v2/beam-material-present/01-original.ifc: Permission denied
dataset/processed/proof/repair/phase12/plan07-v2/beam-material-present/02-damaged.ifc: Permission denied
dataset/processed/proof/repair/phase12/plan07-v2/beam-material-present/03-repaired.ifc: Permission denied
dataset/processed/proof/repair/phase12/plan07-v2/beam-material-present/FILES.json: Permission denied
dataset/processed/proof/repair/phase12/plan07-v2/beam-material-present/REPORT.md: Permission denied
dataset/processed/proof/repair/phase12/plan07-v2/beam-material-present/evidence/README.md: Permission denied
dataset/processed/proof/repair/phase12/plan07-v2/beam-material-present/evidence/authority/.validation-cache/580d650b14063d162ae13fa8d7db782935f7c681f190c420583ee917d68d2c2a.json: Permission denied
dataset/processed/proof/repair/phase12/plan07-v2/beam-material-present/evidence/authority/.validation-cache/ba46b36193201c012d2241d32cbfa253173783395fd468158481704c8599f12e.json: Permission denied
dataset/processed/proof/repair/phase12/plan07-v2/beam-material-present/evidence/authority/FILES.json: Permission denied
dataset/processed/proof/repair/phase12/plan07-v2/beam-material-present/evidence/authority/REPORT.md: Permission denied
dataset/processed/proof/repair/phase12/plan07-v2/beam-material-present/evidence/authority/application.json: Permission denied
dataset/processed/proof/repair/phase12/plan07-v2/beam-material-present/evidence/authority/changeset.json: Permission denied
dataset/processed/proof/repair/phase12/plan07-v2/beam-material-present/evidence/authority/comparison.json: Permission denied
dataset/processed/proof/repair/phase12/plan07-v2/beam-material-present/evidence/authority/evaluation.json: Permission denied
dataset/processed/proof/repair/phase12/plan07-v2/beam-material-present/evidence/authority/manifest.json: Permission denied
dataset/processed/proof/repair/phase12/plan07-v2/beam-material-present/evidence/authority/mutation_manifest.private.json: Permission denied
dataset/processed/proof/repair/phase12/plan07-v2/beam-material-present/evidence/authority/mutation_report.json: Permission denied
dataset/processed/proof/repair/phase12/plan07-v2/beam-material-present/evidence/authority/production-boundary.json: Permission denied
dataset/processed/proof/repair/phase12/plan07-v2/beam-material-present/evidence/authority/production-evidence.json: Permission denied
dataset/processed/proof/repair/phase12/plan07-v2/beam-material-present/evidence/authority/repair-intent.json: Permission denied
dataset/processed/proof/repair/phase12/plan07-v2/beam-material-present/evidence/authority/semantic-manifest.json: Permission denied
dataset/processed/proof/repair/phase12/plan07-v2/beam-material-present/evidence/authority/structural-restoration-audit.json: Permission denied
dataset/processed/proof/repair/phase12/plan07-v2/beam-material-present/evidence/authority/target-index.sqlite: Permission denied
dataset/processed/proof/repair/phase12/plan07-v2/beam-material-present/evidence/authority/target-resolution.json: Permission denied
dataset/processed/proof/repair/phase12/plan07-v2/beam-material-present/evidence/prior-FILES.json: Permission denied
dataset/processed/proof/repair/phase12/plan07-v2/beam-material-present/evidence/prior-REPORT.md: Permission denied
dataset/processed/proof/repair/phase12/plan07-v2/beam-material-present/evidence/review/agent/production-evidence.json: Permission denied
dataset/processed/proof/repair/phase12/plan07-v2/beam-material-present/evidence/review/agent/repair-intent.json: Permission denied
dataset/processed/proof/repair/phase12/plan07-v2/beam-material-present/evidence/review/agent/semantic-manifest.json: Permission denied
dataset/processed/proof/repair/phase12/plan07-v2/beam-material-present/evidence/review/agent/target-resolution.json: Permission denied
dataset/processed/proof/repair/phase12/plan07-v2/beam-material-present/evidence/review/changeset/bound-changeset.json: Permission denied
dataset/processed/proof/repair/phase12/plan07-v2/beam-material-present/evidence/review/input/request.txt: Permission denied
dataset/processed/proof/repair/phase12/plan07-v2/beam-material-present/evidence/review/private-evaluation/mutation-manifest.json: Permission denied
dataset/processed/proof/repair/phase12/plan07-v2/beam-material-present/evidence/review/private-evaluation/mutation-report.json: Permission denied
dataset/processed/proof/repair/phase12/plan07-v2/beam-material-present/evidence/review/validation/AUDIT-REPORT.md: Permission denied
dataset/processed/proof/repair/phase12/plan07-v2/beam-material-present/evidence/review/validation/application.json: Permission denied
dataset/processed/proof/repair/phase12/plan07-v2/beam-material-present/evidence/review/validation/ifc-comparison.json: Permission denied
dataset/processed/proof/repair/phase12/plan07-v2/beam-material-present/evidence/review/validation/production-boundary.json: Permission denied
dataset/processed/proof/repair/phase12/plan07-v2/beam-material-present/evidence/review/validation/production-evaluation.json: Permission denied
dataset/processed/proof/repair/phase12/plan07-v2/beam-material-present/evidence/review/validation/source-run-manifest.json: Permission denied
dataset/processed/proof/repair/phase12/plan07-v2/beam-material-present/evidence/review/validation/structural-restoration-audit.json: Permission denied
dataset/processed/proof/repair/phase12/plan07-v2/beam-material-present/request.txt: Permission denied
dataset/processed/proof/repair/phase12/plan07-v2/column-loadbearing/01-original.ifc: Permission denied
dataset/processed/proof/repair/phase12/plan07-v2/column-loadbearing/02-damaged.ifc: Permission denied
dataset/processed/proof/repair/phase12/plan07-v2/column-loadbearing/03-repaired.ifc: Permission denied
dataset/processed/proof/repair/phase12/plan07-v2/column-loadbearing/FILES.json: Permission denied
dataset/processed/proof/repair/phase12/plan07-v2/column-loadbearing/REPORT.md: Permission denied
dataset/processed/proof/repair/phase12/plan07-v2/column-loadbearing/evidence/README.md: Permission denied
dataset/processed/proof/repair/phase12/plan07-v2/column-loadbearing/evidence/authority/.validation-cache/42e3c36f701216b4278cab8cc6d7b0c94f60cbfc2d78e4c51ebdcb80b3e68a59.json: Permission denied
dataset/processed/proof/repair/phase12/plan07-v2/column-loadbearing/evidence/authority/.validation-cache/926da8b3bd65192ca5ca34e196b567846cb95f6e7f5e4ab57d4ce297a661c7f6.json: Permission denied
dataset/processed/proof/repair/phase12/plan07-v2/column-loadbearing/evidence/authority/FILES.json: Permission denied
dataset/processed/proof/repair/phase12/plan07-v2/column-loadbearing/evidence/authority/REPORT.md: Permission denied
dataset/processed/proof/repair/phase12/plan07-v2/column-loadbearing/evidence/authority/application.json: Permission denied
dataset/processed/proof/repair/phase12/plan07-v2/column-loadbearing/evidence/authority/changeset.json: Permission denied
dataset/processed/proof/repair/phase12/plan07-v2/column-loadbearing/evidence/authority/comparison.json: Permission denied
dataset/processed/proof/repair/phase12/plan07-v2/column-loadbearing/evidence/authority/evaluation.json: Permission denied
dataset/processed/proof/repair/phase12/plan07-v2/column-loadbearing/evidence/authority/manifest.json: Permission denied
dataset/processed/proof/repair/phase12/plan07-v2/column-loadbearing/evidence/authority/mutation_manifest.private.json: Permission denied
dataset/processed/proof/repair/phase12/plan07-v2/column-loadbearing/evidence/authority/mutation_report.json: Permission denied
dataset/processed/proof/repair/phase12/plan07-v2/column-loadbearing/evidence/authority/production-boundary.json: Permission denied
dataset/processed/proof/repair/phase12/plan07-v2/column-loadbearing/evidence/authority/production-evidence.json: Permission denied
dataset/processed/proof/repair/phase12/plan07-v2/column-loadbearing/evidence/authority/property-resolution/phase12-v2-vvo-column-loadbearing-restoration-column-1/claim-001/admissibility.json: Permission denied
dataset/processed/proof/repair/phase12/plan07-v2/column-loadbearing/evidence/authority/property-resolution/phase12-v2-vvo-column-loadbearing-restoration-column-1/claim-001/candidate-set.json: Permission denied
dataset/processed/proof/repair/phase12/plan07-v2/column-loadbearing/evidence/authority/property-resolution/phase12-v2-vvo-column-loadbearing-restoration-column-1/claim-001/provider/attempt-001/parsed-response.json: Permission denied
dataset/processed/proof/repair/phase12/plan07-v2/column-loadbearing/evidence/authority/property-resolution/phase12-v2-vvo-column-loadbearing-restoration-column-1/claim-001/provider/attempt-001/provider-metadata.json: Permission denied
dataset/processed/proof/repair/phase12/plan07-v2/column-loadbearing/evidence/authority/property-resolution/phase12-v2-vvo-column-loadbearing-restoration-column-1/claim-001/provider/attempt-001/raw-response.json: Permission denied
dataset/processed/proof/repair/phase12/plan07-v2/column-loadbearing/evidence/authority/property-resolution/phase12-v2-vvo-column-loadbearing-restoration-column-1/claim-001/provider/attempt-001/rendered-prompt.txt: Permission denied
dataset/processed/proof/repair/phase12/plan07-v2/column-loadbearing/evidence/authority/property-resolution/phase12-v2-vvo-column-loadbearing-restoration-column-1/claim-001/provider/attempt-001/renderer-input.json: Permission denied
dataset/processed/proof/repair/phase12/plan07-v2/column-loadbearing/evidence/authority/property-resolution/phase12-v2-vvo-column-loadbearing-restoration-column-1/claim-001/provider/attempt-001/trace.json: Permission denied
dataset/processed/proof/repair/phase12/plan07-v2/column-loadbearing/evidence/authority/property-resolution/phase12-v2-vvo-column-loadbearing-restoration-column-1/claim-001/provider/attempt-001/validation-feedback.json: Permission denied
dataset/processed/proof/repair/phase12/plan07-v2/column-loadbearing/evidence/authority/property-resolution/phase12-v2-vvo-column-loadbearing-restoration-column-1/claim-001/query.json: Permission denied
dataset/processed/proof/repair/phase12/plan07-v2/column-loadbearing/evidence/authority/repair-intent.json: Permission denied
dataset/processed/proof/repair/phase12/plan07-v2/column-loadbearing/evidence/authority/semantic-manifest.json: Permission denied
dataset/processed/proof/repair/phase12/plan07-v2/column-loadbearing/evidence/authority/structural-restoration-audit.json: Permission denied
dataset/processed/proof/repair/phase12/plan07-v2/column-loadbearing/evidence/authority/target-index.sqlite: Permission denied
dataset/processed/proof/repair/phase12/plan07-v2/column-loadbearing/evidence/authority/target-resolution.json: Permission denied
dataset/processed/proof/repair/phase12/plan07-v2/column-loadbearing/evidence/prior-FILES.json: Permission denied
dataset/processed/proof/repair/phase12/plan07-v2/column-loadbearing/evidence/prior-REPORT.md: Permission denied
dataset/processed/proof/repair/phase12/plan07-v2/column-loadbearing/evidence/review/agent/production-evidence.json: Permission denied
dataset/processed/proof/repair/phase12/plan07-v2/column-loadbearing/evidence/review/agent/property-resolution/phase12-v2-vvo-column-loadbearing-restoration-column-1/claim-001/admissibility.json: Permission denied
dataset/processed/proof/repair/phase12/plan07-v2/column-loadbearing/evidence/review/agent/property-resolution/phase12-v2-vvo-column-loadbearing-restoration-column-1/claim-001/candidate-set.json: Permission denied
dataset/processed/proof/repair/phase12/plan07-v2/column-loadbearing/evidence/review/agent/property-resolution/phase12-v2-vvo-column-loadbearing-restoration-column-1/claim-001/provider/attempt-001/parsed-response.json: Permission denied
dataset/processed/proof/repair/phase12/plan07-v2/column-loadbearing/evidence/review/agent/property-resolution/phase12-v2-vvo-column-loadbearing-restoration-column-1/claim-001/provider/attempt-001/provider-metadata.json: Permission denied
dataset/processed/proof/repair/phase12/plan07-v2/column-loadbearing/evidence/review/agent/property-resolution/phase12-v2-vvo-column-loadbearing-restoration-column-1/claim-001/provider/attempt-001/raw-response.json: Permission denied
dataset/processed/proof/repair/phase12/plan07-v2/column-loadbearing/evidence/review/agent/property-resolution/phase12-v2-vvo-column-loadbearing-restoration-column-1/claim-001/provider/attempt-001/rendered-prompt.txt: Permission denied
dataset/processed/proof/repair/phase12/plan07-v2/column-loadbearing/evidence/review/agent/property-resolution/phase12-v2-vvo-column-loadbearing-restoration-column-1/claim-001/provider/attempt-001/renderer-input.json: Permission denied
dataset/processed/proof/repair/phase12/plan07-v2/column-loadbearing/evidence/review/agent/property-resolution/phase12-v2-vvo-column-loadbearing-restoration-column-1/claim-001/provider/attempt-001/trace.json: Permission denied
dataset/processed/proof/repair/phase12/plan07-v2/column-loadbearing/evidence/review/agent/property-resolution/phase12-v2-vvo-column-loadbearing-restoration-column-1/claim-001/provider/attempt-001/validation-feedback.json: Permission denied
dataset/processed/proof/repair/phase12/plan07-v2/column-loadbearing/evidence/review/agent/property-resolution/phase12-v2-vvo-column-loadbearing-restoration-column-1/claim-001/query.json: Permission denied
dataset/processed/proof/repair/phase12/plan07-v2/column-loadbearing/evidence/review/agent/repair-intent.json: Permission denied
dataset/processed/proof/repair/phase12/plan07-v2/column-loadbearing/evidence/review/agent/semantic-manifest.json: Permission denied
dataset/processed/proof/repair/phase12/plan07-v2/column-loadbearing/evidence/review/agent/target-resolution.json: Permission denied
dataset/processed/proof/repair/phase12/plan07-v2/column-loadbearing/evidence/review/changeset/bound-changeset.json: Permission denied
dataset/processed/proof/repair/phase12/plan07-v2/column-loadbearing/evidence/review/input/request.txt: Permission denied
dataset/processed/proof/repair/phase12/plan07-v2/column-loadbearing/evidence/review/private-evaluation/mutation-manifest.json: Permission denied
dataset/processed/proof/repair/phase12/plan07-v2/column-loadbearing/evidence/review/private-evaluation/mutation-report.json: Permission denied
dataset/processed/proof/repair/phase12/plan07-v2/column-loadbearing/evidence/review/validation/AUDIT-REPORT.md: Permission denied
dataset/processed/proof/repair/phase12/plan07-v2/column-loadbearing/evidence/review/validation/application.json: Permission denied
dataset/processed/proof/repair/phase12/plan07-v2/column-loadbearing/evidence/review/validation/ifc-comparison.json: Permission denied
dataset/processed/proof/repair/phase12/plan07-v2/column-loadbearing/evidence/review/validation/production-boundary.json: Permission denied
dataset/processed/proof/repair/phase12/plan07-v2/column-loadbearing/evidence/review/validation/production-evaluation.json: Permission denied
dataset/processed/proof/repair/phase12/plan07-v2/column-loadbearing/evidence/review/validation/source-run-manifest.json: Permission denied
dataset/processed/proof/repair/phase12/plan07-v2/column-loadbearing/evidence/review/validation/structural-restoration-audit.json: Permission denied
dataset/processed/proof/repair/phase12/plan07-v2/column-loadbearing/request.txt: Permission denied
dataset/processed/proof/repair/phase12/plan07-v2/column-material-absent/01-original.ifc: Permission denied
dataset/processed/proof/repair/phase12/plan07-v2/column-material-absent/02-damaged.ifc: Permission denied
dataset/processed/proof/repair/phase12/plan07-v2/column-material-absent/03-repaired.ifc: Permission denied
dataset/processed/proof/repair/phase12/plan07-v2/column-material-absent/FILES.json: Permission denied
dataset/processed/proof/repair/phase12/plan07-v2/column-material-absent/REPORT.md: Permission denied
dataset/processed/proof/repair/phase12/plan07-v2/column-material-absent/evidence/README.md: Permission denied
dataset/processed/proof/repair/phase12/plan07-v2/column-material-absent/evidence/authority/.validation-cache/42e3c36f701216b4278cab8cc6d7b0c94f60cbfc2d78e4c51ebdcb80b3e68a59.json: Permission denied
dataset/processed/proof/repair/phase12/plan07-v2/column-material-absent/evidence/authority/.validation-cache/f9a79c7e705e0693c4924b81e1ba07c0a4a31b3e6f0d9538ca86c0f465d205bd.json: Permission denied
dataset/processed/proof/repair/phase12/plan07-v2/column-material-absent/evidence/authority/FILES.json: Permission denied
dataset/processed/proof/repair/phase12/plan07-v2/column-material-absent/evidence/authority/REPORT.md: Permission denied
dataset/processed/proof/repair/phase12/plan07-v2/column-material-absent/evidence/authority/application.json: Permission denied
dataset/processed/proof/repair/phase12/plan07-v2/column-material-absent/evidence/authority/changeset.json: Permission denied
dataset/processed/proof/repair/phase12/plan07-v2/column-material-absent/evidence/authority/comparison.json: Permission denied
dataset/processed/proof/repair/phase12/plan07-v2/column-material-absent/evidence/authority/evaluation.json: Permission denied
dataset/processed/proof/repair/phase12/plan07-v2/column-material-absent/evidence/authority/manifest.json: Permission denied
dataset/processed/proof/repair/phase12/plan07-v2/column-material-absent/evidence/authority/mutation_manifest.private.json: Permission denied
dataset/processed/proof/repair/phase12/plan07-v2/column-material-absent/evidence/authority/mutation_report.json: Permission denied
dataset/processed/proof/repair/phase12/plan07-v2/column-material-absent/evidence/authority/production-boundary.json: Permission denied
dataset/processed/proof/repair/phase12/plan07-v2/column-material-absent/evidence/authority/production-evidence.json: Permission denied
dataset/processed/proof/repair/phase12/plan07-v2/column-material-absent/evidence/authority/repair-intent.json: Permission denied
dataset/processed/proof/repair/phase12/plan07-v2/column-material-absent/evidence/authority/semantic-manifest.json: Permission denied
dataset/processed/proof/repair/phase12/plan07-v2/column-material-absent/evidence/authority/structural-restoration-audit.json: Permission denied
dataset/processed/proof/repair/phase12/plan07-v2/column-material-absent/evidence/authority/target-index.sqlite: Permission denied
dataset/processed/proof/repair/phase12/plan07-v2/column-material-absent/evidence/authority/target-resolution.json: Permission denied
dataset/processed/proof/repair/phase12/plan07-v2/column-material-absent/evidence/prior-FILES.json: Permission denied
dataset/processed/proof/repair/phase12/plan07-v2/column-material-absent/evidence/prior-REPORT.md: Permission denied
dataset/processed/proof/repair/phase12/plan07-v2/column-material-absent/evidence/review/agent/production-evidence.json: Permission denied
dataset/processed/proof/repair/phase12/plan07-v2/column-material-absent/evidence/review/agent/repair-intent.json: Permission denied
dataset/processed/proof/repair/phase12/plan07-v2/column-material-absent/evidence/review/agent/semantic-manifest.json: Permission denied
dataset/processed/proof/repair/phase12/plan07-v2/column-material-absent/evidence/review/agent/target-resolution.json: Permission denied
dataset/processed/proof/repair/phase12/plan07-v2/column-material-absent/evidence/review/changeset/bound-changeset.json: Permission denied
dataset/processed/proof/repair/phase12/plan07-v2/column-material-absent/evidence/review/input/request.txt: Permission denied
dataset/processed/proof/repair/phase12/plan07-v2/column-material-absent/evidence/review/private-evaluation/mutation-manifest.json: Permission denied
dataset/processed/proof/repair/phase12/plan07-v2/column-material-absent/evidence/review/private-evaluation/mutation-report.json: Permission denied
dataset/processed/proof/repair/phase12/plan07-v2/column-material-absent/evidence/review/validation/AUDIT-REPORT.md: Permission denied
dataset/processed/proof/repair/phase12/plan07-v2/column-material-absent/evidence/review/validation/application.json: Permission denied
dataset/processed/proof/repair/phase12/plan07-v2/column-material-absent/evidence/review/validation/ifc-comparison.json: Permission denied
dataset/processed/proof/repair/phase12/plan07-v2/column-material-absent/evidence/review/validation/production-boundary.json: Permission denied
dataset/processed/proof/repair/phase12/plan07-v2/column-material-absent/evidence/review/validation/production-evaluation.json: Permission denied
dataset/processed/proof/repair/phase12/plan07-v2/column-material-absent/evidence/review/validation/source-run-manifest.json: Permission denied
dataset/processed/proof/repair/phase12/plan07-v2/column-material-absent/evidence/review/validation/structural-restoration-audit.json: Permission denied
dataset/processed/proof/repair/phase12/plan07-v2/column-material-absent/request.txt: Permission denied
dataset/processed/proof/repair/phase12/plan07-v2/four-family-atomic/01-original.ifc: Permission denied
dataset/processed/proof/repair/phase12/plan07-v2/four-family-atomic/02-damaged.ifc: Permission denied
dataset/processed/proof/repair/phase12/plan07-v2/four-family-atomic/03-repaired.ifc: Permission denied
dataset/processed/proof/repair/phase12/plan07-v2/four-family-atomic/FILES.json: Permission denied
dataset/processed/proof/repair/phase12/plan07-v2/four-family-atomic/REPORT.md: Permission denied
dataset/processed/proof/repair/phase12/plan07-v2/four-family-atomic/evidence/README.md: Permission denied
dataset/processed/proof/repair/phase12/plan07-v2/four-family-atomic/evidence/authority/.validation-cache/6bf42b8f49be13da6fc56c1e3572ddbd9ef103fc040b42a96858c1773e63a462.json: Permission denied
dataset/processed/proof/repair/phase12/plan07-v2/four-family-atomic/evidence/authority/.validation-cache/b16b04b83c9acc695ada228c54094a7755d1a7eccaa5e3da026372e517849747.json: Permission denied
dataset/processed/proof/repair/phase12/plan07-v2/four-family-atomic/evidence/authority/FILES.json: Permission denied
dataset/processed/proof/repair/phase12/plan07-v2/four-family-atomic/evidence/authority/REPORT.md: Permission denied
dataset/processed/proof/repair/phase12/plan07-v2/four-family-atomic/evidence/authority/application.json: Permission denied
dataset/processed/proof/repair/phase12/plan07-v2/four-family-atomic/evidence/authority/changeset.json: Permission denied
dataset/processed/proof/repair/phase12/plan07-v2/four-family-atomic/evidence/authority/comparison.json: Permission denied
dataset/processed/proof/repair/phase12/plan07-v2/four-family-atomic/evidence/authority/evaluation.json: Permission denied
dataset/processed/proof/repair/phase12/plan07-v2/four-family-atomic/evidence/authority/manifest.json: Permission denied
dataset/processed/proof/repair/phase12/plan07-v2/four-family-atomic/evidence/authority/mutation_manifest.private.json: Permission denied
dataset/processed/proof/repair/phase12/plan07-v2/four-family-atomic/evidence/authority/production-boundary.json: Permission denied
dataset/processed/proof/repair/phase12/plan07-v2/four-family-atomic/evidence/authority/production-evidence.json: Permission denied
dataset/processed/proof/repair/phase12/plan07-v2/four-family-atomic/evidence/authority/public-request-bundle.json: Permission denied
dataset/processed/proof/repair/phase12/plan07-v2/four-family-atomic/evidence/authority/repair-intent.json: Permission denied
dataset/processed/proof/repair/phase12/plan07-v2/four-family-atomic/evidence/authority/semantic-manifests.json: Permission denied
dataset/processed/proof/repair/phase12/plan07-v2/four-family-atomic/evidence/authority/structural-restoration-audit.json: Permission denied
dataset/processed/proof/repair/phase12/plan07-v2/four-family-atomic/evidence/authority/target-index.sqlite: Permission denied
dataset/processed/proof/repair/phase12/plan07-v2/four-family-atomic/evidence/authority/target-resolution.json: Permission denied
dataset/processed/proof/repair/phase12/plan07-v2/four-family-atomic/evidence/prior-FILES.json: Permission denied
dataset/processed/proof/repair/phase12/plan07-v2/four-family-atomic/evidence/prior-REPORT.md: Permission denied
dataset/processed/proof/repair/phase12/plan07-v2/four-family-atomic/evidence/review/agent/production-evidence.json: Permission denied
dataset/processed/proof/repair/phase12/plan07-v2/four-family-atomic/evidence/review/agent/repair-intent.json: Permission denied
dataset/processed/proof/repair/phase12/plan07-v2/four-family-atomic/evidence/review/agent/semantic-manifests.json: Permission denied
dataset/processed/proof/repair/phase12/plan07-v2/four-family-atomic/evidence/review/agent/target-resolution.json: Permission denied
dataset/processed/proof/repair/phase12/plan07-v2/four-family-atomic/evidence/review/changeset/bound-changeset.json: Permission denied
dataset/processed/proof/repair/phase12/plan07-v2/four-family-atomic/evidence/review/input/request.txt: Permission denied
dataset/processed/proof/repair/phase12/plan07-v2/four-family-atomic/evidence/review/private-evaluation/mutation-manifest.json: Permission denied
dataset/processed/proof/repair/phase12/plan07-v2/four-family-atomic/evidence/review/validation/AUDIT-REPORT.md: Permission denied
dataset/processed/proof/repair/phase12/plan07-v2/four-family-atomic/evidence/review/validation/application.json: Permission denied
dataset/processed/proof/repair/phase12/plan07-v2/four-family-atomic/evidence/review/validation/ifc-comparison.json: Permission denied
dataset/processed/proof/repair/phase12/plan07-v2/four-family-atomic/evidence/review/validation/production-boundary.json: Permission denied
dataset/processed/proof/repair/phase12/plan07-v2/four-family-atomic/evidence/review/validation/production-evaluation.json: Permission denied
dataset/processed/proof/repair/phase12/plan07-v2/four-family-atomic/evidence/review/validation/source-run-manifest.json: Permission denied
dataset/processed/proof/repair/phase12/plan07-v2/four-family-atomic/evidence/review/validation/source/public-request-bundle.json: Permission denied
dataset/processed/proof/repair/phase12/plan07-v2/four-family-atomic/evidence/review/validation/structural-restoration-audit.json: Permission denied
dataset/processed/proof/repair/phase12/plan07-v2/four-family-atomic/request.txt: Permission denied
dataset/processed/proof/repair/phase12/plan07-v2/live-clarification/01-original.ifc: Permission denied
dataset/processed/proof/repair/phase12/plan07-v2/live-clarification/02-damaged.ifc: Permission denied
dataset/processed/proof/repair/phase12/plan07-v2/live-clarification/03-repaired.ifc: Permission denied
dataset/processed/proof/repair/phase12/plan07-v2/live-clarification/FILES.json: Permission denied
dataset/processed/proof/repair/phase12/plan07-v2/live-clarification/REPORT.md: Permission denied
dataset/processed/proof/repair/phase12/plan07-v2/live-clarification/evidence/README.md: Permission denied
dataset/processed/proof/repair/phase12/plan07-v2/live-clarification/evidence/authority/FILES.json: Permission denied
dataset/processed/proof/repair/phase12/plan07-v2/live-clarification/evidence/authority/REPORT.md: Permission denied
dataset/processed/proof/repair/phase12/plan07-v2/live-clarification/evidence/authority/application.json: Permission denied
dataset/processed/proof/repair/phase12/plan07-v2/live-clarification/evidence/authority/base-damage-manifest.json: Permission denied
dataset/processed/proof/repair/phase12/plan07-v2/live-clarification/evidence/authority/case-result.json: Permission denied
dataset/processed/proof/repair/phase12/plan07-v2/live-clarification/evidence/authority/changeset.json: Permission denied
dataset/processed/proof/repair/phase12/plan07-v2/live-clarification/evidence/authority/clarification-answer.txt: Permission denied
dataset/processed/proof/repair/phase12/plan07-v2/live-clarification/evidence/authority/evaluation.json: Permission denied
dataset/processed/proof/repair/phase12/plan07-v2/live-clarification/evidence/authority/mutation_manifest.private.json: Permission denied
dataset/processed/proof/repair/phase12/plan07-v2/live-clarification/evidence/authority/prompt-profile-selection.json: Permission denied
dataset/processed/proof/repair/phase12/plan07-v2/live-clarification/evidence/authority/proof-result.json: Permission denied
dataset/processed/proof/repair/phase12/plan07-v2/live-clarification/evidence/authority/provider-draft.json: Permission denied
dataset/processed/proof/repair/phase12/plan07-v2/live-clarification/evidence/authority/repair-intent.json: Permission denied
dataset/processed/proof/repair/phase12/plan07-v2/live-clarification/evidence/authority/source-role.json: Permission denied
dataset/processed/proof/repair/phase12/plan07-v2/live-clarification/evidence/authority/structural-restoration-audit.json: Permission denied
dataset/processed/proof/repair/phase12/plan07-v2/live-clarification/evidence/authority/target-resolution.json: Permission denied
dataset/processed/proof/repair/phase12/plan07-v2/live-clarification/evidence/prior-FILES.json: Permission denied
dataset/processed/proof/repair/phase12/plan07-v2/live-clarification/evidence/prior-REPORT.md: Permission denied
dataset/processed/proof/repair/phase12/plan07-v2/live-clarification/evidence/review/agent/prompt-profile-selection.json: Permission denied
dataset/processed/proof/repair/phase12/plan07-v2/live-clarification/evidence/review/agent/provider-attempts.json: Permission denied
dataset/processed/proof/repair/phase12/plan07-v2/live-clarification/evidence/review/agent/provider-draft.json: Permission denied
dataset/processed/proof/repair/phase12/plan07-v2/live-clarification/evidence/review/agent/repair-intent.json: Permission denied
dataset/processed/proof/repair/phase12/plan07-v2/live-clarification/evidence/review/agent/target-resolution.json: Permission denied
dataset/processed/proof/repair/phase12/plan07-v2/live-clarification/evidence/review/changeset/bound-changeset.json: Permission denied
dataset/processed/proof/repair/phase12/plan07-v2/live-clarification/evidence/review/input/clarification-answer.txt: Permission denied
dataset/processed/proof/repair/phase12/plan07-v2/live-clarification/evidence/review/input/request.txt: Permission denied
dataset/processed/proof/repair/phase12/plan07-v2/live-clarification/evidence/review/private-evaluation/mutation-manifest.json: Permission denied
dataset/processed/proof/repair/phase12/plan07-v2/live-clarification/evidence/review/private-evaluation/original-role.json: Permission denied
dataset/processed/proof/repair/phase12/plan07-v2/live-clarification/evidence/review/validation/AUDIT-REPORT.md: Permission denied
dataset/processed/proof/repair/phase12/plan07-v2/live-clarification/evidence/review/validation/application.json: Permission denied
dataset/processed/proof/repair/phase12/plan07-v2/live-clarification/evidence/review/validation/base-damage-source-manifest.json: Permission denied
dataset/processed/proof/repair/phase12/plan07-v2/live-clarification/evidence/review/validation/evidence-decision.json: Permission denied
dataset/processed/proof/repair/phase12/plan07-v2/live-clarification/evidence/review/validation/production-evaluation.json: Permission denied
dataset/processed/proof/repair/phase12/plan07-v2/live-clarification/evidence/review/validation/structural-restoration-audit.json: Permission denied
dataset/processed/proof/repair/phase12/plan07-v2/live-clarification/request.txt: Permission denied
dataset/processed/proof/repair/phase12/plan07-v2/live-complete/01-original.ifc: Permission denied
dataset/processed/proof/repair/phase12/plan07-v2/live-complete/02-damaged.ifc: Permission denied
dataset/processed/proof/repair/phase12/plan07-v2/live-complete/03-repaired.ifc: Permission denied
dataset/processed/proof/repair/phase12/plan07-v2/live-complete/FILES.json: Permission denied
dataset/processed/proof/repair/phase12/plan07-v2/live-complete/REPORT.md: Permission denied
dataset/processed/proof/repair/phase12/plan07-v2/live-complete/evidence/README.md: Permission denied
dataset/processed/proof/repair/phase12/plan07-v2/live-complete/evidence/authority/FILES.json: Permission denied
dataset/processed/proof/repair/phase12/plan07-v2/live-complete/evidence/authority/REPORT.md: Permission denied
dataset/processed/proof/repair/phase12/plan07-v2/live-complete/evidence/authority/application.json: Permission denied
dataset/processed/proof/repair/phase12/plan07-v2/live-complete/evidence/authority/base-damage-manifest.json: Permission denied
dataset/processed/proof/repair/phase12/plan07-v2/live-complete/evidence/authority/case-result.json: Permission denied
dataset/processed/proof/repair/phase12/plan07-v2/live-complete/evidence/authority/changeset.json: Permission denied
dataset/processed/proof/repair/phase12/plan07-v2/live-complete/evidence/authority/evaluation.json: Permission denied
dataset/processed/proof/repair/phase12/plan07-v2/live-complete/evidence/authority/mutation_manifest.private.json: Permission denied
dataset/processed/proof/repair/phase12/plan07-v2/live-complete/evidence/authority/prompt-profile-selection.json: Permission denied
dataset/processed/proof/repair/phase12/plan07-v2/live-complete/evidence/authority/proof-result.json: Permission denied
dataset/processed/proof/repair/phase12/plan07-v2/live-complete/evidence/authority/provider-draft.json: Permission denied
dataset/processed/proof/repair/phase12/plan07-v2/live-complete/evidence/authority/repair-intent.json: Permission denied
dataset/processed/proof/repair/phase12/plan07-v2/live-complete/evidence/authority/source-role.json: Permission denied
dataset/processed/proof/repair/phase12/plan07-v2/live-complete/evidence/authority/structural-restoration-audit.json: Permission denied
dataset/processed/proof/repair/phase12/plan07-v2/live-complete/evidence/authority/target-resolution.json: Permission denied
dataset/processed/proof/repair/phase12/plan07-v2/live-complete/evidence/prior-FILES.json: Permission denied
dataset/processed/proof/repair/phase12/plan07-v2/live-complete/evidence/prior-REPORT.md: Permission denied
dataset/processed/proof/repair/phase12/plan07-v2/live-complete/evidence/review/agent/prompt-profile-selection.json: Permission denied
dataset/processed/proof/repair/phase12/plan07-v2/live-complete/evidence/review/agent/provider-attempts.json: Permission denied
dataset/processed/proof/repair/phase12/plan07-v2/live-complete/evidence/review/agent/provider-draft.json: Permission denied
dataset/processed/proof/repair/phase12/plan07-v2/live-complete/evidence/review/agent/repair-intent.json: Permission denied
dataset/processed/proof/repair/phase12/plan07-v2/live-complete/evidence/review/agent/target-resolution.json: Permission denied
dataset/processed/proof/repair/phase12/plan07-v2/live-complete/evidence/review/changeset/bound-changeset.json: Permission denied
dataset/processed/proof/repair/phase12/plan07-v2/live-complete/evidence/review/input/request.txt: Permission denied
dataset/processed/proof/repair/phase12/plan07-v2/live-complete/evidence/review/private-evaluation/mutation-manifest.json: Permission denied
dataset/processed/proof/repair/phase12/plan07-v2/live-complete/evidence/review/private-evaluation/original-role.json: Permission denied
dataset/processed/proof/repair/phase12/plan07-v2/live-complete/evidence/review/validation/AUDIT-REPORT.md: Permission denied
dataset/processed/proof/repair/phase12/plan07-v2/live-complete/evidence/review/validation/application.json: Permission denied
dataset/processed/proof/repair/phase12/plan07-v2/live-complete/evidence/review/validation/base-damage-source-manifest.json: Permission denied
dataset/processed/proof/repair/phase12/plan07-v2/live-complete/evidence/review/validation/evidence-decision.json: Permission denied
dataset/processed/proof/repair/phase12/plan07-v2/live-complete/evidence/review/validation/production-evaluation.json: Permission denied
dataset/processed/proof/repair/phase12/plan07-v2/live-complete/evidence/review/validation/structural-restoration-audit.json: Permission denied
dataset/processed/proof/repair/phase12/plan07-v2/live-complete/request.txt: Permission denied
dataset/processed/proof/repair/phase12/plan07-v2/live-window-property/01-original.ifc: Permission denied
dataset/processed/proof/repair/phase12/plan07-v2/live-window-property/02-damaged.ifc: Permission denied
dataset/processed/proof/repair/phase12/plan07-v2/live-window-property/03-repaired.ifc: Permission denied
dataset/processed/proof/repair/phase12/plan07-v2/live-window-property/FILES.json: Permission denied
dataset/processed/proof/repair/phase12/plan07-v2/live-window-property/REPORT.md: Permission denied
dataset/processed/proof/repair/phase12/plan07-v2/live-window-property/evidence/README.md: Permission denied
dataset/processed/proof/repair/phase12/plan07-v2/live-window-property/evidence/authority/FILES.json: Permission denied
dataset/processed/proof/repair/phase12/plan07-v2/live-window-property/evidence/authority/REPORT.md: Permission denied
dataset/processed/proof/repair/phase12/plan07-v2/live-window-property/evidence/authority/application.json: Permission denied
dataset/processed/proof/repair/phase12/plan07-v2/live-window-property/evidence/authority/base-damage-manifest.json: Permission denied
dataset/processed/proof/repair/phase12/plan07-v2/live-window-property/evidence/authority/case-result.json: Permission denied
dataset/processed/proof/repair/phase12/plan07-v2/live-window-property/evidence/authority/changeset.json: Permission denied
dataset/processed/proof/repair/phase12/plan07-v2/live-window-property/evidence/authority/evaluation.json: Permission denied
dataset/processed/proof/repair/phase12/plan07-v2/live-window-property/evidence/authority/mutation_manifest.private.json: Permission denied
dataset/processed/proof/repair/phase12/plan07-v2/live-window-property/evidence/authority/prompt-profile-selection.json: Permission denied
dataset/processed/proof/repair/phase12/plan07-v2/live-window-property/evidence/authority/proof-result.json: Permission denied
dataset/processed/proof/repair/phase12/plan07-v2/live-window-property/evidence/authority/provider-draft.json: Permission denied
dataset/processed/proof/repair/phase12/plan07-v2/live-window-property/evidence/authority/repair-intent.json: Permission denied
dataset/processed/proof/repair/phase12/plan07-v2/live-window-property/evidence/authority/source-role.json: Permission denied
dataset/processed/proof/repair/phase12/plan07-v2/live-window-property/evidence/authority/target-resolution.json: Permission denied
dataset/processed/proof/repair/phase12/plan07-v2/live-window-property/evidence/prior-FILES.json: Permission denied
dataset/processed/proof/repair/phase12/plan07-v2/live-window-property/evidence/prior-REPORT.md: Permission denied
dataset/processed/proof/repair/phase12/plan07-v2/live-window-property/evidence/review/agent/prompt-profile-selection.json: Permission denied
dataset/processed/proof/repair/phase12/plan07-v2/live-window-property/evidence/review/agent/provider-attempts.json: Permission denied
dataset/processed/proof/repair/phase12/plan07-v2/live-window-property/evidence/review/agent/provider-draft.json: Permission denied
dataset/processed/proof/repair/phase12/plan07-v2/live-window-property/evidence/review/agent/repair-intent.json: Permission denied
dataset/processed/proof/repair/phase12/plan07-v2/live-window-property/evidence/review/agent/target-resolution.json: Permission denied
dataset/processed/proof/repair/phase12/plan07-v2/live-window-property/evidence/review/changeset/bound-changeset.json: Permission denied
dataset/processed/proof/repair/phase12/plan07-v2/live-window-property/evidence/review/input/request.txt: Permission denied
dataset/processed/proof/repair/phase12/plan07-v2/live-window-property/evidence/review/private-evaluation/mutation-manifest.json: Permission denied
dataset/processed/proof/repair/phase12/plan07-v2/live-window-property/evidence/review/private-evaluation/original-role.json: Permission denied
dataset/processed/proof/repair/phase12/plan07-v2/live-window-property/evidence/review/validation/AUDIT-REPORT.md: Permission denied
dataset/processed/proof/repair/phase12/plan07-v2/live-window-property/evidence/review/validation/application.json: Permission denied
dataset/processed/proof/repair/phase12/plan07-v2/live-window-property/evidence/review/validation/base-damage-source-manifest.json: Permission denied
dataset/processed/proof/repair/phase12/plan07-v2/live-window-property/evidence/review/validation/evidence-decision.json: Permission denied
dataset/processed/proof/repair/phase12/plan07-v2/live-window-property/evidence/review/validation/production-evaluation.json: Permission denied
dataset/processed/proof/repair/phase12/plan07-v2/live-window-property/request.txt: Permission denied
dataset/processed/proof/repair/phase12/plan07-v2/program-guard/02-damaged.ifc: Permission denied
dataset/processed/proof/repair/phase12/plan07-v2/program-guard/FILES.json: Permission denied
dataset/processed/proof/repair/phase12/plan07-v2/program-guard/NO-REPAIR.md: Permission denied
dataset/processed/proof/repair/phase12/plan07-v2/program-guard/REPORT.md: Permission denied
dataset/processed/proof/repair/phase12/plan07-v2/program-guard/evidence/README.md: Permission denied
dataset/processed/proof/repair/phase12/plan07-v2/program-guard/evidence/authority/FILES.json: Permission denied
dataset/processed/proof/repair/phase12/plan07-v2/program-guard/evidence/authority/NO-REPAIR.md: Permission denied
dataset/processed/proof/repair/phase12/plan07-v2/program-guard/evidence/authority/REPORT.md: Permission denied
dataset/processed/proof/repair/phase12/plan07-v2/program-guard/evidence/authority/case-result.json: Permission denied
dataset/processed/proof/repair/phase12/plan07-v2/program-guard/evidence/authority/proof-result.json: Permission denied
dataset/processed/proof/repair/phase12/plan07-v2/program-guard/evidence/prior-FILES.json: Permission denied
dataset/processed/proof/repair/phase12/plan07-v2/program-guard/evidence/prior-REPORT.md: Permission denied
dataset/processed/proof/repair/phase12/plan07-v2/program-guard/evidence/review/agent/provider-attempts.json: Permission denied
dataset/processed/proof/repair/phase12/plan07-v2/program-guard/evidence/review/input/request.txt: Permission denied
dataset/processed/proof/repair/phase12/plan07-v2/program-guard/evidence/review/validation/AUDIT-REPORT.md: Permission denied
dataset/processed/proof/repair/phase12/plan07-v2/program-guard/evidence/review/validation/evidence-decision.json: Permission denied
dataset/processed/proof/repair/phase12/plan07-v2/program-guard/request.txt: Permission denied
warning: in the working copy of 'src/text2ifc_agent/interactive_cli_flow.py', LF will be replaced by CRLF the next time Git touches it
warning: in the working copy of 'tests/agent/test_phase6_2_fix_repl_cli.py', LF will be replaced by CRLF the next time Git touches it
warning: in the working copy of 'tests/ifc_repair/conftest.py', LF will be replaced by CRLF the next time Git touches it
warning: in the working copy of 'tests/ifc_repair/test_audit.py', LF will be replaced by CRLF the next time Git touches it
warning: in the working copy of 'tests/ifc_repair/test_door_geometry_regression.py', LF will be replaced by CRLF the next time Git touches it
warning: in the working copy of 'tests/ifc_repair/test_door_triplet_audit.py', LF will be replaced by CRLF the next time Git touches it
warning: in the working copy of 'tests/ifc_repair/test_indexer.py', LF will be replaced by CRLF the next time Git touches it
